172.18.0.1 - - [22/Mar/2020:08:00:19 +0000] "GET /bitrix/admin/site_checker.php?HTTP_HOST=site1.loc&SERVER_PORT=&HTTPS=&test_start=Y&lang=ru&sessid=cc6f6fbe67972538a19a8733021b43f7&step=18&global_test_vars=YTozOntzOjIwOiJzaXRlX2NoZWNrZXJfc3VjY2VzcyI7czoxOiJOIjtzOjEwOiJsYXN0X3ZhbHVlIjtzOjA6IiI7czoxNjoiY2hlY2tfYnhfY3JvbnRhYiI7YjowO30= HTTP/1.1" 200 990 "http://site1.loc/bitrix/admin/site_checker.php?lang=ru" "Mozilla/5.0 (X11; Linux x86_64) AppleWebKit/537.36 (KHTML, like Gecko) Chrome/80.0.3987.132 Safari/537.36"
172.18.0.1 - - [22/Mar/2020:08:00:19 +0000] "GET /bitrix/admin/site_checker.php?HTTP_HOST=site1.loc&SERVER_PORT=&HTTPS=&test_start=Y&lang=ru&sessid=cc6f6fbe67972538a19a8733021b43f7&step=19&global_test_vars=YTozOntzOjIwOiJzaXRlX2NoZWNrZXJfc3VjY2VzcyI7czoxOiJOIjtzOjEwOiJsYXN0X3ZhbHVlIjtzOjA6IiI7czoxNjoiY2hlY2tfYnhfY3JvbnRhYiI7YjowO30= HTTP/1.1" 200 986 "http://site1.loc/bitrix/admin/site_checker.php?lang=ru" "Mozilla/5.0 (X11; Linux x86_64) AppleWebKit/537.36 (KHTML, like Gecko) Chrome/80.0.3987.132 Safari/537.36"
172.18.0.1 - - [22/Mar/2020:08:00:19 +0000] "GET /bitrix/admin/site_checker.php?HTTP_HOST=site1.loc&SERVER_PORT=&HTTPS=&test_start=Y&lang=ru&sessid=cc6f6fbe67972538a19a8733021b43f7&step=20&global_test_vars=YTozOntzOjIwOiJzaXRlX2NoZWNrZXJfc3VjY2VzcyI7czoxOiJOIjtzOjEwOiJsYXN0X3ZhbHVlIjtzOjA6IiI7czoxNjoiY2hlY2tfYnhfY3JvbnRhYiI7YjowO30= HTTP/1.1" 200 1025 "http://site1.loc/bitrix/admin/site_checker.php?lang=ru" "Mozilla/5.0 (X11; Linux x86_64) AppleWebKit/537.36 (KHTML, like Gecko) Chrome/80.0.3987.132 Safari/537.36"
172.18.0.1 - - [22/Mar/2020:08:00:19 +0000] "GET /bitrix/admin/site_checker.php?HTTP_HOST=site1.loc&SERVER_PORT=&HTTPS=&test_start=Y&lang=ru&sessid=cc6f6fbe67972538a19a8733021b43f7&step=21&global_test_vars=YTozOntzOjIwOiJzaXRlX2NoZWNrZXJfc3VjY2VzcyI7czoxOiJOIjtzOjEwOiJsYXN0X3ZhbHVlIjtzOjA6IiI7czoxNjoiY2hlY2tfYnhfY3JvbnRhYiI7YjowO30= HTTP/1.1" 200 1021 "http://site1.loc/bitrix/admin/site_checker.php?lang=ru" "Mozilla/5.0 (X11; Linux x86_64) AppleWebKit/537.36 (KHTML, like Gecko) Chrome/80.0.3987.132 Safari/537.36"
127.0.0.1 - - [22/Mar/2020:08:00:19 +0000] "GET /bitrix/admin/site_checker.php?test_type=redirect_test&unique_id=c370e4b2ea5a7af5ad4ac1bde890fb85&SERVER_PORT=80&HTTPS=&FCGI_ROLE=&HTTP_HOST=site1.loc&SERVER_PROTOCOL=HTTP%2F1.1 HTTP/1.1" 302 469 "-" "-"
172.18.0.1 - - [22/Mar/2020:08:00:19 +0000] "GET /bitrix/admin/site_checker.php?HTTP_HOST=site1.loc&SERVER_PORT=&HTTPS=&test_start=Y&lang=ru&sessid=cc6f6fbe67972538a19a8733021b43f7&step=22&global_test_vars=YTozOntzOjIwOiJzaXRlX2NoZWNrZXJfc3VjY2VzcyI7czoxOiJOIjtzOjEwOiJsYXN0X3ZhbHVlIjtzOjA6IiI7czoxNjoiY2hlY2tfYnhfY3JvbnRhYiI7YjowO30= HTTP/1.1" 200 1049 "http://site1.loc/bitrix/admin/site_checker.php?lang=ru" "Mozilla/5.0 (X11; Linux x86_64) AppleWebKit/537.36 (KHTML, like Gecko) Chrome/80.0.3987.132 Safari/537.36"
127.0.0.1 - - [22/Mar/2020:08:00:20 +0000] "GET /bitrix/admin/site_checker.php?test_type=redirect_test&unique_id=c370e4b2ea5a7af5ad4ac1bde890fb85&SERVER_PORT=80&HTTPS=&FCGI_ROLE=&HTTP_HOST=site1.loc&SERVER_PROTOCOL=HTTP%2F1.1&done=Y HTTP/1.1" 200 180 "-" "-"
172.18.0.1 - - [22/Mar/2020:08:00:19 +0000] "GET /bitrix/admin/site_checker.php?HTTP_HOST=site1.loc&SERVER_PORT=&HTTPS=&test_start=Y&lang=ru&sessid=cc6f6fbe67972538a19a8733021b43f7&step=22&global_test_vars=YTozOntzOjIwOiJzaXRlX2NoZWNrZXJfc3VjY2VzcyI7czoxOiJOIjtzOjEwOiJsYXN0X3ZhbHVlIjtzOjgyOiJodHRwOi8vc2l0ZTEubG9jP3JlZGlyZWN0X3Rlc3Q9WSZkb25lPVkmdW5pcXVlX2lkPWMzNzBlNGIyZWE1YTdhZjVhZDRhYzFiZGU4OTBmYjg1IjtzOjE2OiJjaGVja19ieF9jcm9udGFiIjtiOjA7fQ== HTTP/1.1" 200 1005 "http://site1.loc/bitrix/admin/site_checker.php?lang=ru" "Mozilla/5.0 (X11; Linux x86_64) AppleWebKit/537.36 (KHTML, like Gecko) Chrome/80.0.3987.132 Safari/537.36"
127.0.0.1 - - [22/Mar/2020:08:00:20 +0000] "GET /bitrix/admin/site_checker.php?test_type=memory_test&unique_id=c370e4b2ea5a7af5ad4ac1bde890fb85&max=15 HTTP/1.1" 200 180 "-" "-"
172.18.0.1 - - [22/Mar/2020:08:00:20 +0000] "GET /bitrix/admin/site_checker.php?HTTP_HOST=site1.loc&SERVER_PORT=&HTTPS=&test_start=Y&lang=ru&sessid=cc6f6fbe67972538a19a8733021b43f7&step=23&global_test_vars=YTozOntzOjIwOiJzaXRlX2NoZWNrZXJfc3VjY2VzcyI7czoxOiJOIjtzOjEwOiJsYXN0X3ZhbHVlIjtzOjA6IiI7czoxNjoiY2hlY2tfYnhfY3JvbnRhYiI7YjowO30= HTTP/1.1" 200 969 "http://site1.loc/bitrix/admin/site_checker.php?lang=ru" "Mozilla/5.0 (X11; Linux x86_64) AppleWebKit/537.36 (KHTML, like Gecko) Chrome/80.0.3987.132 Safari/537.36"
127.0.0.1 - - [22/Mar/2020:08:00:20 +0000] "GET /bitrix/admin/site_checker.php?test_type=memory_test&unique_id=c370e4b2ea5a7af5ad4ac1bde890fb85&max=31 HTTP/1.1" 200 180 "-" "-"
172.18.0.1 - - [22/Mar/2020:08:00:20 +0000] "GET /bitrix/admin/site_checker.php?HTTP_HOST=site1.loc&SERVER_PORT=&HTTPS=&test_start=Y&lang=ru&sessid=cc6f6fbe67972538a19a8733021b43f7&step=23&global_test_vars=YTozOntzOjIwOiJzaXRlX2NoZWNrZXJfc3VjY2VzcyI7czoxOiJOIjtzOjEwOiJsYXN0X3ZhbHVlIjtzOjMyOiJhOjM6e2k6MDtpOjE2O2k6MTtpOjMyO2k6MjtpOjI7fSI7czoxNjoiY2hlY2tfYnhfY3JvbnRhYiI7YjowO30= HTTP/1.1" 200 968 "http://site1.loc/bitrix/admin/site_checker.php?lang=ru" "Mozilla/5.0 (X11; Linux x86_64) AppleWebKit/537.36 (KHTML, like Gecko) Chrome/80.0.3987.132 Safari/537.36"
127.0.0.1 - - [22/Mar/2020:08:00:20 +0000] "GET /bitrix/admin/site_checker.php?test_type=memory_test&unique_id=c370e4b2ea5a7af5ad4ac1bde890fb85&max=63 HTTP/1.1" 200 180 "-" "-"
172.18.0.1 - - [22/Mar/2020:08:00:20 +0000] "GET /bitrix/admin/site_checker.php?HTTP_HOST=site1.loc&SERVER_PORT=&HTTPS=&test_start=Y&lang=ru&sessid=cc6f6fbe67972538a19a8733021b43f7&step=23&global_test_vars=YTozOntzOjIwOiJzaXRlX2NoZWNrZXJfc3VjY2VzcyI7czoxOiJOIjtzOjEwOiJsYXN0X3ZhbHVlIjtzOjMyOiJhOjM6e2k6MDtpOjMyO2k6MTtpOjY0O2k6MjtpOjM7fSI7czoxNjoiY2hlY2tfYnhfY3JvbnRhYiI7YjowO30= HTTP/1.1" 200 970 "http://site1.loc/bitrix/admin/site_checker.php?lang=ru" "Mozilla/5.0 (X11; Linux x86_64) AppleWebKit/537.36 (KHTML, like Gecko) Chrome/80.0.3987.132 Safari/537.36"
127.0.0.1 - - [22/Mar/2020:08:00:20 +0000] "GET /bitrix/admin/site_checker.php?test_type=memory_test&unique_id=c370e4b2ea5a7af5ad4ac1bde890fb85&max=127 HTTP/1.1" 200 180 "-" "-"
172.18.0.1 - - [22/Mar/2020:08:00:20 +0000] "GET /bitrix/admin/site_checker.php?HTTP_HOST=site1.loc&SERVER_PORT=&HTTPS=&test_start=Y&lang=ru&sessid=cc6f6fbe67972538a19a8733021b43f7&step=23&global_test_vars=YTozOntzOjIwOiJzaXRlX2NoZWNrZXJfc3VjY2VzcyI7czoxOiJOIjtzOjEwOiJsYXN0X3ZhbHVlIjtzOjMzOiJhOjM6e2k6MDtpOjY0O2k6MTtpOjEyODtpOjI7aTo0O30iO3M6MTY6ImNoZWNrX2J4X2Nyb250YWIiO2I6MDt9 HTTP/1.1" 200 974 "http://site1.loc/bitrix/admin/site_checker.php?lang=ru" "Mozilla/5.0 (X11; Linux x86_64) AppleWebKit/537.36 (KHTML, like Gecko) Chrome/80.0.3987.132 Safari/537.36"
127.0.0.1 - - [22/Mar/2020:08:00:35 +0000] "GET /bitrix/admin/site_checker.php?test_type=memory_test&unique_id=c370e4b2ea5a7af5ad4ac1bde890fb85&max=255 HTTP/1.1" 200 180 "-" "-"
172.18.0.1 - - [22/Mar/2020:08:00:35 +0000] "GET /bitrix/admin/site_checker.php?HTTP_HOST=site1.loc&SERVER_PORT=&HTTPS=&test_start=Y&lang=ru&sessid=cc6f6fbe67972538a19a8733021b43f7&step=23&global_test_vars=YTozOntzOjIwOiJzaXRlX2NoZWNrZXJfc3VjY2VzcyI7czoxOiJOIjtzOjEwOiJsYXN0X3ZhbHVlIjtzOjM0OiJhOjM6e2k6MDtpOjEyODtpOjE7aToyNTY7aToyO2k6NTt9IjtzOjE2OiJjaGVja19ieF9jcm9udGFiIjtiOjA7fQ== HTTP/1.1" 200 989 "http://site1.loc/bitrix/admin/site_checker.php?lang=ru" "Mozilla/5.0 (X11; Linux x86_64) AppleWebKit/537.36 (KHTML, like Gecko) Chrome/80.0.3987.132 Safari/537.36"
172.18.0.1 - - [22/Mar/2020:08:01:01 +0000] "GET /bitrix/admin/site_checker.php?HTTP_HOST=site1.loc&SERVER_PORT=&HTTPS=&test_start=Y&lang=ru&sessid=cc6f6fbe67972538a19a8733021b43f7&step=24&global_test_vars=YTozOntzOjIwOiJzaXRlX2NoZWNrZXJfc3VjY2VzcyI7czoxOiJOIjtzOjEwOiJsYXN0X3ZhbHVlIjtzOjA6IiI7czoxNjoiY2hlY2tfYnhfY3JvbnRhYiI7YjowO30= HTTP/1.1" 200 974 "http://site1.loc/bitrix/admin/site_checker.php?lang=ru" "Mozilla/5.0 (X11; Linux x86_64) AppleWebKit/537.36 (KHTML, like Gecko) Chrome/80.0.3987.132 Safari/537.36"
172.18.0.1 - - [22/Mar/2020:08:01:02 +0000] "GET /bitrix/admin/site_checker.php?HTTP_HOST=site1.loc&SERVER_PORT=&HTTPS=&test_start=Y&lang=ru&sessid=cc6f6fbe67972538a19a8733021b43f7&step=25&global_test_vars=YTozOntzOjIwOiJzaXRlX2NoZWNrZXJfc3VjY2VzcyI7czoxOiJOIjtzOjEwOiJsYXN0X3ZhbHVlIjtzOjA6IiI7czoxNjoiY2hlY2tfYnhfY3JvbnRhYiI7YjowO30= HTTP/1.1" 200 970 "http://site1.loc/bitrix/admin/site_checker.php?lang=ru" "Mozilla/5.0 (X11; Linux x86_64) AppleWebKit/537.36 (KHTML, like Gecko) Chrome/80.0.3987.132 Safari/537.36"
127.0.0.1 - test_user [22/Mar/2020:08:01:02 +0000] "GET /bitrix/admin/site_checker.php?test_type=auth_test&unique_id=c370e4b2ea5a7af5ad4ac1bde890fb85 HTTP/1.1" 200 180 "-" "-"
172.18.0.1 - - [22/Mar/2020:08:01:02 +0000] "GET /bitrix/admin/site_checker.php?HTTP_HOST=site1.loc&SERVER_PORT=&HTTPS=&test_start=Y&lang=ru&sessid=cc6f6fbe67972538a19a8733021b43f7&step=26&global_test_vars=YTozOntzOjIwOiJzaXRlX2NoZWNrZXJfc3VjY2VzcyI7czoxOiJOIjtzOjEwOiJsYXN0X3ZhbHVlIjtzOjA6IiI7czoxNjoiY2hlY2tfYnhfY3JvbnRhYiI7YjowO30= HTTP/1.1" 200 970 "http://site1.loc/bitrix/admin/site_checker.php?lang=ru" "Mozilla/5.0 (X11; Linux x86_64) AppleWebKit/537.36 (KHTML, like Gecko) Chrome/80.0.3987.132 Safari/537.36"
127.0.0.1 - - [22/Mar/2020:08:01:02 +0000] "GET /bitrix/site_check_exec.php HTTP/1.1" 200 180 "-" "-"
172.18.0.1 - - [22/Mar/2020:08:01:02 +0000] "GET /bitrix/admin/site_checker.php?HTTP_HOST=site1.loc&SERVER_PORT=&HTTPS=&test_start=Y&lang=ru&sessid=cc6f6fbe67972538a19a8733021b43f7&step=27&global_test_vars=YTozOntzOjIwOiJzaXRlX2NoZWNrZXJfc3VjY2VzcyI7czoxOiJOIjtzOjEwOiJsYXN0X3ZhbHVlIjtzOjA6IiI7czoxNjoiY2hlY2tfYnhfY3JvbnRhYiI7YjowO30= HTTP/1.1" 200 970 "http://site1.loc/bitrix/admin/site_checker.php?lang=ru" "Mozilla/5.0 (X11; Linux x86_64) AppleWebKit/537.36 (KHTML, like Gecko) Chrome/80.0.3987.132 Safari/537.36"
172.18.0.1 - - [22/Mar/2020:08:01:02 +0000] "GET /bitrix/admin/site_checker.php?HTTP_HOST=site1.loc&SERVER_PORT=&HTTPS=&test_start=Y&lang=ru&sessid=cc6f6fbe67972538a19a8733021b43f7&step=28&global_test_vars=YTozOntzOjIwOiJzaXRlX2NoZWNrZXJfc3VjY2VzcyI7czoxOiJOIjtzOjEwOiJsYXN0X3ZhbHVlIjtzOjA6IiI7czoxNjoiY2hlY2tfYnhfY3JvbnRhYiI7YjowO30= HTTP/1.1" 200 962 "http://site1.loc/bitrix/admin/site_checker.php?lang=ru" "Mozilla/5.0 (X11; Linux x86_64) AppleWebKit/537.36 (KHTML, like Gecko) Chrome/80.0.3987.132 Safari/537.36"
172.18.0.1 - - [22/Mar/2020:08:01:02 +0000] "GET /bitrix/admin/site_checker.php?HTTP_HOST=site1.loc&SERVER_PORT=&HTTPS=&test_start=Y&lang=ru&sessid=cc6f6fbe67972538a19a8733021b43f7&step=29&global_test_vars=YTozOntzOjIwOiJzaXRlX2NoZWNrZXJfc3VjY2VzcyI7czoxOiJOIjtzOjEwOiJsYXN0X3ZhbHVlIjtzOjA6IiI7czoxNjoiY2hlY2tfYnhfY3JvbnRhYiI7YjowO30= HTTP/1.1" 200 971 "http://site1.loc/bitrix/admin/site_checker.php?lang=ru" "Mozilla/5.0 (X11; Linux x86_64) AppleWebKit/537.36 (KHTML, like Gecko) Chrome/80.0.3987.132 Safari/537.36"
172.18.0.1 - - [22/Mar/2020:08:01:02 +0000] "GET /bitrix/admin/site_checker.php?HTTP_HOST=site1.loc&SERVER_PORT=&HTTPS=&test_start=Y&lang=ru&sessid=cc6f6fbe67972538a19a8733021b43f7&step=30&global_test_vars=YTozOntzOjIwOiJzaXRlX2NoZWNrZXJfc3VjY2VzcyI7czoxOiJOIjtzOjEwOiJsYXN0X3ZhbHVlIjtzOjA6IiI7czoxNjoiY2hlY2tfYnhfY3JvbnRhYiI7YjowO30= HTTP/1.1" 200 1012 "http://site1.loc/bitrix/admin/site_checker.php?lang=ru" "Mozilla/5.0 (X11; Linux x86_64) AppleWebKit/537.36 (KHTML, like Gecko) Chrome/80.0.3987.132 Safari/537.36"
172.18.0.1 - - [22/Mar/2020:08:01:03 +0000] "GET /bitrix/admin/site_checker.php?HTTP_HOST=site1.loc&SERVER_PORT=&HTTPS=&test_start=Y&lang=ru&sessid=cc6f6fbe67972538a19a8733021b43f7&step=31&global_test_vars=YTozOntzOjIwOiJzaXRlX2NoZWNrZXJfc3VjY2VzcyI7czoxOiJOIjtzOjEwOiJsYXN0X3ZhbHVlIjtzOjA6IiI7czoxNjoiY2hlY2tfYnhfY3JvbnRhYiI7YjowO30= HTTP/1.1" 200 1008 "http://site1.loc/bitrix/admin/site_checker.php?lang=ru" "Mozilla/5.0 (X11; Linux x86_64) AppleWebKit/537.36 (KHTML, like Gecko) Chrome/80.0.3987.132 Safari/537.36"
172.18.0.1 - - [22/Mar/2020:08:01:03 +0000] "GET /bitrix/admin/site_checker.php?HTTP_HOST=site1.loc&SERVER_PORT=&HTTPS=&test_start=Y&lang=ru&sessid=cc6f6fbe67972538a19a8733021b43f7&step=32&global_test_vars=YTozOntzOjIwOiJzaXRlX2NoZWNrZXJfc3VjY2VzcyI7czoxOiJOIjtzOjEwOiJsYXN0X3ZhbHVlIjtzOjA6IiI7czoxNjoiY2hlY2tfYnhfY3JvbnRhYiI7YjowO30= HTTP/1.1" 200 953 "http://site1.loc/bitrix/admin/site_checker.php?lang=ru" "Mozilla/5.0 (X11; Linux x86_64) AppleWebKit/537.36 (KHTML, like Gecko) Chrome/80.0.3987.132 Safari/537.36"
172.18.0.1 - - [22/Mar/2020:08:01:03 +0000] "GET /bitrix/admin/site_checker.php?HTTP_HOST=site1.loc&SERVER_PORT=&HTTPS=&test_start=Y&lang=ru&sessid=cc6f6fbe67972538a19a8733021b43f7&step=33&global_test_vars=YTozOntzOjIwOiJzaXRlX2NoZWNrZXJfc3VjY2VzcyI7czoxOiJOIjtzOjEwOiJsYXN0X3ZhbHVlIjtzOjA6IiI7czoxNjoiY2hlY2tfYnhfY3JvbnRhYiI7YjowO30= HTTP/1.1" 200 957 "http://site1.loc/bitrix/admin/site_checker.php?lang=ru" "Mozilla/5.0 (X11; Linux x86_64) AppleWebKit/537.36 (KHTML, like Gecko) Chrome/80.0.3987.132 Safari/537.36"
172.18.0.1 - - [22/Mar/2020:08:01:03 +0000] "GET /bitrix/admin/site_checker.php?HTTP_HOST=site1.loc&SERVER_PORT=&HTTPS=&test_start=Y&lang=ru&sessid=cc6f6fbe67972538a19a8733021b43f7&step=34&global_test_vars=YTozOntzOjIwOiJzaXRlX2NoZWNrZXJfc3VjY2VzcyI7czoxOiJOIjtzOjEwOiJsYXN0X3ZhbHVlIjtzOjA6IiI7czoxNjoiY2hlY2tfYnhfY3JvbnRhYiI7YjowO30= HTTP/1.1" 200 969 "http://site1.loc/bitrix/admin/site_checker.php?lang=ru" "Mozilla/5.0 (X11; Linux x86_64) AppleWebKit/537.36 (KHTML, like Gecko) Chrome/80.0.3987.132 Safari/537.36"
172.18.0.1 - - [22/Mar/2020:08:01:04 +0000] "GET /bitrix/admin/site_checker.php?HTTP_HOST=site1.loc&SERVER_PORT=&HTTPS=&test_start=Y&lang=ru&sessid=cc6f6fbe67972538a19a8733021b43f7&step=35&global_test_vars=YTozOntzOjIwOiJzaXRlX2NoZWNrZXJfc3VjY2VzcyI7czoxOiJOIjtzOjEwOiJsYXN0X3ZhbHVlIjtzOjA6IiI7czoxNjoiY2hlY2tfYnhfY3JvbnRhYiI7YjowO30= HTTP/1.1" 200 940 "http://site1.loc/bitrix/admin/site_checker.php?lang=ru" "Mozilla/5.0 (X11; Linux x86_64) AppleWebKit/537.36 (KHTML, like Gecko) Chrome/80.0.3987.132 Safari/537.36"
172.18.0.1 - - [22/Mar/2020:08:01:08 +0000] "GET /bitrix/admin/site_checker.php?HTTP_HOST=site1.loc&SERVER_PORT=&HTTPS=&test_start=Y&lang=ru&sessid=cc6f6fbe67972538a19a8733021b43f7&step=35&global_test_vars=YTozOntzOjIwOiJzaXRlX2NoZWNrZXJfc3VjY2VzcyI7czoxOiJOIjtzOjEwOiJsYXN0X3ZhbHVlIjtzOjc6InBlcmZtb24iO3M6MTY6ImNoZWNrX2J4X2Nyb250YWIiO2I6MDt9 HTTP/1.1" 200 944 "http://site1.loc/bitrix/admin/site_checker.php?lang=ru" "Mozilla/5.0 (X11; Linux x86_64) AppleWebKit/537.36 (KHTML, like Gecko) Chrome/80.0.3987.132 Safari/537.36"
172.18.0.1 - - [22/Mar/2020:08:01:08 +0000] "GET /bitrix/admin/site_checker.php?HTTP_HOST=site1.loc&SERVER_PORT=&HTTPS=&test_start=Y&lang=ru&sessid=cc6f6fbe67972538a19a8733021b43f7&step=35&global_test_vars=YTozOntzOjIwOiJzaXRlX2NoZWNrZXJfc3VjY2VzcyI7czoxOiJOIjtzOjE2OiJjaGVja19ieF9jcm9udGFiIjtiOjA7czoxMDoibGFzdF92YWx1ZSI7czoxMjoiYjI0Y29ubmVjdG9yIjt9 HTTP/1.1" 200 932 "http://site1.loc/bitrix/admin/site_checker.php?lang=ru" "Mozilla/5.0 (X11; Linux x86_64) AppleWebKit/537.36 (KHTML, like Gecko) Chrome/80.0.3987.132 Safari/537.36"
172.18.0.1 - - [22/Mar/2020:08:01:11 +0000] "GET /bitrix/admin/site_checker.php?HTTP_HOST=site1.loc&SERVER_PORT=&HTTPS=&test_start=Y&lang=ru&sessid=cc6f6fbe67972538a19a8733021b43f7&step=35&global_test_vars=YTozOntzOjIwOiJzaXRlX2NoZWNrZXJfc3VjY2VzcyI7czoxOiJOIjtzOjE2OiJjaGVja19ieF9jcm9udGFiIjtiOjA7czoxMDoibGFzdF92YWx1ZSI7czo0OiJyZXN0Ijt9 HTTP/1.1" 200 942 "http://site1.loc/bitrix/admin/site_checker.php?lang=ru" "Mozilla/5.0 (X11; Linux x86_64) AppleWebKit/537.36 (KHTML, like Gecko) Chrome/80.0.3987.132 Safari/537.36"
172.18.0.1 - - [22/Mar/2020:08:01:14 +0000] "GET /bitrix/admin/site_checker.php?HTTP_HOST=site1.loc&SERVER_PORT=&HTTPS=&test_start=Y&lang=ru&sessid=cc6f6fbe67972538a19a8733021b43f7&step=35&global_test_vars=YTozOntzOjIwOiJzaXRlX2NoZWNrZXJfc3VjY2VzcyI7czoxOiJOIjtzOjE2OiJjaGVja19ieF9jcm9udGFiIjtiOjA7czoxMDoibGFzdF92YWx1ZSI7czo4OiJzZWN1cml0eSI7fQ== HTTP/1.1" 200 933 "http://site1.loc/bitrix/admin/site_checker.php?lang=ru" "Mozilla/5.0 (X11; Linux x86_64) AppleWebKit/537.36 (KHTML, like Gecko) Chrome/80.0.3987.132 Safari/537.36"
172.18.0.1 - - [22/Mar/2020:08:01:18 +0000] "GET /bitrix/admin/site_checker.php?HTTP_HOST=site1.loc&SERVER_PORT=&HTTPS=&test_start=Y&lang=ru&sessid=cc6f6fbe67972538a19a8733021b43f7&step=35&global_test_vars=YTozOntzOjIwOiJzaXRlX2NoZWNrZXJfc3VjY2VzcyI7czoxOiJOIjtzOjE2OiJjaGVja19ieF9jcm9udGFiIjtiOjA7czoxMDoibGFzdF92YWx1ZSI7czo0OiJibG9nIjt9 HTTP/1.1" 200 937 "http://site1.loc/bitrix/admin/site_checker.php?lang=ru" "Mozilla/5.0 (X11; Linux x86_64) AppleWebKit/537.36 (KHTML, like Gecko) Chrome/80.0.3987.132 Safari/537.36"
172.18.0.1 - - [22/Mar/2020:08:01:20 +0000] "GET /bitrix/admin/site_checker.php?HTTP_HOST=site1.loc&SERVER_PORT=&HTTPS=&test_start=Y&lang=ru&sessid=cc6f6fbe67972538a19a8733021b43f7&step=35&global_test_vars=YTozOntzOjIwOiJzaXRlX2NoZWNrZXJfc3VjY2VzcyI7czoxOiJOIjtzOjE2OiJjaGVja19ieF9jcm9udGFiIjtiOjA7czoxMDoibGFzdF92YWx1ZSI7czo3OiJmaWxlbWFuIjt9 HTTP/1.1" 200 938 "http://site1.loc/bitrix/admin/site_checker.php?lang=ru" "Mozilla/5.0 (X11; Linux x86_64) AppleWebKit/537.36 (KHTML, like Gecko) Chrome/80.0.3987.132 Safari/537.36"
172.18.0.1 - - [22/Mar/2020:08:01:21 +0000] "GET /bitrix/admin/site_checker.php?HTTP_HOST=site1.loc&SERVER_PORT=&HTTPS=&test_start=Y&lang=ru&sessid=cc6f6fbe67972538a19a8733021b43f7&step=35&global_test_vars=YTozOntzOjIwOiJzaXRlX2NoZWNrZXJfc3VjY2VzcyI7czoxOiJOIjtzOjE2OiJjaGVja19ieF9jcm9udGFiIjtiOjA7czoxMDoibGFzdF92YWx1ZSI7czo2OiJjbG91ZHMiO30= HTTP/1.1" 200 1358 "http://site1.loc/bitrix/admin/site_checker.php?lang=ru" "Mozilla/5.0 (X11; Linux x86_64) AppleWebKit/537.36 (KHTML, like Gecko) Chrome/80.0.3987.132 Safari/537.36"
172.18.0.1 - - [22/Mar/2020:11:55:02 +0000] "GET / HTTP/1.1" 200 9419 "http://localhost:9000/" "Mozilla/5.0 (X11; Linux x86_64) AppleWebKit/537.36 (KHTML, like Gecko) Chrome/80.0.3987.132 Safari/537.36"
172.18.0.1 - - [22/Mar/2020:11:55:09 +0000] "GET /bitrix/js/main/core/css/core.min.css?15848628082854 HTTP/1.1" 200 1174 "http://0.0.0.0/" "Mozilla/5.0 (X11; Linux x86_64) AppleWebKit/537.36 (KHTML, like Gecko) Chrome/80.0.3987.132 Safari/537.36"
172.18.0.1 - - [22/Mar/2020:11:55:09 +0000] "GET /bitrix/js/main/core/css/core_image.min.css?15848628085405 HTTP/1.1" 200 1414 "http://0.0.0.0/" "Mozilla/5.0 (X11; Linux x86_64) AppleWebKit/537.36 (KHTML, like Gecko) Chrome/80.0.3987.132 Safari/537.36"
172.18.0.1 - - [22/Mar/2020:11:55:09 +0000] "GET /bitrix/js/ui/fonts/opensans/ui.font.opensans.min.css?15848629921861 HTTP/1.1" 200 579 "http://0.0.0.0/" "Mozilla/5.0 (X11; Linux x86_64) AppleWebKit/537.36 (KHTML, like Gecko) Chrome/80.0.3987.132 Safari/537.36"
172.18.0.1 - - [22/Mar/2020:11:55:09 +0000] "GET /bitrix/templates/wide_orange/colors.css HTTP/1.1" 200 2358 "http://0.0.0.0/" "Mozilla/5.0 (X11; Linux x86_64) AppleWebKit/537.36 (KHTML, like Gecko) Chrome/80.0.3987.132 Safari/537.36"
172.18.0.1 - - [22/Mar/2020:11:55:09 +0000] "GET /bitrix/cache/css/s1/wide_orange/template_9948114711649b9de43372e1b6a62396/template_9948114711649b9de43372e1b6a62396_v1.css?158486323520270 HTTP/1.1" 200 4947 "http://0.0.0.0/" "Mozilla/5.0 (X11; Linux x86_64) AppleWebKit/537.36 (KHTML, like Gecko) Chrome/80.0.3987.132 Safari/537.36"
172.18.0.1 - - [22/Mar/2020:11:55:09 +0000] "GET /bitrix/js/main/popup/dist/main.popup.bundle.min.css?158486280823381 HTTP/1.1" 200 5852 "http://0.0.0.0/" "Mozilla/5.0 (X11; Linux x86_64) AppleWebKit/537.36 (KHTML, like Gecko) Chrome/80.0.3987.132 Safari/537.36"
172.18.0.1 - - [22/Mar/2020:11:55:09 +0000] "GET /bitrix/cache/css/s1/wide_orange/page_74b5a5fc70c8bd04a2723f9265a097c8/page_74b5a5fc70c8bd04a2723f9265a097c8_v1.css?158486323547410 HTTP/1.1" 200 8535 "http://0.0.0.0/" "Mozilla/5.0 (X11; Linux x86_64) AppleWebKit/537.36 (KHTML, like Gecko) Chrome/80.0.3987.132 Safari/537.36"
172.18.0.1 - - [22/Mar/2020:11:55:09 +0000] "GET /bitrix/js/main/core/core_ls.min.js?15848628087365 HTTP/1.1" 200 2305 "http://0.0.0.0/" "Mozilla/5.0 (X11; Linux x86_64) AppleWebKit/537.36 (KHTML, like Gecko) Chrome/80.0.3987.132 Safari/537.36"
172.18.0.1 - - [22/Mar/2020:11:55:09 +0000] "GET /upload/blog/06d/06d72fb771146fc12d1153918f17258e.jpg HTTP/1.1" 200 55072 "http://0.0.0.0/" "Mozilla/5.0 (X11; Linux x86_64) AppleWebKit/537.36 (KHTML, like Gecko) Chrome/80.0.3987.132 Safari/537.36"
172.18.0.1 - - [22/Mar/2020:11:55:09 +0000] "GET /bitrix/js/main/popup/dist/main.popup.bundle.min.js?158486280857817 HTTP/1.1" 200 12580 "http://0.0.0.0/" "Mozilla/5.0 (X11; Linux x86_64) AppleWebKit/537.36 (KHTML, like Gecko) Chrome/80.0.3987.132 Safari/537.36"
172.18.0.1 - - [22/Mar/2020:11:55:09 +0000] "GET /bitrix/cache/js/s1/wide_orange/kernel_main/kernel_main_v1.js?1584863235184620 HTTP/1.1" 200 42837 "http://0.0.0.0/" "Mozilla/5.0 (X11; Linux x86_64) AppleWebKit/537.36 (KHTML, like Gecko) Chrome/80.0.3987.132 Safari/537.36"
172.18.0.1 - - [22/Mar/2020:11:55:09 +0000] "GET /bitrix/js/main/core/core_image.min.js?158486280812436 HTTP/1.1" 200 3580 "http://0.0.0.0/" "Mozilla/5.0 (X11; Linux x86_64) AppleWebKit/537.36 (KHTML, like Gecko) Chrome/80.0.3987.132 Safari/537.36"
172.18.0.1 - - [22/Mar/2020:11:55:09 +0000] "GET /upload/blog/220/220128c17d4e614f6853450e4a69037f.jpg HTTP/1.1" 200 36524 "http://0.0.0.0/" "Mozilla/5.0 (X11; Linux x86_64) AppleWebKit/537.36 (KHTML, like Gecko) Chrome/80.0.3987.132 Safari/537.36"
172.18.0.1 - - [22/Mar/2020:11:55:09 +0000] "GET /bitrix/js/main/core/core.min.js?1584862808247888 HTTP/1.1" 200 72903 "http://0.0.0.0/" "Mozilla/5.0 (X11; Linux x86_64) AppleWebKit/537.36 (KHTML, like Gecko) Chrome/80.0.3987.132 Safari/537.36"
172.18.0.1 - - [22/Mar/2020:11:55:09 +0000] "GET /upload/blog/acf/acf29bdc3b375a1d871be4e95e992c11.jpg HTTP/1.1" 200 47742 "http://0.0.0.0/" "Mozilla/5.0 (X11; Linux x86_64) AppleWebKit/537.36 (KHTML, like Gecko) Chrome/80.0.3987.132 Safari/537.36"
172.18.0.1 - - [22/Mar/2020:11:55:09 +0000] "GET /upload/blog/54a/54a26c6784f2b82124fa063eafe34a45.jpg HTTP/1.1" 200 45089 "http://0.0.0.0/" "Mozilla/5.0 (X11; Linux x86_64) AppleWebKit/537.36 (KHTML, like Gecko) Chrome/80.0.3987.132 Safari/537.36"
172.18.0.1 - - [22/Mar/2020:11:55:10 +0000] "GET /bitrix/templates/wide_orange/print.css HTTP/1.1" 200 575 "http://0.0.0.0/" "Mozilla/5.0 (X11; Linux x86_64) AppleWebKit/537.36 (KHTML, like Gecko) Chrome/80.0.3987.132 Safari/537.36"
172.18.0.1 - - [22/Mar/2020:11:55:10 +0000] "GET /upload/blog/e92/e921366e8dd7cef3e63b21b93eae156e.jpg HTTP/1.1" 200 68172 "http://0.0.0.0/" "Mozilla/5.0 (X11; Linux x86_64) AppleWebKit/537.36 (KHTML, like Gecko) Chrome/80.0.3987.132 Safari/537.36"
172.18.0.1 - - [22/Mar/2020:11:55:10 +0000] "GET /bitrix/templates/wide_orange/images/rss.gif HTTP/1.1" 200 688 "http://0.0.0.0/bitrix/cache/css/s1/wide_orange/template_9948114711649b9de43372e1b6a62396/template_9948114711649b9de43372e1b6a62396_v1.css?158486323520270" "Mozilla/5.0 (X11; Linux x86_64) AppleWebKit/537.36 (KHTML, like Gecko) Chrome/80.0.3987.132 Safari/537.36"
172.18.0.1 - - [22/Mar/2020:11:55:10 +0000] "GET /bitrix/templates/wide_orange/images/top-menu-sprite.gif HTTP/1.1" 200 6496 "http://0.0.0.0/bitrix/templates/wide_orange/colors.css" "Mozilla/5.0 (X11; Linux x86_64) AppleWebKit/537.36 (KHTML, like Gecko) Chrome/80.0.3987.132 Safari/537.36"
172.18.0.1 - - [22/Mar/2020:11:55:10 +0000] "GET /bitrix/templates/wide_orange/images/top-sprite.png HTTP/1.1" 200 1380 "http://0.0.0.0/bitrix/templates/wide_orange/colors.css" "Mozilla/5.0 (X11; Linux x86_64) AppleWebKit/537.36 (KHTML, like Gecko) Chrome/80.0.3987.132 Safari/537.36"
172.18.0.1 - - [22/Mar/2020:11:55:10 +0000] "GET /bitrix/templates/wide_orange/images/search-button.gif HTTP/1.1" 200 1092 "http://0.0.0.0/bitrix/templates/wide_orange/colors.css" "Mozilla/5.0 (X11; Linux x86_64) AppleWebKit/537.36 (KHTML, like Gecko) Chrome/80.0.3987.132 Safari/537.36"
172.18.0.1 - - [22/Mar/2020:11:55:10 +0000] "GET /bitrix/templates/wide_orange/images/search-textbox.gif HTTP/1.1" 200 801 "http://0.0.0.0/bitrix/cache/css/s1/wide_orange/template_9948114711649b9de43372e1b6a62396/template_9948114711649b9de43372e1b6a62396_v1.css?158486323520270" "Mozilla/5.0 (X11; Linux x86_64) AppleWebKit/537.36 (KHTML, like Gecko) Chrome/80.0.3987.132 Safari/537.36"
172.18.0.1 - - [22/Mar/2020:11:55:10 +0000] "GET /bitrix/templates/wide_orange/images/months/03.gif HTTP/1.1" 200 634 "http://0.0.0.0/bitrix/templates/wide_orange/colors.css" "Mozilla/5.0 (X11; Linux x86_64) AppleWebKit/537.36 (KHTML, like Gecko) Chrome/80.0.3987.132 Safari/537.36"
172.18.0.1 - - [22/Mar/2020:11:55:10 +0000] "GET /bitrix/templates/wide_orange/images/days/22.gif HTTP/1.1" 200 569 "http://0.0.0.0/bitrix/templates/wide_orange/colors.css" "Mozilla/5.0 (X11; Linux x86_64) AppleWebKit/537.36 (KHTML, like Gecko) Chrome/80.0.3987.132 Safari/537.36"
172.18.0.1 - - [22/Mar/2020:11:55:10 +0000] "GET /bitrix/components/bitrix/blog/show_file.php?fid=2&width=70&height=70&type=square HTTP/1.1" 200 5140 "http://0.0.0.0/" "Mozilla/5.0 (X11; Linux x86_64) AppleWebKit/537.36 (KHTML, like Gecko) Chrome/80.0.3987.132 Safari/537.36"
172.18.0.1 - - [22/Mar/2020:11:55:10 +0000] "GET /bitrix/templates/wide_orange/images/footer-bg.gif HTTP/1.1" 200 372 "http://0.0.0.0/bitrix/cache/css/s1/wide_orange/template_9948114711649b9de43372e1b6a62396/template_9948114711649b9de43372e1b6a62396_v1.css?158486323520270" "Mozilla/5.0 (X11; Linux x86_64) AppleWebKit/537.36 (KHTML, like Gecko) Chrome/80.0.3987.132 Safari/537.36"
172.18.0.1 - - [22/Mar/2020:11:55:10 +0000] "GET /bitrix/templates/wide_orange/images/sidebar-header.gif HTTP/1.1" 200 445 "http://0.0.0.0/bitrix/templates/wide_orange/colors.css" "Mozilla/5.0 (X11; Linux x86_64) AppleWebKit/537.36 (KHTML, like Gecko) Chrome/80.0.3987.132 Safari/537.36"
172.18.0.1 - - [22/Mar/2020:11:55:10 +0000] "GET /bitrix/templates/wide_orange/images/pencil.png HTTP/1.1" 200 2723 "http://0.0.0.0/bitrix/templates/wide_orange/colors.css" "Mozilla/5.0 (X11; Linux x86_64) AppleWebKit/537.36 (KHTML, like Gecko) Chrome/80.0.3987.132 Safari/537.36"
172.18.0.1 - - [22/Mar/2020:11:55:10 +0000] "GET /bitrix/templates/wide_orange/images/top-arrow.gif HTTP/1.1" 200 340 "http://0.0.0.0/bitrix/templates/wide_orange/colors.css" "Mozilla/5.0 (X11; Linux x86_64) AppleWebKit/537.36 (KHTML, like Gecko) Chrome/80.0.3987.132 Safari/537.36"
172.18.0.1 - - [22/Mar/2020:11:55:11 +0000] "GET /bitrix/templates/wide_orange/favicon.ico HTTP/1.1" 200 1450 "http://0.0.0.0/" "Mozilla/5.0 (X11; Linux x86_64) AppleWebKit/537.36 (KHTML, like Gecko) Chrome/80.0.3987.132 Safari/537.36"
172.18.0.1 - - [22/Mar/2020:11:55:16 +0000] "GET /bitrix HTTP/1.1" 301 561 "-" "Mozilla/5.0 (X11; Linux x86_64) AppleWebKit/537.36 (KHTML, like Gecko) Chrome/80.0.3987.132 Safari/537.36"
172.18.0.1 - - [22/Mar/2020:11:55:16 +0000] "GET /bitrix/ HTTP/1.1" 200 374 "-" "Mozilla/5.0 (X11; Linux x86_64) AppleWebKit/537.36 (KHTML, like Gecko) Chrome/80.0.3987.132 Safari/537.36"
127.0.0.1 - - [22/Mar/2020:11:55:16 +0000] "OPTIONS * HTTP/1.0" 200 126 "-" "Apache/2.4.38 (Debian) PHP/7.1.33 (internal dummy connection)"
172.18.0.1 - - [22/Mar/2020:11:55:16 +0000] "GET /favicon.ico HTTP/1.1" 200 9411 "http://0.0.0.0/bitrix/" "Mozilla/5.0 (X11; Linux x86_64) AppleWebKit/537.36 (KHTML, like Gecko) Chrome/80.0.3987.132 Safari/537.36"
172.18.0.1 - - [22/Mar/2020:11:55:16 +0000] "GET /bitrix/admin/index.php HTTP/1.1" 200 5582 "http://0.0.0.0/bitrix/" "Mozilla/5.0 (X11; Linux x86_64) AppleWebKit/537.36 (KHTML, like Gecko) Chrome/80.0.3987.132 Safari/537.36"
172.18.0.1 - - [22/Mar/2020:11:55:19 +0000] "GET /bitrix/js/main/core/core_admin_login.min.js?158486280815050 HTTP/1.1" 200 3575 "http://0.0.0.0/bitrix/admin/index.php" "Mozilla/5.0 (X11; Linux x86_64) AppleWebKit/537.36 (KHTML, like Gecko) Chrome/80.0.3987.132 Safari/537.36"
172.18.0.1 - - [22/Mar/2020:11:55:19 +0000] "GET /bitrix/panel/main/images/login-waiter.gif HTTP/1.1" 200 4785 "http://0.0.0.0/bitrix/admin/index.php" "Mozilla/5.0 (X11; Linux x86_64) AppleWebKit/537.36 (KHTML, like Gecko) Chrome/80.0.3987.132 Safari/537.36"
172.18.0.1 - - [22/Mar/2020:11:55:19 +0000] "GET /bitrix/panel/main/login.css?158486281431186 HTTP/1.1" 200 5682 "http://0.0.0.0/bitrix/admin/index.php" "Mozilla/5.0 (X11; Linux x86_64) AppleWebKit/537.36 (KHTML, like Gecko) Chrome/80.0.3987.132 Safari/537.36"
172.18.0.1 - - [22/Mar/2020:11:55:19 +0000] "GET /bitrix/js/main/core/core_window.min.js?158486280875923 HTTP/1.1" 200 15924 "http://0.0.0.0/bitrix/admin/index.php" "Mozilla/5.0 (X11; Linux x86_64) AppleWebKit/537.36 (KHTML, like Gecko) Chrome/80.0.3987.132 Safari/537.36"
172.18.0.1 - - [22/Mar/2020:11:55:19 +0000] "GET /bitrix/panel/main/popup.css?158486281423084 HTTP/1.1" 200 4515 "http://0.0.0.0/bitrix/admin/index.php" "Mozilla/5.0 (X11; Linux x86_64) AppleWebKit/537.36 (KHTML, like Gecko) Chrome/80.0.3987.132 Safari/537.36"
172.18.0.1 - - [22/Mar/2020:11:55:19 +0000] "GET /bitrix/panel/main/images/submenu-bg.png HTTP/1.1" 200 1521 "http://0.0.0.0/bitrix/panel/main/login.css?158486281431186" "Mozilla/5.0 (X11; Linux x86_64) AppleWebKit/537.36 (KHTML, like Gecko) Chrome/80.0.3987.132 Safari/537.36"
172.18.0.1 - - [22/Mar/2020:11:55:19 +0000] "GET /bitrix/panel/main/images/login-bg.jpg HTTP/1.1" 200 10972 "http://0.0.0.0/bitrix/panel/main/login.css?158486281431186" "Mozilla/5.0 (X11; Linux x86_64) AppleWebKit/537.36 (KHTML, like Gecko) Chrome/80.0.3987.132 Safari/537.36"
172.18.0.1 - - [22/Mar/2020:11:55:19 +0000] "GET /bitrix/panel/main/images/bx-admin-sprite.png HTTP/1.1" 200 9043 "http://0.0.0.0/bitrix/panel/main/login.css?158486281431186" "Mozilla/5.0 (X11; Linux x86_64) AppleWebKit/537.36 (KHTML, like Gecko) Chrome/80.0.3987.132 Safari/537.36"
172.18.0.1 - - [22/Mar/2020:11:55:19 +0000] "GET /bitrix/panel/main/images/bx-admin-sprite-big1.png HTTP/1.1" 200 61284 "http://0.0.0.0/bitrix/panel/main/login.css?158486281431186" "Mozilla/5.0 (X11; Linux x86_64) AppleWebKit/537.36 (KHTML, like Gecko) Chrome/80.0.3987.132 Safari/537.36"
172.18.0.1 - - [22/Mar/2020:11:55:19 +0000] "GET /bitrix/panel/main/images/bx-admin-sprite-small-2.png HTTP/1.1" 200 58656 "http://0.0.0.0/bitrix/panel/main/login.css?158486281431186" "Mozilla/5.0 (X11; Linux x86_64) AppleWebKit/537.36 (KHTML, like Gecko) Chrome/80.0.3987.132 Safari/537.36"
172.18.0.1 - - [22/Mar/2020:11:55:19 +0000] "GET /bitrix/panel/main/images/logo-popup-network-btn-text.png HTTP/1.1" 200 3530 "http://0.0.0.0/bitrix/panel/main/login.css?158486281431186" "Mozilla/5.0 (X11; Linux x86_64) AppleWebKit/537.36 (KHTML, like Gecko) Chrome/80.0.3987.132 Safari/537.36"
172.18.0.1 - - [22/Mar/2020:11:55:21 +0000] "GET /bitrix/panel/main/admin-public.css?158486281381795 HTTP/1.1" 200 12463 "http://0.0.0.0/bitrix/admin/index.php" "Mozilla/5.0 (X11; Linux x86_64) AppleWebKit/537.36 (KHTML, like Gecko) Chrome/80.0.3987.132 Safari/537.36"
172.18.0.1 - - [22/Mar/2020:11:55:21 +0000] "GET /bitrix/panel/main/adminstyles_fixed.css?158486281421451 HTTP/1.1" 200 4400 "http://0.0.0.0/bitrix/admin/index.php" "Mozilla/5.0 (X11; Linux x86_64) AppleWebKit/537.36 (KHTML, like Gecko) Chrome/80.0.3987.132 Safari/537.36"
172.18.0.1 - - [22/Mar/2020:11:55:21 +0000] "GET /bitrix/panel/main/admin.css?1584862813115531 HTTP/1.1" 200 21886 "http://0.0.0.0/bitrix/admin/index.php" "Mozilla/5.0 (X11; Linux x86_64) AppleWebKit/537.36 (KHTML, like Gecko) Chrome/80.0.3987.132 Safari/537.36"
172.18.0.1 - - [22/Mar/2020:11:55:21 +0000] "GET /bitrix/themes/.default/modules.css?158486324628506 HTTP/1.1" 200 5886 "http://0.0.0.0/bitrix/admin/index.php" "Mozilla/5.0 (X11; Linux x86_64) AppleWebKit/537.36 (KHTML, like Gecko) Chrome/80.0.3987.132 Safari/537.36"
172.18.0.1 - - [22/Mar/2020:11:55:21 +0000] "GET /bitrix/js/main/utils.js?158486280930973 HTTP/1.1" 200 8116 "http://0.0.0.0/bitrix/admin/index.php" "Mozilla/5.0 (X11; Linux x86_64) AppleWebKit/537.36 (KHTML, like Gecko) Chrome/80.0.3987.132 Safari/537.36"
172.18.0.1 - - [22/Mar/2020:11:55:21 +0000] "GET /bitrix/js/main/admin_tools.js?158486280967959 HTTP/1.1" 200 15461 "http://0.0.0.0/bitrix/admin/index.php" "Mozilla/5.0 (X11; Linux x86_64) AppleWebKit/537.36 (KHTML, like Gecko) Chrome/80.0.3987.132 Safari/537.36"
172.18.0.1 - - [22/Mar/2020:11:55:21 +0000] "GET /bitrix/js/main/popup_menu.js?158486280912913 HTTP/1.1" 200 3777 "http://0.0.0.0/bitrix/admin/index.php" "Mozilla/5.0 (X11; Linux x86_64) AppleWebKit/537.36 (KHTML, like Gecko) Chrome/80.0.3987.132 Safari/537.36"
172.18.0.1 - - [22/Mar/2020:11:55:20 +0000] "GET /favicon.ico HTTP/1.1" 200 9416 "http://0.0.0.0/bitrix/admin/index.php" "Mozilla/5.0 (X11; Linux x86_64) AppleWebKit/537.36 (KHTML, like Gecko) Chrome/80.0.3987.132 Safari/537.36"
172.18.0.1 - - [22/Mar/2020:11:55:22 +0000] "GET /bitrix/js/main/admin_search.js?15848628097230 HTTP/1.1" 200 2269 "http://0.0.0.0/bitrix/admin/index.php" "Mozilla/5.0 (X11; Linux x86_64) AppleWebKit/537.36 (KHTML, like Gecko) Chrome/80.0.3987.132 Safari/537.36"
172.18.0.1 - - [22/Mar/2020:11:55:22 +0000] "GET /bitrix/js/main/dd.js?158486280914809 HTTP/1.1" 200 3345 "http://0.0.0.0/bitrix/admin/index.php" "Mozilla/5.0 (X11; Linux x86_64) AppleWebKit/537.36 (KHTML, like Gecko) Chrome/80.0.3987.132 Safari/537.36"
172.18.0.1 - - [22/Mar/2020:11:55:22 +0000] "GET /bitrix/js/main/core/core_date.js?158486280833995 HTTP/1.1" 200 8351 "http://0.0.0.0/bitrix/admin/index.php" "Mozilla/5.0 (X11; Linux x86_64) AppleWebKit/537.36 (KHTML, like Gecko) Chrome/80.0.3987.132 Safari/537.36"
172.18.0.1 - - [22/Mar/2020:11:55:22 +0000] "GET /bitrix/js/main/date/main.date.js?158486280934530 HTTP/1.1" 200 7446 "http://0.0.0.0/bitrix/admin/index.php" "Mozilla/5.0 (X11; Linux x86_64) AppleWebKit/537.36 (KHTML, like Gecko) Chrome/80.0.3987.132 Safari/537.36"
172.18.0.1 - - [22/Mar/2020:11:55:22 +0000] "GET /bitrix/js/main/core/core_fx.js?158486280816888 HTTP/1.1" 200 4709 "http://0.0.0.0/bitrix/admin/index.php" "Mozilla/5.0 (X11; Linux x86_64) AppleWebKit/537.36 (KHTML, like Gecko) Chrome/80.0.3987.132 Safari/537.36"
172.18.0.1 - - [22/Mar/2020:11:55:22 +0000] "GET /bitrix/js/main/core/core_autosave.js?15848628089593 HTTP/1.1" 200 3059 "http://0.0.0.0/bitrix/admin/index.php" "Mozilla/5.0 (X11; Linux x86_64) AppleWebKit/537.36 (KHTML, like Gecko) Chrome/80.0.3987.132 Safari/537.36"
172.18.0.1 - - [22/Mar/2020:11:55:22 +0000] "GET /bitrix/js/main/core/core_admin_interface.js?1584862808154035 HTTP/1.1" 200 34950 "http://0.0.0.0/bitrix/admin/index.php" "Mozilla/5.0 (X11; Linux x86_64) AppleWebKit/537.36 (KHTML, like Gecko) Chrome/80.0.3987.132 Safari/537.36"
172.18.0.1 - - [22/Mar/2020:11:55:25 +0000] "POST /bitrix/admin/?login=yes HTTP/1.1" 200 771 "http://0.0.0.0/bitrix/admin/index.php" "Mozilla/5.0 (X11; Linux x86_64) AppleWebKit/537.36 (KHTML, like Gecko) Chrome/80.0.3987.132 Safari/537.36"
127.0.0.1 - - [22/Mar/2020:11:55:29 +0000] "OPTIONS * HTTP/1.0" 200 126 "-" "Apache/2.4.38 (Debian) PHP/7.1.33 (internal dummy connection)"
172.18.0.1 - - [22/Mar/2020:11:55:26 +0000] "GET /bitrix/admin/ HTTP/1.1" 200 30197 "http://0.0.0.0/bitrix/admin/index.php" "Mozilla/5.0 (X11; Linux x86_64) AppleWebKit/537.36 (KHTML, like Gecko) Chrome/80.0.3987.132 Safari/537.36"
172.18.0.1 - - [22/Mar/2020:11:55:30 +0000] "GET /bitrix/js/ui/fonts/opensans/ui.font.opensans.css?15848629922003 HTTP/1.1" 200 591 "http://0.0.0.0/bitrix/admin/index.php" "Mozilla/5.0 (X11; Linux x86_64) AppleWebKit/537.36 (KHTML, like Gecko) Chrome/80.0.3987.132 Safari/537.36"
172.18.0.1 - - [22/Mar/2020:11:55:30 +0000] "GET /bitrix/panel/main/hot_keys.css?15848628133558 HTTP/1.1" 200 1071 "http://0.0.0.0/bitrix/admin/index.php" "Mozilla/5.0 (X11; Linux x86_64) AppleWebKit/537.36 (KHTML, like Gecko) Chrome/80.0.3987.132 Safari/537.36"
172.18.0.1 - - [22/Mar/2020:11:55:29 +0000] "GET /bitrix/themes/.default/index.css?15848628102717 HTTP/1.1" 200 1147 "http://0.0.0.0/bitrix/admin/index.php" "Mozilla/5.0 (X11; Linux x86_64) AppleWebKit/537.36 (KHTML, like Gecko) Chrome/80.0.3987.132 Safari/537.36"
172.18.0.1 - - [22/Mar/2020:11:55:30 +0000] "GET /bitrix/js/main/core/css/core_date.css?158486280810289 HTTP/1.1" 200 2414 "http://0.0.0.0/bitrix/admin/index.php" "Mozilla/5.0 (X11; Linux x86_64) AppleWebKit/537.36 (KHTML, like Gecko) Chrome/80.0.3987.132 Safari/537.36"
172.18.0.1 - - [22/Mar/2020:11:55:29 +0000] "GET /bitrix/themes/.default/compatible.css?15848628102827 HTTP/1.1" 200 1007 "http://0.0.0.0/bitrix/admin/index.php" "Mozilla/5.0 (X11; Linux x86_64) AppleWebKit/537.36 (KHTML, like Gecko) Chrome/80.0.3987.132 Safari/537.36"
172.18.0.1 - - [22/Mar/2020:11:55:30 +0000] "GET /bitrix/js/main/popup/dist/main.popup.bundle.css?158486280826249 HTTP/1.1" 200 6170 "http://0.0.0.0/bitrix/admin/index.php" "Mozilla/5.0 (X11; Linux x86_64) AppleWebKit/537.36 (KHTML, like Gecko) Chrome/80.0.3987.132 Safari/537.36"
172.18.0.1 - - [22/Mar/2020:11:55:30 +0000] "GET /bitrix/gadgets/bitrix/html_area/styles.css?158486281361 HTTP/1.1" 200 342 "http://0.0.0.0/bitrix/admin/index.php" "Mozilla/5.0 (X11; Linux x86_64) AppleWebKit/537.36 (KHTML, like Gecko) Chrome/80.0.3987.132 Safari/537.36"
172.18.0.1 - - [22/Mar/2020:11:55:30 +0000] "GET /bitrix/gadgets/bitrix/rssreader/styles.css?1584862813618 HTTP/1.1" 200 644 "http://0.0.0.0/bitrix/admin/index.php" "Mozilla/5.0 (X11; Linux x86_64) AppleWebKit/537.36 (KHTML, like Gecko) Chrome/80.0.3987.132 Safari/537.36"
172.18.0.1 - - [22/Mar/2020:11:55:30 +0000] "GET /bitrix/gadgets/bitrix/admin_security/styles.css?15848628133812 HTTP/1.1" 200 1300 "http://0.0.0.0/bitrix/admin/index.php" "Mozilla/5.0 (X11; Linux x86_64) AppleWebKit/537.36 (KHTML, like Gecko) Chrome/80.0.3987.132 Safari/537.36"
172.18.0.1 - - [22/Mar/2020:11:55:30 +0000] "GET /bitrix/js/main/helper/css/helper.css?15848628091392 HTTP/1.1" 200 934 "http://0.0.0.0/bitrix/admin/index.php" "Mozilla/5.0 (X11; Linux x86_64) AppleWebKit/537.36 (KHTML, like Gecko) Chrome/80.0.3987.132 Safari/537.36"
172.18.0.1 - - [22/Mar/2020:11:55:30 +0000] "GET /bitrix/js/main/sidepanel/css/sidepanel.css?15848628107147 HTTP/1.1" 200 2387 "http://0.0.0.0/bitrix/admin/index.php" "Mozilla/5.0 (X11; Linux x86_64) AppleWebKit/537.36 (KHTML, like Gecko) Chrome/80.0.3987.132 Safari/537.36"
172.18.0.1 - - [22/Mar/2020:11:55:30 +0000] "GET /bitrix/gadgets/bitrix/admin_sitespeed/site_speed.css?15848628134069 HTTP/1.1" 200 1470 "http://0.0.0.0/bitrix/admin/index.php" "Mozilla/5.0 (X11; Linux x86_64) AppleWebKit/537.36 (KHTML, like Gecko) Chrome/80.0.3987.132 Safari/537.36"
172.18.0.1 - - [22/Mar/2020:11:55:30 +0000] "GET /bitrix/gadgets/bitrix/admin_perfmon/styles.css?15848628133717 HTTP/1.1" 200 1218 "http://0.0.0.0/bitrix/admin/index.php" "Mozilla/5.0 (X11; Linux x86_64) AppleWebKit/537.36 (KHTML, like Gecko) Chrome/80.0.3987.132 Safari/537.36"
172.18.0.1 - - [22/Mar/2020:11:55:30 +0000] "GET /bitrix/gadgets/bitrix/admin_marketpalce/styles.css?15848628132751 HTTP/1.1" 200 997 "http://0.0.0.0/bitrix/admin/index.php" "Mozilla/5.0 (X11; Linux x86_64) AppleWebKit/537.36 (KHTML, like Gecko) Chrome/80.0.3987.132 Safari/537.36"
172.18.0.1 - - [22/Mar/2020:11:55:30 +0000] "GET /bitrix/components/bitrix/desktop/templates/admin/style.css?158486281219357 HTTP/1.1" 200 4297 "http://0.0.0.0/bitrix/admin/index.php" "Mozilla/5.0 (X11; Linux x86_64) AppleWebKit/537.36 (KHTML, like Gecko) Chrome/80.0.3987.132 Safari/537.36"
172.18.0.1 - - [22/Mar/2020:11:55:30 +0000] "GET /bitrix/js/socialservices/css/ss_admin.css?1584862985370 HTTP/1.1" 200 571 "http://0.0.0.0/bitrix/admin/index.php" "Mozilla/5.0 (X11; Linux x86_64) AppleWebKit/537.36 (KHTML, like Gecko) Chrome/80.0.3987.132 Safari/537.36"
172.18.0.1 - - [22/Mar/2020:11:55:30 +0000] "GET /bitrix/js/main/session.js?15848628093642 HTTP/1.1" 200 1733 "http://0.0.0.0/bitrix/admin/index.php" "Mozilla/5.0 (X11; Linux x86_64) AppleWebKit/537.36 (KHTML, like Gecko) Chrome/80.0.3987.132 Safari/537.36"
172.18.0.1 - - [22/Mar/2020:11:55:30 +0000] "GET /bitrix/themes/.default/check-list-style.css HTTP/1.1" 200 4569 "http://0.0.0.0/bitrix/admin/index.php" "Mozilla/5.0 (X11; Linux x86_64) AppleWebKit/537.36 (KHTML, like Gecko) Chrome/80.0.3987.132 Safari/537.36"
172.18.0.1 - - [22/Mar/2020:11:55:30 +0000] "GET /bitrix/js/main/sidepanel/manager.min.js?158486281016883 HTTP/1.1" 200 4585 "http://0.0.0.0/bitrix/admin/index.php" "Mozilla/5.0 (X11; Linux x86_64) AppleWebKit/537.36 (KHTML, like Gecko) Chrome/80.0.3987.132 Safari/537.36"
172.18.0.1 - - [22/Mar/2020:11:55:30 +0000] "GET /bitrix/js/main/hot_keys.min.js?158486280912333 HTTP/1.1" 200 4063 "http://0.0.0.0/bitrix/admin/index.php" "Mozilla/5.0 (X11; Linux x86_64) AppleWebKit/537.36 (KHTML, like Gecko) Chrome/80.0.3987.132 Safari/537.36"
172.18.0.1 - - [22/Mar/2020:11:55:30 +0000] "GET /bitrix/js/main/admin_sidepanel.min.js?1584862809227 HTTP/1.1" 200 536 "http://0.0.0.0/bitrix/admin/index.php" "Mozilla/5.0 (X11; Linux x86_64) AppleWebKit/537.36 (KHTML, like Gecko) Chrome/80.0.3987.132 Safari/537.36"
172.18.0.1 - - [22/Mar/2020:11:55:30 +0000] "GET /bitrix/js/main/sidepanel/slider.min.js?158486281026348 HTTP/1.1" 200 6874 "http://0.0.0.0/bitrix/admin/index.php" "Mozilla/5.0 (X11; Linux x86_64) AppleWebKit/537.36 (KHTML, like Gecko) Chrome/80.0.3987.132 Safari/537.36"
172.18.0.1 - - [22/Mar/2020:11:55:30 +0000] "GET /bitrix/js/main/helper/helper.min.js?15848628095556 HTTP/1.1" 200 2341 "http://0.0.0.0/bitrix/admin/index.php" "Mozilla/5.0 (X11; Linux x86_64) AppleWebKit/537.36 (KHTML, like Gecko) Chrome/80.0.3987.132 Safari/537.36"
172.18.0.1 - - [22/Mar/2020:11:55:30 +0000] "GET /bitrix/js/main/ajax.js?158486281035509 HTTP/1.1" 200 8761 "http://0.0.0.0/bitrix/admin/index.php" "Mozilla/5.0 (X11; Linux x86_64) AppleWebKit/537.36 (KHTML, like Gecko) Chrome/80.0.3987.132 Safari/537.36"
172.18.0.1 - - [22/Mar/2020:11:55:30 +0000] "GET /bitrix/panel/main/images/header-big.png HTTP/1.1" 200 4438 "http://0.0.0.0/bitrix/panel/main/admin.css?1584862813115531" "Mozilla/5.0 (X11; Linux x86_64) AppleWebKit/537.36 (KHTML, like Gecko) Chrome/80.0.3987.132 Safari/537.36"
172.18.0.1 - - [22/Mar/2020:11:55:30 +0000] "GET /bitrix/components/bitrix/desktop/templates/admin/script_admin.js?v=1584862812 HTTP/1.1" 200 1686 "http://0.0.0.0/bitrix/admin/index.php" "Mozilla/5.0 (X11; Linux x86_64) AppleWebKit/537.36 (KHTML, like Gecko) Chrome/80.0.3987.132 Safari/537.36"
172.18.0.1 - - [22/Mar/2020:11:55:30 +0000] "GET /bitrix/components/bitrix/desktop/script.js?v=1584862812 HTTP/1.1" 200 4391 "http://0.0.0.0/bitrix/admin/index.php" "Mozilla/5.0 (X11; Linux x86_64) AppleWebKit/537.36 (KHTML, like Gecko) Chrome/80.0.3987.132 Safari/537.36"
172.18.0.1 - - [22/Mar/2020:11:55:30 +0000] "GET /bitrix/components/bitrix/desktop/templates/admin/images/site_logo.png HTTP/1.1" 200 1371 "http://0.0.0.0/bitrix/admin/index.php" "Mozilla/5.0 (X11; Linux x86_64) AppleWebKit/537.36 (KHTML, like Gecko) Chrome/80.0.3987.132 Safari/537.36"
172.18.0.1 - - [22/Mar/2020:11:55:30 +0000] "GET /bitrix/gadgets/bitrix/admin_info/images/ru/logo.gif HTTP/1.1" 200 2422 "http://0.0.0.0/bitrix/admin/index.php" "Mozilla/5.0 (X11; Linux x86_64) AppleWebKit/537.36 (KHTML, like Gecko) Chrome/80.0.3987.132 Safari/537.36"
172.18.0.1 - - [22/Mar/2020:11:55:30 +0000] "GET /bitrix/js/socialservices/ss_admin.min.js?15848629851805 HTTP/1.1" 200 1129 "http://0.0.0.0/bitrix/admin/index.php" "Mozilla/5.0 (X11; Linux x86_64) AppleWebKit/537.36 (KHTML, like Gecko) Chrome/80.0.3987.132 Safari/537.36"
172.18.0.1 - - [22/Mar/2020:11:55:30 +0000] "GET /bitrix/panel/main/images/bx-admin-sprite.png?1 HTTP/1.1" 200 9043 "http://0.0.0.0/bitrix/panel/main/admin.css?1584862813115531" "Mozilla/5.0 (X11; Linux x86_64) AppleWebKit/537.36 (KHTML, like Gecko) Chrome/80.0.3987.132 Safari/537.36"
172.18.0.1 - - [22/Mar/2020:11:55:30 +0000] "GET /bitrix/panel/main/images/bx-admin-sprite-big1.png?3 HTTP/1.1" 200 61284 "http://0.0.0.0/bitrix/panel/main/admin.css?1584862813115531" "Mozilla/5.0 (X11; Linux x86_64) AppleWebKit/537.36 (KHTML, like Gecko) Chrome/80.0.3987.132 Safari/537.36"
172.18.0.1 - - [22/Mar/2020:11:55:30 +0000] "GET /bitrix/panel/main/images/bx-admin-sprite-big1.png?2 HTTP/1.1" 200 61284 "http://0.0.0.0/bitrix/panel/main/admin.css?1584862813115531" "Mozilla/5.0 (X11; Linux x86_64) AppleWebKit/537.36 (KHTML, like Gecko) Chrome/80.0.3987.132 Safari/537.36"
172.18.0.1 - - [22/Mar/2020:11:55:30 +0000] "GET /bitrix/panel/main/images/main-menu-bg.gif HTTP/1.1" 200 1536 "http://0.0.0.0/bitrix/panel/main/admin.css?1584862813115531" "Mozilla/5.0 (X11; Linux x86_64) AppleWebKit/537.36 (KHTML, like Gecko) Chrome/80.0.3987.132 Safari/537.36"
172.18.0.1 - - [22/Mar/2020:11:55:30 +0000] "GET /bitrix/themes/.default/icons/b24connector/icons.png HTTP/1.1" 200 8537 "http://0.0.0.0/bitrix/themes/.default/modules.css?158486324628506" "Mozilla/5.0 (X11; Linux x86_64) AppleWebKit/537.36 (KHTML, like Gecko) Chrome/80.0.3987.132 Safari/537.36"
172.18.0.1 - - [22/Mar/2020:11:55:30 +0000] "GET /bitrix/panel/main/images/favorites-hint-icons.png HTTP/1.1" 200 1907 "http://0.0.0.0/bitrix/panel/main/admin.css?1584862813115531" "Mozilla/5.0 (X11; Linux x86_64) AppleWebKit/537.36 (KHTML, like Gecko) Chrome/80.0.3987.132 Safari/537.36"
172.18.0.1 - - [22/Mar/2020:11:55:30 +0000] "GET /bitrix/components/bitrix/desktop/templates/admin/images/new/workarea_back.png HTTP/1.1" 200 435 "http://0.0.0.0/bitrix/components/bitrix/desktop/templates/admin/style.css?158486281219357" "Mozilla/5.0 (X11; Linux x86_64) AppleWebKit/537.36 (KHTML, like Gecko) Chrome/80.0.3987.132 Safari/537.36"
172.18.0.1 - - [22/Mar/2020:11:55:30 +0000] "GET /bitrix/components/bitrix/desktop/templates/admin/images/new/button_gadgets.png HTTP/1.1" 200 1069 "http://0.0.0.0/bitrix/components/bitrix/desktop/templates/admin/style.css?158486281219357" "Mozilla/5.0 (X11; Linux x86_64) AppleWebKit/537.36 (KHTML, like Gecko) Chrome/80.0.3987.132 Safari/537.36"
172.18.0.1 - - [22/Mar/2020:11:55:30 +0000] "GET /bitrix/components/bitrix/desktop/templates/admin/images/new/button_settings.png HTTP/1.1" 200 1176 "http://0.0.0.0/bitrix/components/bitrix/desktop/templates/admin/style.css?158486281219357" "Mozilla/5.0 (X11; Linux x86_64) AppleWebKit/537.36 (KHTML, like Gecko) Chrome/80.0.3987.132 Safari/537.36"
172.18.0.1 - - [22/Mar/2020:11:55:30 +0000] "GET /bitrix/components/bitrix/desktop/templates/admin/images/lamp/red.gif HTTP/1.1" 200 534 "http://0.0.0.0/bitrix/components/bitrix/desktop/templates/admin/style.css?158486281219357" "Mozilla/5.0 (X11; Linux x86_64) AppleWebKit/537.36 (KHTML, like Gecko) Chrome/80.0.3987.132 Safari/537.36"
172.18.0.1 - - [22/Mar/2020:11:55:30 +0000] "GET /bitrix/components/bitrix/desktop/templates/admin/images/gadgets-sprite2.png HTTP/1.1" 200 4983 "http://0.0.0.0/bitrix/components/bitrix/desktop/templates/admin/style.css?158486281219357" "Mozilla/5.0 (X11; Linux x86_64) AppleWebKit/537.36 (KHTML, like Gecko) Chrome/80.0.3987.132 Safari/537.36"
172.18.0.1 - - [22/Mar/2020:11:55:30 +0000] "GET /bitrix/gadgets/bitrix/admin_security/images/stitch2.png HTTP/1.1" 200 441 "http://0.0.0.0/bitrix/gadgets/bitrix/admin_security/styles.css?15848628133812" "Mozilla/5.0 (X11; Linux x86_64) AppleWebKit/537.36 (KHTML, like Gecko) Chrome/80.0.3987.132 Safari/537.36"
172.18.0.1 - - [22/Mar/2020:11:55:30 +0000] "GET /bitrix/gadgets/bitrix/admin_security/images/shield_red.png HTTP/1.1" 200 9832 "http://0.0.0.0/bitrix/gadgets/bitrix/admin_security/styles.css?15848628133812" "Mozilla/5.0 (X11; Linux x86_64) AppleWebKit/537.36 (KHTML, like Gecko) Chrome/80.0.3987.132 Safari/537.36"
172.18.0.1 - - [22/Mar/2020:11:55:30 +0000] "GET /bitrix/gadgets/bitrix/admin_sitespeed/images/speed-sprite.png HTTP/1.1" 200 3937 "http://0.0.0.0/bitrix/gadgets/bitrix/admin_sitespeed/site_speed.css?15848628134069" "Mozilla/5.0 (X11; Linux x86_64) AppleWebKit/537.36 (KHTML, like Gecko) Chrome/80.0.3987.132 Safari/537.36"
172.18.0.1 - - [22/Mar/2020:11:55:30 +0000] "GET /bitrix/gadgets/bitrix/admin_security/images/lamp.png HTTP/1.1" 200 935 "http://0.0.0.0/bitrix/gadgets/bitrix/admin_security/styles.css?15848628133812" "Mozilla/5.0 (X11; Linux x86_64) AppleWebKit/537.36 (KHTML, like Gecko) Chrome/80.0.3987.132 Safari/537.36"
172.18.0.1 - - [22/Mar/2020:11:55:30 +0000] "GET /bitrix/gadgets/bitrix/admin_sitespeed/images/waiter-speed.gif HTTP/1.1" 200 10609 "http://0.0.0.0/bitrix/gadgets/bitrix/admin_sitespeed/site_speed.css?15848628134069" "Mozilla/5.0 (X11; Linux x86_64) AppleWebKit/537.36 (KHTML, like Gecko) Chrome/80.0.3987.132 Safari/537.36"
172.18.0.1 - - [22/Mar/2020:11:55:30 +0000] "GET /bitrix/gadgets/bitrix/admin_perfmon/images/stitch2.png HTTP/1.1" 200 433 "http://0.0.0.0/bitrix/gadgets/bitrix/admin_perfmon/styles.css?15848628133717" "Mozilla/5.0 (X11; Linux x86_64) AppleWebKit/537.36 (KHTML, like Gecko) Chrome/80.0.3987.132 Safari/537.36"
172.18.0.1 - - [22/Mar/2020:11:55:30 +0000] "GET /bitrix/gadgets/bitrix/admin_perfmon/images/lamp.png HTTP/1.1" 200 974 "http://0.0.0.0/bitrix/gadgets/bitrix/admin_perfmon/styles.css?15848628133717" "Mozilla/5.0 (X11; Linux x86_64) AppleWebKit/537.36 (KHTML, like Gecko) Chrome/80.0.3987.132 Safari/537.36"
172.18.0.1 - - [22/Mar/2020:11:55:30 +0000] "GET /bitrix/gadgets/bitrix/admin_perfmon/images/shield.png HTTP/1.1" 200 5341 "http://0.0.0.0/bitrix/gadgets/bitrix/admin_perfmon/styles.css?15848628133717" "Mozilla/5.0 (X11; Linux x86_64) AppleWebKit/537.36 (KHTML, like Gecko) Chrome/80.0.3987.132 Safari/537.36"
172.18.0.1 - - [22/Mar/2020:11:55:30 +0000] "GET /bitrix/gadgets/bitrix/admin_marketpalce/images/sprite.png HTTP/1.1" 200 12645 "http://0.0.0.0/bitrix/gadgets/bitrix/admin_marketpalce/styles.css?15848628132751" "Mozilla/5.0 (X11; Linux x86_64) AppleWebKit/537.36 (KHTML, like Gecko) Chrome/80.0.3987.132 Safari/537.36"
172.18.0.1 - - [22/Mar/2020:11:55:30 +0000] "GET /bitrix/gadgets/bitrix/rssreader/images/wait.gif HTTP/1.1" 200 6044 "http://0.0.0.0/bitrix/gadgets/bitrix/rssreader/styles.css?1584862813618" "Mozilla/5.0 (X11; Linux x86_64) AppleWebKit/537.36 (KHTML, like Gecko) Chrome/80.0.3987.132 Safari/537.36"
