172.18.0.1 - - [22/Mar/2020:07:47:27 +0000] "GET /bitrix/js/main/date/main.date.min.js?158486280916360 HTTP/1.1" 200 4715 "http://site1.loc/bitrix/admin/index.php?lang=ru&back_url_pub=%2F%3Ffinish%3D%26MUL_MODE%3D" "Mozilla/5.0 (X11; Linux x86_64) AppleWebKit/537.36 (KHTML, like Gecko) Chrome/80.0.3987.132 Safari/537.36"
172.18.0.1 - - [22/Mar/2020:07:47:27 +0000] "GET /bitrix/js/main/core/core_window.min.js?158486280875923 HTTP/1.1" 200 15923 "http://site1.loc/bitrix/admin/index.php?lang=ru&back_url_pub=%2F%3Ffinish%3D%26MUL_MODE%3D" "Mozilla/5.0 (X11; Linux x86_64) AppleWebKit/537.36 (KHTML, like Gecko) Chrome/80.0.3987.132 Safari/537.36"
172.18.0.1 - - [22/Mar/2020:07:47:27 +0000] "GET /bitrix/js/main/core/core_fx.min.js?15848628089768 HTTP/1.1" 200 3199 "http://site1.loc/bitrix/admin/index.php?lang=ru&back_url_pub=%2F%3Ffinish%3D%26MUL_MODE%3D" "Mozilla/5.0 (X11; Linux x86_64) AppleWebKit/537.36 (KHTML, like Gecko) Chrome/80.0.3987.132 Safari/537.36"
172.18.0.1 - - [22/Mar/2020:07:47:27 +0000] "GET /bitrix/js/main/core/core_date.min.js?158486280824935 HTTP/1.1" 200 6529 "http://site1.loc/bitrix/admin/index.php?lang=ru&back_url_pub=%2F%3Ffinish%3D%26MUL_MODE%3D" "Mozilla/5.0 (X11; Linux x86_64) AppleWebKit/537.36 (KHTML, like Gecko) Chrome/80.0.3987.132 Safari/537.36"
172.18.0.1 - - [22/Mar/2020:07:47:27 +0000] "GET /bitrix/js/main/sidepanel/manager.min.js?158486281016883 HTTP/1.1" 200 4585 "http://site1.loc/bitrix/admin/index.php?lang=ru&back_url_pub=%2F%3Ffinish%3D%26MUL_MODE%3D" "Mozilla/5.0 (X11; Linux x86_64) AppleWebKit/537.36 (KHTML, like Gecko) Chrome/80.0.3987.132 Safari/537.36"
172.18.0.1 - - [22/Mar/2020:07:47:27 +0000] "GET /bitrix/js/main/helper/helper.min.js?15848628095556 HTTP/1.1" 200 2341 "http://site1.loc/bitrix/admin/index.php?lang=ru&back_url_pub=%2F%3Ffinish%3D%26MUL_MODE%3D" "Mozilla/5.0 (X11; Linux x86_64) AppleWebKit/537.36 (KHTML, like Gecko) Chrome/80.0.3987.132 Safari/537.36"
172.18.0.1 - - [22/Mar/2020:07:47:27 +0000] "GET /bitrix/js/main/sidepanel/slider.min.js?158486281026348 HTTP/1.1" 200 6874 "http://site1.loc/bitrix/admin/index.php?lang=ru&back_url_pub=%2F%3Ffinish%3D%26MUL_MODE%3D" "Mozilla/5.0 (X11; Linux x86_64) AppleWebKit/537.36 (KHTML, like Gecko) Chrome/80.0.3987.132 Safari/537.36"
172.18.0.1 - - [22/Mar/2020:07:47:27 +0000] "GET /bitrix/js/socialservices/ss_admin.min.js?15848629851805 HTTP/1.1" 200 1129 "http://site1.loc/bitrix/admin/index.php?lang=ru&back_url_pub=%2F%3Ffinish%3D%26MUL_MODE%3D" "Mozilla/5.0 (X11; Linux x86_64) AppleWebKit/537.36 (KHTML, like Gecko) Chrome/80.0.3987.132 Safari/537.36"
172.18.0.1 - - [22/Mar/2020:07:47:27 +0000] "GET /bitrix/js/main/dd.min.js?158486280911114 HTTP/1.1" 200 2850 "http://site1.loc/bitrix/admin/index.php?lang=ru&back_url_pub=%2F%3Ffinish%3D%26MUL_MODE%3D" "Mozilla/5.0 (X11; Linux x86_64) AppleWebKit/537.36 (KHTML, like Gecko) Chrome/80.0.3987.132 Safari/537.36"
172.18.0.1 - - [22/Mar/2020:07:47:27 +0000] "GET /bitrix/js/main/ajax.js?158486281035509 HTTP/1.1" 200 8761 "http://site1.loc/bitrix/admin/index.php?lang=ru&back_url_pub=%2F%3Ffinish%3D%26MUL_MODE%3D" "Mozilla/5.0 (X11; Linux x86_64) AppleWebKit/537.36 (KHTML, like Gecko) Chrome/80.0.3987.132 Safari/537.36"
172.18.0.1 - - [22/Mar/2020:07:47:27 +0000] "GET /bitrix/components/bitrix/desktop/script.js?v=1584862812 HTTP/1.1" 200 4391 "http://site1.loc/bitrix/admin/index.php?lang=ru&back_url_pub=%2F%3Ffinish%3D%26MUL_MODE%3D" "Mozilla/5.0 (X11; Linux x86_64) AppleWebKit/537.36 (KHTML, like Gecko) Chrome/80.0.3987.132 Safari/537.36"
172.18.0.1 - - [22/Mar/2020:07:47:27 +0000] "GET /bitrix/components/bitrix/desktop/templates/admin/script_admin.js?v=1584862812 HTTP/1.1" 200 1686 "http://site1.loc/bitrix/admin/index.php?lang=ru&back_url_pub=%2F%3Ffinish%3D%26MUL_MODE%3D" "Mozilla/5.0 (X11; Linux x86_64) AppleWebKit/537.36 (KHTML, like Gecko) Chrome/80.0.3987.132 Safari/537.36"
172.18.0.1 - - [22/Mar/2020:07:47:27 +0000] "GET /bitrix/gadgets/bitrix/admin_security/images/shield_red.png HTTP/1.1" 200 9832 "http://site1.loc/bitrix/gadgets/bitrix/admin_security/styles.css?15848628133812" "Mozilla/5.0 (X11; Linux x86_64) AppleWebKit/537.36 (KHTML, like Gecko) Chrome/80.0.3987.132 Safari/537.36"
172.18.0.1 - - [22/Mar/2020:07:47:27 +0000] "GET /bitrix/gadgets/bitrix/admin_security/images/stitch2.png HTTP/1.1" 200 441 "http://site1.loc/bitrix/gadgets/bitrix/admin_security/styles.css?15848628133812" "Mozilla/5.0 (X11; Linux x86_64) AppleWebKit/537.36 (KHTML, like Gecko) Chrome/80.0.3987.132 Safari/537.36"
172.18.0.1 - - [22/Mar/2020:07:47:27 +0000] "GET /bitrix/gadgets/bitrix/admin_security/images/lamp.png HTTP/1.1" 200 935 "http://site1.loc/bitrix/gadgets/bitrix/admin_security/styles.css?15848628133812" "Mozilla/5.0 (X11; Linux x86_64) AppleWebKit/537.36 (KHTML, like Gecko) Chrome/80.0.3987.132 Safari/537.36"
172.18.0.1 - - [22/Mar/2020:07:47:27 +0000] "POST /bitrix/gadgets/bitrix/rssreader/getdata.php HTTP/1.1" 200 662 "http://site1.loc/bitrix/admin/index.php?lang=ru&back_url_pub=%2F%3Ffinish%3D%26MUL_MODE%3D" "Mozilla/5.0 (X11; Linux x86_64) AppleWebKit/537.36 (KHTML, like Gecko) Chrome/80.0.3987.132 Safari/537.36"
172.18.0.1 - - [22/Mar/2020:07:47:33 +0000] "GET /bitrix/admin/user_options.php?p[0][c]=socialservices&p[0][n]=networkPopup&p[0][v][showcount]=1&sessid=cc6f6fbe67972538a19a8733021b43f7&_=1584863253200 HTTP/1.1" 200 564 "http://site1.loc/bitrix/admin/index.php?lang=ru&back_url_pub=%2F%3Ffinish%3D%26MUL_MODE%3D" "Mozilla/5.0 (X11; Linux x86_64) AppleWebKit/537.36 (KHTML, like Gecko) Chrome/80.0.3987.132 Safari/537.36"
127.0.0.1 - - [22/Mar/2020:07:47:41 +0000] "OPTIONS * HTTP/1.0" 200 126 "-" "Apache/2.4.38 (Debian) PHP/7.1.33 (internal dummy connection)"
172.18.0.1 - - [22/Mar/2020:07:47:45 +0000] "GET /bitrix/tools/oauth/socserv.ajax.php?action=networkclosepopup&sessid=cc6f6fbe67972538a19a8733021b43f7 HTTP/1.1" 200 567 "http://site1.loc/bitrix/admin/index.php?lang=ru&back_url_pub=%2F%3Ffinish%3D%26MUL_MODE%3D" "Mozilla/5.0 (X11; Linux x86_64) AppleWebKit/537.36 (KHTML, like Gecko) Chrome/80.0.3987.132 Safari/537.36"
172.18.0.1 - - [22/Mar/2020:07:47:53 +0000] "GET /bitrix/admin/user_options.php?p[0][c]=favorite&p[0][n]=favorite_menu&p[0][v][stick]=N&p[1][c]=admin_menu&p[1][n]=pos&p[1][v][sections]=menu_util&sessid=cc6f6fbe67972538a19a8733021b43f7&_=1584863273072 HTTP/1.1" 200 565 "http://site1.loc/bitrix/admin/index.php?lang=ru&back_url_pub=%2F%3Ffinish%3D%26MUL_MODE%3D" "Mozilla/5.0 (X11; Linux x86_64) AppleWebKit/537.36 (KHTML, like Gecko) Chrome/80.0.3987.132 Safari/537.36"
172.18.0.1 - - [22/Mar/2020:07:47:53 +0000] "GET /bitrix/admin/site_checker.php?lang=ru HTTP/1.1" 200 43325 "http://site1.loc/bitrix/admin/index.php?lang=ru&back_url_pub=%2F%3Ffinish%3D%26MUL_MODE%3D" "Mozilla/5.0 (X11; Linux x86_64) AppleWebKit/537.36 (KHTML, like Gecko) Chrome/80.0.3987.132 Safari/537.36"
172.18.0.1 - - [22/Mar/2020:07:47:53 +0000] "GET /bitrix/themes/.default/modules.css?158486324628506 HTTP/1.1" 200 5886 "http://site1.loc/bitrix/admin/site_checker.php?lang=ru" "Mozilla/5.0 (X11; Linux x86_64) AppleWebKit/537.36 (KHTML, like Gecko) Chrome/80.0.3987.132 Safari/537.36"
172.18.0.1 - - [22/Mar/2020:07:47:53 +0000] "GET /bitrix/js/ui/fonts/opensans/ui.font.opensans.css?15848629922003 HTTP/1.1" 200 590 "http://site1.loc/bitrix/admin/site_checker.php?lang=ru" "Mozilla/5.0 (X11; Linux x86_64) AppleWebKit/537.36 (KHTML, like Gecko) Chrome/80.0.3987.132 Safari/537.36"
172.18.0.1 - - [22/Mar/2020:07:48:00 +0000] "GET /bitrix/admin/site_checker.php?test_start=Y&lang=ru&sessid=cc6f6fbe67972538a19a8733021b43f7 HTTP/1.1" 200 1069 "http://site1.loc/bitrix/admin/site_checker.php?lang=ru" "Mozilla/5.0 (X11; Linux x86_64) AppleWebKit/537.36 (KHTML, like Gecko) Chrome/80.0.3987.132 Safari/537.36"
172.18.0.1 - - [22/Mar/2020:07:48:00 +0000] "GET /bitrix/admin/site_checker.php?HTTP_HOST=site1.loc&SERVER_PORT=&HTTPS=&test_start=Y&lang=ru&sessid=cc6f6fbe67972538a19a8733021b43f7&step=1&global_test_vars=YToyOntzOjIwOiJzaXRlX2NoZWNrZXJfc3VjY2VzcyI7czoxOiJZIjtzOjEwOiJsYXN0X3ZhbHVlIjtzOjA6IiI7fQ== HTTP/1.1" 200 1068 "http://site1.loc/bitrix/admin/site_checker.php?lang=ru" "Mozilla/5.0 (X11; Linux x86_64) AppleWebKit/537.36 (KHTML, like Gecko) Chrome/80.0.3987.132 Safari/537.36"
172.18.0.1 - - [22/Mar/2020:07:48:00 +0000] "GET /bitrix/admin/site_checker.php?HTTP_HOST=site1.loc&SERVER_PORT=&HTTPS=&test_start=Y&lang=ru&sessid=cc6f6fbe67972538a19a8733021b43f7&step=2&global_test_vars=YToyOntzOjIwOiJzaXRlX2NoZWNrZXJfc3VjY2VzcyI7czoxOiJZIjtzOjEwOiJsYXN0X3ZhbHVlIjtzOjA6IiI7fQ== HTTP/1.1" 200 1074 "http://site1.loc/bitrix/admin/site_checker.php?lang=ru" "Mozilla/5.0 (X11; Linux x86_64) AppleWebKit/537.36 (KHTML, like Gecko) Chrome/80.0.3987.132 Safari/537.36"
172.18.0.1 - - [22/Mar/2020:07:48:00 +0000] "GET /bitrix/admin/site_checker.php?HTTP_HOST=site1.loc&SERVER_PORT=&HTTPS=&test_start=Y&lang=ru&sessid=cc6f6fbe67972538a19a8733021b43f7&step=3&global_test_vars=YToyOntzOjIwOiJzaXRlX2NoZWNrZXJfc3VjY2VzcyI7czoxOiJZIjtzOjEwOiJsYXN0X3ZhbHVlIjtzOjA6IiI7fQ== HTTP/1.1" 200 1063 "http://site1.loc/bitrix/admin/site_checker.php?lang=ru" "Mozilla/5.0 (X11; Linux x86_64) AppleWebKit/537.36 (KHTML, like Gecko) Chrome/80.0.3987.132 Safari/537.36"
172.18.0.1 - - [22/Mar/2020:07:48:00 +0000] "GET /bitrix/admin/site_checker.php?HTTP_HOST=site1.loc&SERVER_PORT=&HTTPS=&test_start=Y&lang=ru&sessid=cc6f6fbe67972538a19a8733021b43f7&step=4&global_test_vars=YToyOntzOjIwOiJzaXRlX2NoZWNrZXJfc3VjY2VzcyI7czoxOiJZIjtzOjEwOiJsYXN0X3ZhbHVlIjtzOjA6IiI7fQ== HTTP/1.1" 200 1025 "http://site1.loc/bitrix/admin/site_checker.php?lang=ru" "Mozilla/5.0 (X11; Linux x86_64) AppleWebKit/537.36 (KHTML, like Gecko) Chrome/80.0.3987.132 Safari/537.36"
172.18.0.1 - - [22/Mar/2020:07:48:00 +0000] "GET /bitrix/admin/site_checker.php?HTTP_HOST=site1.loc&SERVER_PORT=&HTTPS=&test_start=Y&lang=ru&sessid=cc6f6fbe67972538a19a8733021b43f7&step=4&global_test_vars=YToyOntzOjIwOiJzaXRlX2NoZWNrZXJfc3VjY2VzcyI7czoxOiJZIjtzOjEwOiJsYXN0X3ZhbHVlIjtzOjE6IlkiO30= HTTP/1.1" 200 1077 "http://site1.loc/bitrix/admin/site_checker.php?lang=ru" "Mozilla/5.0 (X11; Linux x86_64) AppleWebKit/537.36 (KHTML, like Gecko) Chrome/80.0.3987.132 Safari/537.36"
172.18.0.1 - - [22/Mar/2020:07:48:00 +0000] "GET /bitrix/admin/site_checker.php?HTTP_HOST=site1.loc&SERVER_PORT=&HTTPS=&test_start=Y&lang=ru&sessid=cc6f6fbe67972538a19a8733021b43f7&step=5&global_test_vars=YToyOntzOjIwOiJzaXRlX2NoZWNrZXJfc3VjY2VzcyI7czoxOiJZIjtzOjEwOiJsYXN0X3ZhbHVlIjtzOjA6IiI7fQ== HTTP/1.1" 200 1106 "http://site1.loc/bitrix/admin/site_checker.php?lang=ru" "Mozilla/5.0 (X11; Linux x86_64) AppleWebKit/537.36 (KHTML, like Gecko) Chrome/80.0.3987.132 Safari/537.36"
172.18.0.1 - - [22/Mar/2020:07:48:00 +0000] "GET /bitrix/admin/site_checker.php?HTTP_HOST=site1.loc&SERVER_PORT=&HTTPS=&test_start=Y&lang=ru&sessid=cc6f6fbe67972538a19a8733021b43f7&step=6&global_test_vars=YToyOntzOjIwOiJzaXRlX2NoZWNrZXJfc3VjY2VzcyI7czoxOiJZIjtzOjEwOiJsYXN0X3ZhbHVlIjtzOjA6IiI7fQ== HTTP/1.1" 200 1114 "http://site1.loc/bitrix/admin/site_checker.php?lang=ru" "Mozilla/5.0 (X11; Linux x86_64) AppleWebKit/537.36 (KHTML, like Gecko) Chrome/80.0.3987.132 Safari/537.36"
127.0.0.1 - - [22/Mar/2020:07:48:00 +0000] "GET /bitrix/admin/site_checker.php?test_type=socket_test&unique_id=c370e4b2ea5a7af5ad4ac1bde890fb85 HTTP/1.1" 200 180 "-" "-"
172.18.0.1 - - [22/Mar/2020:07:48:00 +0000] "GET /bitrix/admin/site_checker.php?HTTP_HOST=site1.loc&SERVER_PORT=&HTTPS=&test_start=Y&lang=ru&sessid=cc6f6fbe67972538a19a8733021b43f7&step=7&global_test_vars=YToyOntzOjIwOiJzaXRlX2NoZWNrZXJfc3VjY2VzcyI7czoxOiJOIjtzOjEwOiJsYXN0X3ZhbHVlIjtzOjA6IiI7fQ== HTTP/1.1" 200 1057 "http://site1.loc/bitrix/admin/site_checker.php?lang=ru" "Mozilla/5.0 (X11; Linux x86_64) AppleWebKit/537.36 (KHTML, like Gecko) Chrome/80.0.3987.132 Safari/537.36"
172.18.0.1 - - [22/Mar/2020:07:48:00 +0000] "GET /bitrix/admin/site_checker.php?HTTP_HOST=site1.loc&SERVER_PORT=&HTTPS=&test_start=Y&lang=ru&sessid=cc6f6fbe67972538a19a8733021b43f7&step=8&global_test_vars=YToyOntzOjIwOiJzaXRlX2NoZWNrZXJfc3VjY2VzcyI7czoxOiJOIjtzOjEwOiJsYXN0X3ZhbHVlIjtzOjA6IiI7fQ== HTTP/1.1" 200 1154 "http://site1.loc/bitrix/admin/site_checker.php?lang=ru" "Mozilla/5.0 (X11; Linux x86_64) AppleWebKit/537.36 (KHTML, like Gecko) Chrome/80.0.3987.132 Safari/537.36"
172.18.0.1 - - [22/Mar/2020:07:48:01 +0000] "GET /bitrix/admin/site_checker.php?HTTP_HOST=site1.loc&SERVER_PORT=&HTTPS=&test_start=Y&lang=ru&sessid=cc6f6fbe67972538a19a8733021b43f7&step=9&global_test_vars=YTozOntzOjIwOiJzaXRlX2NoZWNrZXJfc3VjY2VzcyI7czoxOiJOIjtzOjEwOiJsYXN0X3ZhbHVlIjtzOjA6IiI7czoxNjoiY2hlY2tfYnhfY3JvbnRhYiI7YjowO30= HTTP/1.1" 200 1015 "http://site1.loc/bitrix/admin/site_checker.php?lang=ru" "Mozilla/5.0 (X11; Linux x86_64) AppleWebKit/537.36 (KHTML, like Gecko) Chrome/80.0.3987.132 Safari/537.36"
127.0.0.1 - - [22/Mar/2020:07:48:01 +0000] "GET /bitrix/admin/site_checker.php?test_type=dbconn_test&unique_id=c370e4b2ea5a7af5ad4ac1bde890fb85 HTTP/1.1" 200 537 "-" "-"
172.18.0.1 - - [22/Mar/2020:07:48:01 +0000] "GET /bitrix/admin/site_checker.php?HTTP_HOST=site1.loc&SERVER_PORT=&HTTPS=&test_start=Y&lang=ru&sessid=cc6f6fbe67972538a19a8733021b43f7&step=10&global_test_vars=YTozOntzOjIwOiJzaXRlX2NoZWNrZXJfc3VjY2VzcyI7czoxOiJOIjtzOjEwOiJsYXN0X3ZhbHVlIjtzOjA6IiI7czoxNjoiY2hlY2tfYnhfY3JvbnRhYiI7YjowO30= HTTP/1.1" 200 995 "http://site1.loc/bitrix/admin/site_checker.php?lang=ru" "Mozilla/5.0 (X11; Linux x86_64) AppleWebKit/537.36 (KHTML, like Gecko) Chrome/80.0.3987.132 Safari/537.36"
127.0.0.1 - - [22/Mar/2020:07:48:01 +0000] "GET /bitrix/admin/site_checker.php?test_type=session_test&unique_id=c370e4b2ea5a7af5ad4ac1bde890fb85 HTTP/1.1" 200 341 "-" "-"
172.18.0.1 - - [22/Mar/2020:07:48:01 +0000] "GET /bitrix/admin/site_checker.php?HTTP_HOST=site1.loc&SERVER_PORT=&HTTPS=&test_start=Y&lang=ru&sessid=cc6f6fbe67972538a19a8733021b43f7&step=11&global_test_vars=YTozOntzOjIwOiJzaXRlX2NoZWNrZXJfc3VjY2VzcyI7czoxOiJOIjtzOjEwOiJsYXN0X3ZhbHVlIjtzOjA6IiI7czoxNjoiY2hlY2tfYnhfY3JvbnRhYiI7YjowO30= HTTP/1.1" 200 982 "http://site1.loc/bitrix/admin/site_checker.php?lang=ru" "Mozilla/5.0 (X11; Linux x86_64) AppleWebKit/537.36 (KHTML, like Gecko) Chrome/80.0.3987.132 Safari/537.36"
127.0.0.1 - - [22/Mar/2020:07:48:01 +0000] "GET /bitrix/admin/site_checker.php?test_type=session_test&unique_id=c370e4b2ea5a7af5ad4ac1bde890fb85 HTTP/1.1" 200 290 "-" "-"
172.18.0.1 - - [22/Mar/2020:07:48:01 +0000] "GET /bitrix/admin/site_checker.php?HTTP_HOST=site1.loc&SERVER_PORT=&HTTPS=&test_start=Y&lang=ru&sessid=cc6f6fbe67972538a19a8733021b43f7&step=11&global_test_vars=YTozOntzOjIwOiJzaXRlX2NoZWNrZXJfc3VjY2VzcyI7czoxOiJOIjtzOjEwOiJsYXN0X3ZhbHVlIjtzOjM2OiJQSFBTRVNTSUQ9OHZndG1kb21rMHY3cmtlaHM4a3Nmc3RoNmIiO3M6MTY6ImNoZWNrX2J4X2Nyb250YWIiO2I6MDt9 HTTP/1.1" 200 974 "http://site1.loc/bitrix/admin/site_checker.php?lang=ru" "Mozilla/5.0 (X11; Linux x86_64) AppleWebKit/537.36 (KHTML, like Gecko) Chrome/80.0.3987.132 Safari/537.36"
172.18.0.1 - - [22/Mar/2020:07:48:01 +0000] "GET /bitrix/admin/site_checker.php?HTTP_HOST=site1.loc&SERVER_PORT=&HTTPS=&test_start=Y&lang=ru&sessid=cc6f6fbe67972538a19a8733021b43f7&step=12&global_test_vars=YTozOntzOjIwOiJzaXRlX2NoZWNrZXJfc3VjY2VzcyI7czoxOiJOIjtzOjEwOiJsYXN0X3ZhbHVlIjtzOjA6IiI7czoxNjoiY2hlY2tfYnhfY3JvbnRhYiI7YjowO30= HTTP/1.1" 200 964 "http://site1.loc/bitrix/admin/site_checker.php?lang=ru" "Mozilla/5.0 (X11; Linux x86_64) AppleWebKit/537.36 (KHTML, like Gecko) Chrome/80.0.3987.132 Safari/537.36"
172.18.0.1 - - [22/Mar/2020:07:48:01 +0000] "GET /bitrix/admin/site_checker.php?HTTP_HOST=site1.loc&SERVER_PORT=&HTTPS=&test_start=Y&lang=ru&sessid=cc6f6fbe67972538a19a8733021b43f7&step=13&global_test_vars=YTozOntzOjIwOiJzaXRlX2NoZWNrZXJfc3VjY2VzcyI7czoxOiJOIjtzOjEwOiJsYXN0X3ZhbHVlIjtzOjA6IiI7czoxNjoiY2hlY2tfYnhfY3JvbnRhYiI7YjowO30= HTTP/1.1" 200 987 "http://site1.loc/bitrix/admin/site_checker.php?lang=ru" "Mozilla/5.0 (X11; Linux x86_64) AppleWebKit/537.36 (KHTML, like Gecko) Chrome/80.0.3987.132 Safari/537.36"
127.0.0.1 - - [22/Mar/2020:07:48:01 +0000] "GET /bitrix/admin/site_checker.php?test_type=pcre_recursion_test&unique_id=c370e4b2ea5a7af5ad4ac1bde890fb85 HTTP/1.1" 200 178 "-" "-"
172.18.0.1 - - [22/Mar/2020:07:48:01 +0000] "GET /bitrix/admin/site_checker.php?HTTP_HOST=site1.loc&SERVER_PORT=&HTTPS=&test_start=Y&lang=ru&sessid=cc6f6fbe67972538a19a8733021b43f7&step=14&global_test_vars=YTozOntzOjIwOiJzaXRlX2NoZWNrZXJfc3VjY2VzcyI7czoxOiJOIjtzOjEwOiJsYXN0X3ZhbHVlIjtzOjA6IiI7czoxNjoiY2hlY2tfYnhfY3JvbnRhYiI7YjowO30= HTTP/1.1" 200 1052 "http://site1.loc/bitrix/admin/site_checker.php?lang=ru" "Mozilla/5.0 (X11; Linux x86_64) AppleWebKit/537.36 (KHTML, like Gecko) Chrome/80.0.3987.132 Safari/537.36"
127.0.0.1 - - [22/Mar/2020:07:48:01 +0000] "POST /bitrix/admin/site_checker.php?test_type=upload_test&unique_id=c370e4b2ea5a7af5ad4ac1bde890fb85&big=0&raw=0 HTTP/1.1" 200 180 "-" "-"
172.18.0.1 - - [22/Mar/2020:07:48:01 +0000] "GET /bitrix/admin/site_checker.php?HTTP_HOST=site1.loc&SERVER_PORT=&HTTPS=&test_start=Y&lang=ru&sessid=cc6f6fbe67972538a19a8733021b43f7&step=15&global_test_vars=YTozOntzOjIwOiJzaXRlX2NoZWNrZXJfc3VjY2VzcyI7czoxOiJOIjtzOjEwOiJsYXN0X3ZhbHVlIjtzOjA6IiI7czoxNjoiY2hlY2tfYnhfY3JvbnRhYiI7YjowO30= HTTP/1.1" 200 955 "http://site1.loc/bitrix/admin/site_checker.php?lang=ru" "Mozilla/5.0 (X11; Linux x86_64) AppleWebKit/537.36 (KHTML, like Gecko) Chrome/80.0.3987.132 Safari/537.36"
127.0.0.1 - - [22/Mar/2020:07:48:01 +0000] "POST /bitrix/admin/site_checker.php?test_type=upload_test&unique_id=c370e4b2ea5a7af5ad4ac1bde890fb85&big=1&raw=0 HTTP/1.1" 200 470 "-" "-"
172.18.0.1 - - [22/Mar/2020:07:48:01 +0000] "GET /bitrix/admin/site_checker.php?HTTP_HOST=site1.loc&SERVER_PORT=&HTTPS=&test_start=Y&lang=ru&sessid=cc6f6fbe67972538a19a8733021b43f7&step=16&global_test_vars=YTozOntzOjIwOiJzaXRlX2NoZWNrZXJfc3VjY2VzcyI7czoxOiJOIjtzOjEwOiJsYXN0X3ZhbHVlIjtzOjA6IiI7czoxNjoiY2hlY2tfYnhfY3JvbnRhYiI7YjowO30= HTTP/1.1" 200 989 "http://site1.loc/bitrix/admin/site_checker.php?lang=ru" "Mozilla/5.0 (X11; Linux x86_64) AppleWebKit/537.36 (KHTML, like Gecko) Chrome/80.0.3987.132 Safari/537.36"
127.0.0.1 - - [22/Mar/2020:07:48:01 +0000] "POST /bitrix/admin/site_checker.php?test_type=upload_test&unique_id=c370e4b2ea5a7af5ad4ac1bde890fb85&big=0&raw=1 HTTP/1.1" 200 180 "-" "-"
172.18.0.1 - - [22/Mar/2020:07:48:01 +0000] "GET /bitrix/admin/site_checker.php?HTTP_HOST=site1.loc&SERVER_PORT=&HTTPS=&test_start=Y&lang=ru&sessid=cc6f6fbe67972538a19a8733021b43f7&step=17&global_test_vars=YTozOntzOjIwOiJzaXRlX2NoZWNrZXJfc3VjY2VzcyI7czoxOiJOIjtzOjEwOiJsYXN0X3ZhbHVlIjtzOjA6IiI7czoxNjoiY2hlY2tfYnhfY3JvbnRhYiI7YjowO30= HTTP/1.1" 200 1016 "http://site1.loc/bitrix/admin/site_checker.php?lang=ru" "Mozilla/5.0 (X11; Linux x86_64) AppleWebKit/537.36 (KHTML, like Gecko) Chrome/80.0.3987.132 Safari/537.36"
127.0.0.1 - - [22/Mar/2020:07:48:01 +0000] "POST /bitrix/admin/site_checker.php?test_type=post_test&unique_id=c370e4b2ea5a7af5ad4ac1bde890fb85 HTTP/1.1" 200 180 "-" "-"
172.18.0.1 - - [22/Mar/2020:07:48:01 +0000] "GET /bitrix/admin/site_checker.php?HTTP_HOST=site1.loc&SERVER_PORT=&HTTPS=&test_start=Y&lang=ru&sessid=cc6f6fbe67972538a19a8733021b43f7&step=18&global_test_vars=YTozOntzOjIwOiJzaXRlX2NoZWNrZXJfc3VjY2VzcyI7czoxOiJOIjtzOjEwOiJsYXN0X3ZhbHVlIjtzOjA6IiI7czoxNjoiY2hlY2tfYnhfY3JvbnRhYiI7YjowO30= HTTP/1.1" 200 990 "http://site1.loc/bitrix/admin/site_checker.php?lang=ru" "Mozilla/5.0 (X11; Linux x86_64) AppleWebKit/537.36 (KHTML, like Gecko) Chrome/80.0.3987.132 Safari/537.36"
172.18.0.1 - - [22/Mar/2020:07:48:02 +0000] "GET /bitrix/admin/site_checker.php?HTTP_HOST=site1.loc&SERVER_PORT=&HTTPS=&test_start=Y&lang=ru&sessid=cc6f6fbe67972538a19a8733021b43f7&step=19&global_test_vars=YTozOntzOjIwOiJzaXRlX2NoZWNrZXJfc3VjY2VzcyI7czoxOiJOIjtzOjEwOiJsYXN0X3ZhbHVlIjtzOjA6IiI7czoxNjoiY2hlY2tfYnhfY3JvbnRhYiI7YjowO30= HTTP/1.1" 200 986 "http://site1.loc/bitrix/admin/site_checker.php?lang=ru" "Mozilla/5.0 (X11; Linux x86_64) AppleWebKit/537.36 (KHTML, like Gecko) Chrome/80.0.3987.132 Safari/537.36"
172.18.0.1 - - [22/Mar/2020:07:48:02 +0000] "GET /bitrix/admin/site_checker.php?HTTP_HOST=site1.loc&SERVER_PORT=&HTTPS=&test_start=Y&lang=ru&sessid=cc6f6fbe67972538a19a8733021b43f7&step=20&global_test_vars=YTozOntzOjIwOiJzaXRlX2NoZWNrZXJfc3VjY2VzcyI7czoxOiJOIjtzOjEwOiJsYXN0X3ZhbHVlIjtzOjA6IiI7czoxNjoiY2hlY2tfYnhfY3JvbnRhYiI7YjowO30= HTTP/1.1" 200 1025 "http://site1.loc/bitrix/admin/site_checker.php?lang=ru" "Mozilla/5.0 (X11; Linux x86_64) AppleWebKit/537.36 (KHTML, like Gecko) Chrome/80.0.3987.132 Safari/537.36"
172.18.0.1 - - [22/Mar/2020:07:48:02 +0000] "GET /bitrix/admin/site_checker.php?HTTP_HOST=site1.loc&SERVER_PORT=&HTTPS=&test_start=Y&lang=ru&sessid=cc6f6fbe67972538a19a8733021b43f7&step=21&global_test_vars=YTozOntzOjIwOiJzaXRlX2NoZWNrZXJfc3VjY2VzcyI7czoxOiJOIjtzOjEwOiJsYXN0X3ZhbHVlIjtzOjA6IiI7czoxNjoiY2hlY2tfYnhfY3JvbnRhYiI7YjowO30= HTTP/1.1" 200 1021 "http://site1.loc/bitrix/admin/site_checker.php?lang=ru" "Mozilla/5.0 (X11; Linux x86_64) AppleWebKit/537.36 (KHTML, like Gecko) Chrome/80.0.3987.132 Safari/537.36"
127.0.0.1 - - [22/Mar/2020:07:48:02 +0000] "GET /bitrix/admin/site_checker.php?test_type=redirect_test&unique_id=c370e4b2ea5a7af5ad4ac1bde890fb85&SERVER_PORT=80&HTTPS=&FCGI_ROLE=&HTTP_HOST=site1.loc&SERVER_PROTOCOL=HTTP%2F1.1 HTTP/1.1" 302 469 "-" "-"
172.18.0.1 - - [22/Mar/2020:07:48:02 +0000] "GET /bitrix/admin/site_checker.php?HTTP_HOST=site1.loc&SERVER_PORT=&HTTPS=&test_start=Y&lang=ru&sessid=cc6f6fbe67972538a19a8733021b43f7&step=22&global_test_vars=YTozOntzOjIwOiJzaXRlX2NoZWNrZXJfc3VjY2VzcyI7czoxOiJOIjtzOjEwOiJsYXN0X3ZhbHVlIjtzOjA6IiI7czoxNjoiY2hlY2tfYnhfY3JvbnRhYiI7YjowO30= HTTP/1.1" 200 1049 "http://site1.loc/bitrix/admin/site_checker.php?lang=ru" "Mozilla/5.0 (X11; Linux x86_64) AppleWebKit/537.36 (KHTML, like Gecko) Chrome/80.0.3987.132 Safari/537.36"
127.0.0.1 - - [22/Mar/2020:07:48:02 +0000] "GET /bitrix/admin/site_checker.php?test_type=redirect_test&unique_id=c370e4b2ea5a7af5ad4ac1bde890fb85&SERVER_PORT=80&HTTPS=&FCGI_ROLE=&HTTP_HOST=site1.loc&SERVER_PROTOCOL=HTTP%2F1.1&done=Y HTTP/1.1" 200 180 "-" "-"
172.18.0.1 - - [22/Mar/2020:07:48:02 +0000] "GET /bitrix/admin/site_checker.php?HTTP_HOST=site1.loc&SERVER_PORT=&HTTPS=&test_start=Y&lang=ru&sessid=cc6f6fbe67972538a19a8733021b43f7&step=22&global_test_vars=YTozOntzOjIwOiJzaXRlX2NoZWNrZXJfc3VjY2VzcyI7czoxOiJOIjtzOjEwOiJsYXN0X3ZhbHVlIjtzOjgyOiJodHRwOi8vc2l0ZTEubG9jP3JlZGlyZWN0X3Rlc3Q9WSZkb25lPVkmdW5pcXVlX2lkPWMzNzBlNGIyZWE1YTdhZjVhZDRhYzFiZGU4OTBmYjg1IjtzOjE2OiJjaGVja19ieF9jcm9udGFiIjtiOjA7fQ== HTTP/1.1" 200 1005 "http://site1.loc/bitrix/admin/site_checker.php?lang=ru" "Mozilla/5.0 (X11; Linux x86_64) AppleWebKit/537.36 (KHTML, like Gecko) Chrome/80.0.3987.132 Safari/537.36"
127.0.0.1 - - [22/Mar/2020:07:48:02 +0000] "GET /bitrix/admin/site_checker.php?test_type=memory_test&unique_id=c370e4b2ea5a7af5ad4ac1bde890fb85&max=15 HTTP/1.1" 200 180 "-" "-"
172.18.0.1 - - [22/Mar/2020:07:48:02 +0000] "GET /bitrix/admin/site_checker.php?HTTP_HOST=site1.loc&SERVER_PORT=&HTTPS=&test_start=Y&lang=ru&sessid=cc6f6fbe67972538a19a8733021b43f7&step=23&global_test_vars=YTozOntzOjIwOiJzaXRlX2NoZWNrZXJfc3VjY2VzcyI7czoxOiJOIjtzOjEwOiJsYXN0X3ZhbHVlIjtzOjA6IiI7czoxNjoiY2hlY2tfYnhfY3JvbnRhYiI7YjowO30= HTTP/1.1" 200 969 "http://site1.loc/bitrix/admin/site_checker.php?lang=ru" "Mozilla/5.0 (X11; Linux x86_64) AppleWebKit/537.36 (KHTML, like Gecko) Chrome/80.0.3987.132 Safari/537.36"
127.0.0.1 - - [22/Mar/2020:07:48:02 +0000] "GET /bitrix/admin/site_checker.php?test_type=memory_test&unique_id=c370e4b2ea5a7af5ad4ac1bde890fb85&max=31 HTTP/1.1" 200 180 "-" "-"
172.18.0.1 - - [22/Mar/2020:07:48:02 +0000] "GET /bitrix/admin/site_checker.php?HTTP_HOST=site1.loc&SERVER_PORT=&HTTPS=&test_start=Y&lang=ru&sessid=cc6f6fbe67972538a19a8733021b43f7&step=23&global_test_vars=YTozOntzOjIwOiJzaXRlX2NoZWNrZXJfc3VjY2VzcyI7czoxOiJOIjtzOjEwOiJsYXN0X3ZhbHVlIjtzOjMyOiJhOjM6e2k6MDtpOjE2O2k6MTtpOjMyO2k6MjtpOjI7fSI7czoxNjoiY2hlY2tfYnhfY3JvbnRhYiI7YjowO30= HTTP/1.1" 200 968 "http://site1.loc/bitrix/admin/site_checker.php?lang=ru" "Mozilla/5.0 (X11; Linux x86_64) AppleWebKit/537.36 (KHTML, like Gecko) Chrome/80.0.3987.132 Safari/537.36"
127.0.0.1 - - [22/Mar/2020:07:48:02 +0000] "GET /bitrix/admin/site_checker.php?test_type=memory_test&unique_id=c370e4b2ea5a7af5ad4ac1bde890fb85&max=63 HTTP/1.1" 200 180 "-" "-"
172.18.0.1 - - [22/Mar/2020:07:48:02 +0000] "GET /bitrix/admin/site_checker.php?HTTP_HOST=site1.loc&SERVER_PORT=&HTTPS=&test_start=Y&lang=ru&sessid=cc6f6fbe67972538a19a8733021b43f7&step=23&global_test_vars=YTozOntzOjIwOiJzaXRlX2NoZWNrZXJfc3VjY2VzcyI7czoxOiJOIjtzOjEwOiJsYXN0X3ZhbHVlIjtzOjMyOiJhOjM6e2k6MDtpOjMyO2k6MTtpOjY0O2k6MjtpOjM7fSI7czoxNjoiY2hlY2tfYnhfY3JvbnRhYiI7YjowO30= HTTP/1.1" 200 970 "http://site1.loc/bitrix/admin/site_checker.php?lang=ru" "Mozilla/5.0 (X11; Linux x86_64) AppleWebKit/537.36 (KHTML, like Gecko) Chrome/80.0.3987.132 Safari/537.36"
127.0.0.1 - - [22/Mar/2020:07:48:04 +0000] "GET /bitrix/admin/site_checker.php?test_type=memory_test&unique_id=c370e4b2ea5a7af5ad4ac1bde890fb85&max=127 HTTP/1.1" 200 180 "-" "-"
172.18.0.1 - - [22/Mar/2020:07:48:04 +0000] "GET /bitrix/admin/site_checker.php?HTTP_HOST=site1.loc&SERVER_PORT=&HTTPS=&test_start=Y&lang=ru&sessid=cc6f6fbe67972538a19a8733021b43f7&step=23&global_test_vars=YTozOntzOjIwOiJzaXRlX2NoZWNrZXJfc3VjY2VzcyI7czoxOiJOIjtzOjEwOiJsYXN0X3ZhbHVlIjtzOjMzOiJhOjM6e2k6MDtpOjY0O2k6MTtpOjEyODtpOjI7aTo0O30iO3M6MTY6ImNoZWNrX2J4X2Nyb250YWIiO2I6MDt9 HTTP/1.1" 200 974 "http://site1.loc/bitrix/admin/site_checker.php?lang=ru" "Mozilla/5.0 (X11; Linux x86_64) AppleWebKit/537.36 (KHTML, like Gecko) Chrome/80.0.3987.132 Safari/537.36"
127.0.0.1 - - [22/Mar/2020:07:48:18 +0000] "GET /bitrix/admin/site_checker.php?test_type=memory_test&unique_id=c370e4b2ea5a7af5ad4ac1bde890fb85&max=255 HTTP/1.1" 200 180 "-" "-"
172.18.0.1 - - [22/Mar/2020:07:48:18 +0000] "GET /bitrix/admin/site_checker.php?HTTP_HOST=site1.loc&SERVER_PORT=&HTTPS=&test_start=Y&lang=ru&sessid=cc6f6fbe67972538a19a8733021b43f7&step=23&global_test_vars=YTozOntzOjIwOiJzaXRlX2NoZWNrZXJfc3VjY2VzcyI7czoxOiJOIjtzOjEwOiJsYXN0X3ZhbHVlIjtzOjM0OiJhOjM6e2k6MDtpOjEyODtpOjE7aToyNTY7aToyO2k6NTt9IjtzOjE2OiJjaGVja19ieF9jcm9udGFiIjtiOjA7fQ== HTTP/1.1" 200 989 "http://site1.loc/bitrix/admin/site_checker.php?lang=ru" "Mozilla/5.0 (X11; Linux x86_64) AppleWebKit/537.36 (KHTML, like Gecko) Chrome/80.0.3987.132 Safari/537.36"
172.18.0.1 - - [22/Mar/2020:07:48:34 +0000] "GET /bitrix/admin/site_checker.php?HTTP_HOST=site1.loc&SERVER_PORT=&HTTPS=&test_start=Y&lang=ru&sessid=cc6f6fbe67972538a19a8733021b43f7&step=24&global_test_vars=YTozOntzOjIwOiJzaXRlX2NoZWNrZXJfc3VjY2VzcyI7czoxOiJOIjtzOjEwOiJsYXN0X3ZhbHVlIjtzOjA6IiI7czoxNjoiY2hlY2tfYnhfY3JvbnRhYiI7YjowO30= HTTP/1.1" 200 974 "http://site1.loc/bitrix/admin/site_checker.php?lang=ru" "Mozilla/5.0 (X11; Linux x86_64) AppleWebKit/537.36 (KHTML, like Gecko) Chrome/80.0.3987.132 Safari/537.36"
172.18.0.1 - - [22/Mar/2020:07:48:34 +0000] "GET /bitrix/admin/site_checker.php?HTTP_HOST=site1.loc&SERVER_PORT=&HTTPS=&test_start=Y&lang=ru&sessid=cc6f6fbe67972538a19a8733021b43f7&step=25&global_test_vars=YTozOntzOjIwOiJzaXRlX2NoZWNrZXJfc3VjY2VzcyI7czoxOiJOIjtzOjEwOiJsYXN0X3ZhbHVlIjtzOjA6IiI7czoxNjoiY2hlY2tfYnhfY3JvbnRhYiI7YjowO30= HTTP/1.1" 200 970 "http://site1.loc/bitrix/admin/site_checker.php?lang=ru" "Mozilla/5.0 (X11; Linux x86_64) AppleWebKit/537.36 (KHTML, like Gecko) Chrome/80.0.3987.132 Safari/537.36"
127.0.0.1 - test_user [22/Mar/2020:07:48:34 +0000] "GET /bitrix/admin/site_checker.php?test_type=auth_test&unique_id=c370e4b2ea5a7af5ad4ac1bde890fb85 HTTP/1.1" 200 180 "-" "-"
172.18.0.1 - - [22/Mar/2020:07:48:34 +0000] "GET /bitrix/admin/site_checker.php?HTTP_HOST=site1.loc&SERVER_PORT=&HTTPS=&test_start=Y&lang=ru&sessid=cc6f6fbe67972538a19a8733021b43f7&step=26&global_test_vars=YTozOntzOjIwOiJzaXRlX2NoZWNrZXJfc3VjY2VzcyI7czoxOiJOIjtzOjEwOiJsYXN0X3ZhbHVlIjtzOjA6IiI7czoxNjoiY2hlY2tfYnhfY3JvbnRhYiI7YjowO30= HTTP/1.1" 200 970 "http://site1.loc/bitrix/admin/site_checker.php?lang=ru" "Mozilla/5.0 (X11; Linux x86_64) AppleWebKit/537.36 (KHTML, like Gecko) Chrome/80.0.3987.132 Safari/537.36"
127.0.0.1 - - [22/Mar/2020:07:48:34 +0000] "GET /bitrix/site_check_exec.php HTTP/1.1" 200 180 "-" "-"
172.18.0.1 - - [22/Mar/2020:07:48:34 +0000] "GET /bitrix/admin/site_checker.php?HTTP_HOST=site1.loc&SERVER_PORT=&HTTPS=&test_start=Y&lang=ru&sessid=cc6f6fbe67972538a19a8733021b43f7&step=27&global_test_vars=YTozOntzOjIwOiJzaXRlX2NoZWNrZXJfc3VjY2VzcyI7czoxOiJOIjtzOjEwOiJsYXN0X3ZhbHVlIjtzOjA6IiI7czoxNjoiY2hlY2tfYnhfY3JvbnRhYiI7YjowO30= HTTP/1.1" 200 970 "http://site1.loc/bitrix/admin/site_checker.php?lang=ru" "Mozilla/5.0 (X11; Linux x86_64) AppleWebKit/537.36 (KHTML, like Gecko) Chrome/80.0.3987.132 Safari/537.36"
172.18.0.1 - - [22/Mar/2020:07:48:34 +0000] "GET /bitrix/admin/site_checker.php?HTTP_HOST=site1.loc&SERVER_PORT=&HTTPS=&test_start=Y&lang=ru&sessid=cc6f6fbe67972538a19a8733021b43f7&step=28&global_test_vars=YTozOntzOjIwOiJzaXRlX2NoZWNrZXJfc3VjY2VzcyI7czoxOiJOIjtzOjEwOiJsYXN0X3ZhbHVlIjtzOjA6IiI7czoxNjoiY2hlY2tfYnhfY3JvbnRhYiI7YjowO30= HTTP/1.1" 200 962 "http://site1.loc/bitrix/admin/site_checker.php?lang=ru" "Mozilla/5.0 (X11; Linux x86_64) AppleWebKit/537.36 (KHTML, like Gecko) Chrome/80.0.3987.132 Safari/537.36"
172.18.0.1 - - [22/Mar/2020:07:48:34 +0000] "GET /bitrix/admin/site_checker.php?HTTP_HOST=site1.loc&SERVER_PORT=&HTTPS=&test_start=Y&lang=ru&sessid=cc6f6fbe67972538a19a8733021b43f7&step=29&global_test_vars=YTozOntzOjIwOiJzaXRlX2NoZWNrZXJfc3VjY2VzcyI7czoxOiJOIjtzOjEwOiJsYXN0X3ZhbHVlIjtzOjA6IiI7czoxNjoiY2hlY2tfYnhfY3JvbnRhYiI7YjowO30= HTTP/1.1" 200 971 "http://site1.loc/bitrix/admin/site_checker.php?lang=ru" "Mozilla/5.0 (X11; Linux x86_64) AppleWebKit/537.36 (KHTML, like Gecko) Chrome/80.0.3987.132 Safari/537.36"
172.18.0.1 - - [22/Mar/2020:07:48:34 +0000] "GET /bitrix/admin/site_checker.php?HTTP_HOST=site1.loc&SERVER_PORT=&HTTPS=&test_start=Y&lang=ru&sessid=cc6f6fbe67972538a19a8733021b43f7&step=30&global_test_vars=YTozOntzOjIwOiJzaXRlX2NoZWNrZXJfc3VjY2VzcyI7czoxOiJOIjtzOjEwOiJsYXN0X3ZhbHVlIjtzOjA6IiI7czoxNjoiY2hlY2tfYnhfY3JvbnRhYiI7YjowO30= HTTP/1.1" 200 1012 "http://site1.loc/bitrix/admin/site_checker.php?lang=ru" "Mozilla/5.0 (X11; Linux x86_64) AppleWebKit/537.36 (KHTML, like Gecko) Chrome/80.0.3987.132 Safari/537.36"
172.18.0.1 - - [22/Mar/2020:07:48:35 +0000] "GET /bitrix/admin/site_checker.php?HTTP_HOST=site1.loc&SERVER_PORT=&HTTPS=&test_start=Y&lang=ru&sessid=cc6f6fbe67972538a19a8733021b43f7&step=31&global_test_vars=YTozOntzOjIwOiJzaXRlX2NoZWNrZXJfc3VjY2VzcyI7czoxOiJOIjtzOjEwOiJsYXN0X3ZhbHVlIjtzOjA6IiI7czoxNjoiY2hlY2tfYnhfY3JvbnRhYiI7YjowO30= HTTP/1.1" 200 1008 "http://site1.loc/bitrix/admin/site_checker.php?lang=ru" "Mozilla/5.0 (X11; Linux x86_64) AppleWebKit/537.36 (KHTML, like Gecko) Chrome/80.0.3987.132 Safari/537.36"
172.18.0.1 - - [22/Mar/2020:07:48:35 +0000] "GET /bitrix/admin/site_checker.php?HTTP_HOST=site1.loc&SERVER_PORT=&HTTPS=&test_start=Y&lang=ru&sessid=cc6f6fbe67972538a19a8733021b43f7&step=32&global_test_vars=YTozOntzOjIwOiJzaXRlX2NoZWNrZXJfc3VjY2VzcyI7czoxOiJOIjtzOjEwOiJsYXN0X3ZhbHVlIjtzOjA6IiI7czoxNjoiY2hlY2tfYnhfY3JvbnRhYiI7YjowO30= HTTP/1.1" 200 953 "http://site1.loc/bitrix/admin/site_checker.php?lang=ru" "Mozilla/5.0 (X11; Linux x86_64) AppleWebKit/537.36 (KHTML, like Gecko) Chrome/80.0.3987.132 Safari/537.36"
172.18.0.1 - - [22/Mar/2020:07:48:35 +0000] "GET /bitrix/admin/site_checker.php?HTTP_HOST=site1.loc&SERVER_PORT=&HTTPS=&test_start=Y&lang=ru&sessid=cc6f6fbe67972538a19a8733021b43f7&step=33&global_test_vars=YTozOntzOjIwOiJzaXRlX2NoZWNrZXJfc3VjY2VzcyI7czoxOiJOIjtzOjEwOiJsYXN0X3ZhbHVlIjtzOjA6IiI7czoxNjoiY2hlY2tfYnhfY3JvbnRhYiI7YjowO30= HTTP/1.1" 200 957 "http://site1.loc/bitrix/admin/site_checker.php?lang=ru" "Mozilla/5.0 (X11; Linux x86_64) AppleWebKit/537.36 (KHTML, like Gecko) Chrome/80.0.3987.132 Safari/537.36"
172.18.0.1 - - [22/Mar/2020:07:48:35 +0000] "GET /bitrix/admin/site_checker.php?HTTP_HOST=site1.loc&SERVER_PORT=&HTTPS=&test_start=Y&lang=ru&sessid=cc6f6fbe67972538a19a8733021b43f7&step=34&global_test_vars=YTozOntzOjIwOiJzaXRlX2NoZWNrZXJfc3VjY2VzcyI7czoxOiJOIjtzOjEwOiJsYXN0X3ZhbHVlIjtzOjA6IiI7czoxNjoiY2hlY2tfYnhfY3JvbnRhYiI7YjowO30= HTTP/1.1" 200 969 "http://site1.loc/bitrix/admin/site_checker.php?lang=ru" "Mozilla/5.0 (X11; Linux x86_64) AppleWebKit/537.36 (KHTML, like Gecko) Chrome/80.0.3987.132 Safari/537.36"
172.18.0.1 - - [22/Mar/2020:07:48:37 +0000] "GET /bitrix/admin/site_checker.php?HTTP_HOST=site1.loc&SERVER_PORT=&HTTPS=&test_start=Y&lang=ru&sessid=cc6f6fbe67972538a19a8733021b43f7&step=35&global_test_vars=YTozOntzOjIwOiJzaXRlX2NoZWNrZXJfc3VjY2VzcyI7czoxOiJOIjtzOjEwOiJsYXN0X3ZhbHVlIjtzOjA6IiI7czoxNjoiY2hlY2tfYnhfY3JvbnRhYiI7YjowO30= HTTP/1.1" 200 940 "http://site1.loc/bitrix/admin/site_checker.php?lang=ru" "Mozilla/5.0 (X11; Linux x86_64) AppleWebKit/537.36 (KHTML, like Gecko) Chrome/80.0.3987.132 Safari/537.36"
172.18.0.1 - - [22/Mar/2020:07:48:40 +0000] "GET /bitrix/admin/site_checker.php?HTTP_HOST=site1.loc&SERVER_PORT=&HTTPS=&test_start=Y&lang=ru&sessid=cc6f6fbe67972538a19a8733021b43f7&step=35&global_test_vars=YTozOntzOjIwOiJzaXRlX2NoZWNrZXJfc3VjY2VzcyI7czoxOiJOIjtzOjEwOiJsYXN0X3ZhbHVlIjtzOjc6InBlcmZtb24iO3M6MTY6ImNoZWNrX2J4X2Nyb250YWIiO2I6MDt9 HTTP/1.1" 200 944 "http://site1.loc/bitrix/admin/site_checker.php?lang=ru" "Mozilla/5.0 (X11; Linux x86_64) AppleWebKit/537.36 (KHTML, like Gecko) Chrome/80.0.3987.132 Safari/537.36"
172.18.0.1 - - [22/Mar/2020:07:48:40 +0000] "GET /bitrix/admin/site_checker.php?HTTP_HOST=site1.loc&SERVER_PORT=&HTTPS=&test_start=Y&lang=ru&sessid=cc6f6fbe67972538a19a8733021b43f7&step=35&global_test_vars=YTozOntzOjIwOiJzaXRlX2NoZWNrZXJfc3VjY2VzcyI7czoxOiJOIjtzOjE2OiJjaGVja19ieF9jcm9udGFiIjtiOjA7czoxMDoibGFzdF92YWx1ZSI7czoxMjoiYjI0Y29ubmVjdG9yIjt9 HTTP/1.1" 200 932 "http://site1.loc/bitrix/admin/site_checker.php?lang=ru" "Mozilla/5.0 (X11; Linux x86_64) AppleWebKit/537.36 (KHTML, like Gecko) Chrome/80.0.3987.132 Safari/537.36"
172.18.0.1 - - [22/Mar/2020:07:48:44 +0000] "GET /bitrix/admin/site_checker.php?HTTP_HOST=site1.loc&SERVER_PORT=&HTTPS=&test_start=Y&lang=ru&sessid=cc6f6fbe67972538a19a8733021b43f7&step=35&global_test_vars=YTozOntzOjIwOiJzaXRlX2NoZWNrZXJfc3VjY2VzcyI7czoxOiJOIjtzOjE2OiJjaGVja19ieF9jcm9udGFiIjtiOjA7czoxMDoibGFzdF92YWx1ZSI7czo0OiJyZXN0Ijt9 HTTP/1.1" 200 942 "http://site1.loc/bitrix/admin/site_checker.php?lang=ru" "Mozilla/5.0 (X11; Linux x86_64) AppleWebKit/537.36 (KHTML, like Gecko) Chrome/80.0.3987.132 Safari/537.36"
172.18.0.1 - - [22/Mar/2020:07:48:47 +0000] "GET /bitrix/admin/site_checker.php?HTTP_HOST=site1.loc&SERVER_PORT=&HTTPS=&test_start=Y&lang=ru&sessid=cc6f6fbe67972538a19a8733021b43f7&step=35&global_test_vars=YTozOntzOjIwOiJzaXRlX2NoZWNrZXJfc3VjY2VzcyI7czoxOiJOIjtzOjE2OiJjaGVja19ieF9jcm9udGFiIjtiOjA7czoxMDoibGFzdF92YWx1ZSI7czo4OiJzZWN1cml0eSI7fQ== HTTP/1.1" 200 933 "http://site1.loc/bitrix/admin/site_checker.php?lang=ru" "Mozilla/5.0 (X11; Linux x86_64) AppleWebKit/537.36 (KHTML, like Gecko) Chrome/80.0.3987.132 Safari/537.36"
172.18.0.1 - - [22/Mar/2020:07:48:52 +0000] "GET /bitrix/admin/site_checker.php?HTTP_HOST=site1.loc&SERVER_PORT=&HTTPS=&test_start=Y&lang=ru&sessid=cc6f6fbe67972538a19a8733021b43f7&step=35&global_test_vars=YTozOntzOjIwOiJzaXRlX2NoZWNrZXJfc3VjY2VzcyI7czoxOiJOIjtzOjE2OiJjaGVja19ieF9jcm9udGFiIjtiOjA7czoxMDoibGFzdF92YWx1ZSI7czo0OiJibG9nIjt9 HTTP/1.1" 200 937 "http://site1.loc/bitrix/admin/site_checker.php?lang=ru" "Mozilla/5.0 (X11; Linux x86_64) AppleWebKit/537.36 (KHTML, like Gecko) Chrome/80.0.3987.132 Safari/537.36"
172.18.0.1 - - [22/Mar/2020:07:48:54 +0000] "GET /bitrix/admin/site_checker.php?HTTP_HOST=site1.loc&SERVER_PORT=&HTTPS=&test_start=Y&lang=ru&sessid=cc6f6fbe67972538a19a8733021b43f7&step=35&global_test_vars=YTozOntzOjIwOiJzaXRlX2NoZWNrZXJfc3VjY2VzcyI7czoxOiJOIjtzOjE2OiJjaGVja19ieF9jcm9udGFiIjtiOjA7czoxMDoibGFzdF92YWx1ZSI7czo3OiJmaWxlbWFuIjt9 HTTP/1.1" 200 938 "http://site1.loc/bitrix/admin/site_checker.php?lang=ru" "Mozilla/5.0 (X11; Linux x86_64) AppleWebKit/537.36 (KHTML, like Gecko) Chrome/80.0.3987.132 Safari/537.36"
172.18.0.1 - - [22/Mar/2020:07:48:55 +0000] "GET /bitrix/admin/site_checker.php?HTTP_HOST=site1.loc&SERVER_PORT=&HTTPS=&test_start=Y&lang=ru&sessid=cc6f6fbe67972538a19a8733021b43f7&step=35&global_test_vars=YTozOntzOjIwOiJzaXRlX2NoZWNrZXJfc3VjY2VzcyI7czoxOiJOIjtzOjE2OiJjaGVja19ieF9jcm9udGFiIjtiOjA7czoxMDoibGFzdF92YWx1ZSI7czo2OiJjbG91ZHMiO30= HTTP/1.1" 200 944 "http://site1.loc/bitrix/admin/site_checker.php?lang=ru" "Mozilla/5.0 (X11; Linux x86_64) AppleWebKit/537.36 (KHTML, like Gecko) Chrome/80.0.3987.132 Safari/537.36"
172.18.0.1 - - [22/Mar/2020:07:48:57 +0000] "GET /bitrix/admin/site_checker.php?HTTP_HOST=site1.loc&SERVER_PORT=&HTTPS=&test_start=Y&lang=ru&sessid=cc6f6fbe67972538a19a8733021b43f7&step=35&global_test_vars=YTozOntzOjIwOiJzaXRlX2NoZWNrZXJfc3VjY2VzcyI7czoxOiJOIjtzOjE2OiJjaGVja19ieF9jcm9udGFiIjtiOjA7czoxMDoibGFzdF92YWx1ZSI7czo5OiJzdWJzY3JpYmUiO30= HTTP/1.1" 200 938 "http://site1.loc/bitrix/admin/site_checker.php?lang=ru" "Mozilla/5.0 (X11; Linux x86_64) AppleWebKit/537.36 (KHTML, like Gecko) Chrome/80.0.3987.132 Safari/537.36"
172.18.0.1 - - [22/Mar/2020:07:49:05 +0000] "GET /bitrix/admin/site_checker.php?HTTP_HOST=site1.loc&SERVER_PORT=&HTTPS=&test_start=Y&lang=ru&sessid=cc6f6fbe67972538a19a8733021b43f7&step=35&global_test_vars=YTozOntzOjIwOiJzaXRlX2NoZWNrZXJfc3VjY2VzcyI7czoxOiJOIjtzOjE2OiJjaGVja19ieF9jcm9udGFiIjtiOjA7czoxMDoibGFzdF92YWx1ZSI7czo2OiJpYmxvY2siO30= HTTP/1.1" 200 942 "http://site1.loc/bitrix/admin/site_checker.php?lang=ru" "Mozilla/5.0 (X11; Linux x86_64) AppleWebKit/537.36 (KHTML, like Gecko) Chrome/80.0.3987.132 Safari/537.36"
172.18.0.1 - - [22/Mar/2020:07:49:05 +0000] "GET /bitrix/admin/site_checker.php?HTTP_HOST=site1.loc&SERVER_PORT=&HTTPS=&test_start=Y&lang=ru&sessid=cc6f6fbe67972538a19a8733021b43f7&step=35&global_test_vars=YTozOntzOjIwOiJzaXRlX2NoZWNrZXJfc3VjY2VzcyI7czoxOiJOIjtzOjE2OiJjaGVja19ieF9jcm9udGFiIjtiOjA7czoxMDoibGFzdF92YWx1ZSI7czo5OiJtb2JpbGVhcHAiO30= HTTP/1.1" 200 938 "http://site1.loc/bitrix/admin/site_checker.php?lang=ru" "Mozilla/5.0 (X11; Linux x86_64) AppleWebKit/537.36 (KHTML, like Gecko) Chrome/80.0.3987.132 Safari/537.36"
172.18.0.1 - - [22/Mar/2020:07:49:12 +0000] "GET /bitrix/admin/site_checker.php?HTTP_HOST=site1.loc&SERVER_PORT=&HTTPS=&test_start=Y&lang=ru&sessid=cc6f6fbe67972538a19a8733021b43f7&step=35&global_test_vars=YTozOntzOjIwOiJzaXRlX2NoZWNrZXJfc3VjY2VzcyI7czoxOiJOIjtzOjE2OiJjaGVja19ieF9jcm9udGFiIjtiOjA7czoxMDoibGFzdF92YWx1ZSI7czo1OiJmb3J1bSI7fQ== HTTP/1.1" 200 949 "http://site1.loc/bitrix/admin/site_checker.php?lang=ru" "Mozilla/5.0 (X11; Linux x86_64) AppleWebKit/537.36 (KHTML, like Gecko) Chrome/80.0.3987.132 Safari/537.36"
172.18.0.1 - - [22/Mar/2020:07:49:14 +0000] "GET /bitrix/admin/site_checker.php?HTTP_HOST=site1.loc&SERVER_PORT=&HTTPS=&test_start=Y&lang=ru&sessid=cc6f6fbe67972538a19a8733021b43f7&step=35&global_test_vars=YTozOntzOjIwOiJzaXRlX2NoZWNrZXJfc3VjY2VzcyI7czoxOiJOIjtzOjE2OiJjaGVja19ieF9jcm9udGFiIjtiOjA7czoxMDoibGFzdF92YWx1ZSI7czoxNDoic29jaWFsc2VydmljZXMiO30= HTTP/1.1" 200 949 "http://site1.loc/bitrix/admin/site_checker.php?lang=ru" "Mozilla/5.0 (X11; Linux x86_64) AppleWebKit/537.36 (KHTML, like Gecko) Chrome/80.0.3987.132 Safari/537.36"
172.18.0.1 - - [22/Mar/2020:07:49:14 +0000] "GET /bitrix/admin/site_checker.php?HTTP_HOST=site1.loc&SERVER_PORT=&HTTPS=&test_start=Y&lang=ru&sessid=cc6f6fbe67972538a19a8733021b43f7&step=35&global_test_vars=YTozOntzOjIwOiJzaXRlX2NoZWNrZXJfc3VjY2VzcyI7czoxOiJOIjtzOjE2OiJjaGVja19ieF9jcm9udGFiIjtiOjA7czoxMDoibGFzdF92YWx1ZSI7czoxMzoiaGlnaGxvYWRibG9jayI7fQ== HTTP/1.1" 200 938 "http://site1.loc/bitrix/admin/site_checker.php?lang=ru" "Mozilla/5.0 (X11; Linux x86_64) AppleWebKit/537.36 (KHTML, like Gecko) Chrome/80.0.3987.132 Safari/537.36"
172.18.0.1 - - [22/Mar/2020:07:49:18 +0000] "GET /bitrix/admin/site_checker.php?HTTP_HOST=site1.loc&SERVER_PORT=&HTTPS=&test_start=Y&lang=ru&sessid=cc6f6fbe67972538a19a8733021b43f7&step=35&global_test_vars=YTozOntzOjIwOiJzaXRlX2NoZWNrZXJfc3VjY2VzcyI7czoxOiJOIjtzOjE2OiJjaGVja19ieF9jcm9udGFiIjtiOjA7czoxMDoibGFzdF92YWx1ZSI7czo2OiJzZWFyY2giO30= HTTP/1.1" 200 942 "http://site1.loc/bitrix/admin/site_checker.php?lang=ru" "Mozilla/5.0 (X11; Linux x86_64) AppleWebKit/537.36 (KHTML, like Gecko) Chrome/80.0.3987.132 Safari/537.36"
172.18.0.1 - - [22/Mar/2020:07:49:18 +0000] "GET /bitrix/admin/site_checker.php?HTTP_HOST=site1.loc&SERVER_PORT=&HTTPS=&test_start=Y&lang=ru&sessid=cc6f6fbe67972538a19a8733021b43f7&step=35&global_test_vars=YTozOntzOjIwOiJzaXRlX2NoZWNrZXJfc3VjY2VzcyI7czoxOiJOIjtzOjE2OiJjaGVja19ieF9jcm9udGFiIjtiOjA7czoxMDoibGFzdF92YWx1ZSI7czoxMjoicGhvdG9nYWxsZXJ5Ijt9 HTTP/1.1" 200 937 "http://site1.loc/bitrix/admin/site_checker.php?lang=ru" "Mozilla/5.0 (X11; Linux x86_64) AppleWebKit/537.36 (KHTML, like Gecko) Chrome/80.0.3987.132 Safari/537.36"
172.18.0.1 - - [22/Mar/2020:07:49:23 +0000] "GET /bitrix/admin/site_checker.php?HTTP_HOST=site1.loc&SERVER_PORT=&HTTPS=&test_start=Y&lang=ru&sessid=cc6f6fbe67972538a19a8733021b43f7&step=35&global_test_vars=YTozOntzOjIwOiJzaXRlX2NoZWNrZXJfc3VjY2VzcyI7czoxOiJOIjtzOjE2OiJjaGVja19ieF9jcm9udGFiIjtiOjA7czoxMDoibGFzdF92YWx1ZSI7czozOiJzZW8iO30= HTTP/1.1" 200 937 "http://site1.loc/bitrix/admin/site_checker.php?lang=ru" "Mozilla/5.0 (X11; Linux x86_64) AppleWebKit/537.36 (KHTML, like Gecko) Chrome/80.0.3987.132 Safari/537.36"
172.18.0.1 - - [22/Mar/2020:07:49:30 +0000] "GET /bitrix/admin/site_checker.php?HTTP_HOST=site1.loc&SERVER_PORT=&HTTPS=&test_start=Y&lang=ru&sessid=cc6f6fbe67972538a19a8733021b43f7&step=35&global_test_vars=YTozOntzOjIwOiJzaXRlX2NoZWNrZXJfc3VjY2VzcyI7czoxOiJOIjtzOjE2OiJjaGVja19ieF9jcm9udGFiIjtiOjA7czoxMDoibGFzdF92YWx1ZSI7czo3OiJsYW5kaW5nIjt9 HTTP/1.1" 200 934 "http://site1.loc/bitrix/admin/site_checker.php?lang=ru" "Mozilla/5.0 (X11; Linux x86_64) AppleWebKit/537.36 (KHTML, like Gecko) Chrome/80.0.3987.132 Safari/537.36"
172.18.0.1 - - [22/Mar/2020:07:49:33 +0000] "GET /bitrix/admin/site_checker.php?HTTP_HOST=site1.loc&SERVER_PORT=&HTTPS=&test_start=Y&lang=ru&sessid=cc6f6fbe67972538a19a8733021b43f7&step=35&global_test_vars=YTozOntzOjIwOiJzaXRlX2NoZWNrZXJfc3VjY2VzcyI7czoxOiJOIjtzOjE2OiJjaGVja19ieF9jcm9udGFiIjtiOjA7czoxMDoibGFzdF92YWx1ZSI7czo0OiJ2b3RlIjt9 HTTP/1.1" 200 948 "http://site1.loc/bitrix/admin/site_checker.php?lang=ru" "Mozilla/5.0 (X11; Linux x86_64) AppleWebKit/537.36 (KHTML, like Gecko) Chrome/80.0.3987.132 Safari/537.36"
172.18.0.1 - - [22/Mar/2020:07:49:34 +0000] "GET /bitrix/admin/site_checker.php?HTTP_HOST=site1.loc&SERVER_PORT=&HTTPS=&test_start=Y&lang=ru&sessid=cc6f6fbe67972538a19a8733021b43f7&step=35&global_test_vars=YTozOntzOjIwOiJzaXRlX2NoZWNrZXJfc3VjY2VzcyI7czoxOiJOIjtzOjE2OiJjaGVja19ieF9jcm9udGFiIjtiOjA7czoxMDoibGFzdF92YWx1ZSI7czoxMToiYml0cml4Y2xvdWQiO30= HTTP/1.1" 200 947 "http://site1.loc/bitrix/admin/site_checker.php?lang=ru" "Mozilla/5.0 (X11; Linux x86_64) AppleWebKit/537.36 (KHTML, like Gecko) Chrome/80.0.3987.132 Safari/537.36"
172.18.0.1 - - [22/Mar/2020:07:49:34 +0000] "GET /bitrix/admin/site_checker.php?HTTP_HOST=site1.loc&SERVER_PORT=&HTTPS=&test_start=Y&lang=ru&sessid=cc6f6fbe67972538a19a8733021b43f7&step=35&global_test_vars=YTozOntzOjIwOiJzaXRlX2NoZWNrZXJfc3VjY2VzcyI7czoxOiJOIjtzOjE2OiJjaGVja19ieF9jcm9udGFiIjtiOjA7czoxMDoibGFzdF92YWx1ZSI7czoxMToiY29tcHJlc3Npb24iO30= HTTP/1.1" 200 934 "http://site1.loc/bitrix/admin/site_checker.php?lang=ru" "Mozilla/5.0 (X11; Linux x86_64) AppleWebKit/537.36 (KHTML, like Gecko) Chrome/80.0.3987.132 Safari/537.36"
172.18.0.1 - - [22/Mar/2020:07:49:38 +0000] "GET /bitrix/admin/site_checker.php?HTTP_HOST=site1.loc&SERVER_PORT=&HTTPS=&test_start=Y&lang=ru&sessid=cc6f6fbe67972538a19a8733021b43f7&step=35&global_test_vars=YTozOntzOjIwOiJzaXRlX2NoZWNrZXJfc3VjY2VzcyI7czoxOiJOIjtzOjE2OiJjaGVja19ieF9jcm9udGFiIjtiOjA7czoxMDoibGFzdF92YWx1ZSI7czo0OiJmb3JtIjt9 HTTP/1.1" 200 949 "http://site1.loc/bitrix/admin/site_checker.php?lang=ru" "Mozilla/5.0 (X11; Linux x86_64) AppleWebKit/537.36 (KHTML, like Gecko) Chrome/80.0.3987.132 Safari/537.36"
172.18.0.1 - - [22/Mar/2020:07:49:38 +0000] "GET /bitrix/admin/site_checker.php?HTTP_HOST=site1.loc&SERVER_PORT=&HTTPS=&test_start=Y&lang=ru&sessid=cc6f6fbe67972538a19a8733021b43f7&step=35&global_test_vars=YTozOntzOjIwOiJzaXRlX2NoZWNrZXJfc3VjY2VzcyI7czoxOiJOIjtzOjE2OiJjaGVja19ieF9jcm9udGFiIjtiOjA7czoxMDoibGFzdF92YWx1ZSI7czoxNDoibWVzc2FnZXNlcnZpY2UiO30= HTTP/1.1" 200 935 "http://site1.loc/bitrix/admin/site_checker.php?lang=ru" "Mozilla/5.0 (X11; Linux x86_64) AppleWebKit/537.36 (KHTML, like Gecko) Chrome/80.0.3987.132 Safari/537.36"
172.18.0.1 - - [22/Mar/2020:07:49:38 +0000] "GET /bitrix/admin/site_checker.php?HTTP_HOST=site1.loc&SERVER_PORT=&HTTPS=&test_start=Y&lang=ru&sessid=cc6f6fbe67972538a19a8733021b43f7&step=35&global_test_vars=YTozOntzOjIwOiJzaXRlX2NoZWNrZXJfc3VjY2VzcyI7czoxOiJOIjtzOjE2OiJjaGVja19ieF9jcm9udGFiIjtiOjA7czoxMDoibGFzdF92YWx1ZSI7czoyOiJ1aSI7fQ== HTTP/1.1" 200 938 "http://site1.loc/bitrix/admin/site_checker.php?lang=ru" "Mozilla/5.0 (X11; Linux x86_64) AppleWebKit/537.36 (KHTML, like Gecko) Chrome/80.0.3987.132 Safari/537.36"
172.18.0.1 - - [22/Mar/2020:07:49:39 +0000] "GET /bitrix/admin/site_checker.php?HTTP_HOST=site1.loc&SERVER_PORT=&HTTPS=&test_start=Y&lang=ru&sessid=cc6f6fbe67972538a19a8733021b43f7&step=35&global_test_vars=YTozOntzOjIwOiJzaXRlX2NoZWNrZXJfc3VjY2VzcyI7czoxOiJOIjtzOjE2OiJjaGVja19ieF9jcm9udGFiIjtiOjA7czoxMDoibGFzdF92YWx1ZSI7czo1OiJzY2FsZSI7fQ== HTTP/1.1" 200 941 "http://site1.loc/bitrix/admin/site_checker.php?lang=ru" "Mozilla/5.0 (X11; Linux x86_64) AppleWebKit/537.36 (KHTML, like Gecko) Chrome/80.0.3987.132 Safari/537.36"
172.18.0.1 - - [22/Mar/2020:07:49:41 +0000] "GET /bitrix/admin/site_checker.php?HTTP_HOST=site1.loc&SERVER_PORT=&HTTPS=&test_start=Y&lang=ru&sessid=cc6f6fbe67972538a19a8733021b43f7&step=35&global_test_vars=YTozOntzOjIwOiJzaXRlX2NoZWNrZXJfc3VjY2VzcyI7czoxOiJOIjtzOjE2OiJjaGVja19ieF9jcm9udGFiIjtiOjA7czoxMDoibGFzdF92YWx1ZSI7czo5OiJ0cmFuc2xhdGUiO30= HTTP/1.1" 200 933 "http://site1.loc/bitrix/admin/site_checker.php?lang=ru" "Mozilla/5.0 (X11; Linux x86_64) AppleWebKit/537.36 (KHTML, like Gecko) Chrome/80.0.3987.132 Safari/537.36"
172.18.0.1 - - [22/Mar/2020:07:50:06 +0000] "GET /bitrix/admin/site_checker.php?HTTP_HOST=site1.loc&SERVER_PORT=&HTTPS=&test_start=Y&lang=ru&sessid=cc6f6fbe67972538a19a8733021b43f7&step=35&global_test_vars=YTozOntzOjIwOiJzaXRlX2NoZWNrZXJfc3VjY2VzcyI7czoxOiJOIjtzOjE2OiJjaGVja19ieF9jcm9udGFiIjtiOjA7czoxMDoibGFzdF92YWx1ZSI7czo0OiJtYWluIjt9 HTTP/1.1" 200 821 "http://site1.loc/bitrix/admin/site_checker.php?lang=ru" "Mozilla/5.0 (X11; Linux x86_64) AppleWebKit/537.36 (KHTML, like Gecko) Chrome/80.0.3987.132 Safari/537.36"
172.18.0.1 - - [22/Mar/2020:07:58:49 +0000] "GET /bitrix/admin/site_checker.php?lang=ru HTTP/1.1" 200 43304 "http://site1.loc/bitrix/admin/index.php?lang=ru&back_url_pub=%2F%3Ffinish%3D%26MUL_MODE%3D" "Mozilla/5.0 (X11; Linux x86_64) AppleWebKit/537.36 (KHTML, like Gecko) Chrome/80.0.3987.132 Safari/537.36"
172.18.0.1 - - [22/Mar/2020:07:58:49 +0000] "GET /bitrix/themes/.default/compatible.css?15848628102827 HTTP/1.1" 200 1007 "http://site1.loc/bitrix/admin/site_checker.php?lang=ru" "Mozilla/5.0 (X11; Linux x86_64) AppleWebKit/537.36 (KHTML, like Gecko) Chrome/80.0.3987.132 Safari/537.36"
172.18.0.1 - - [22/Mar/2020:07:58:49 +0000] "GET /bitrix/panel/main/admin.css?1584862813115531 HTTP/1.1" 200 21887 "http://site1.loc/bitrix/admin/site_checker.php?lang=ru" "Mozilla/5.0 (X11; Linux x86_64) AppleWebKit/537.36 (KHTML, like Gecko) Chrome/80.0.3987.132 Safari/537.36"
172.18.0.1 - - [22/Mar/2020:07:58:49 +0000] "GET /bitrix/panel/main/adminstyles_fixed.css?158486281421451 HTTP/1.1" 200 4400 "http://site1.loc/bitrix/admin/site_checker.php?lang=ru" "Mozilla/5.0 (X11; Linux x86_64) AppleWebKit/537.36 (KHTML, like Gecko) Chrome/80.0.3987.132 Safari/537.36"
172.18.0.1 - - [22/Mar/2020:07:58:49 +0000] "GET /bitrix/js/main/core/css/core.css?15848628083963 HTTP/1.1" 200 1733 "http://site1.loc/bitrix/admin/site_checker.php?lang=ru" "Mozilla/5.0 (X11; Linux x86_64) AppleWebKit/537.36 (KHTML, like Gecko) Chrome/80.0.3987.132 Safari/537.36"
172.18.0.1 - - [22/Mar/2020:07:58:49 +0000] "GET /bitrix/panel/main/hot_keys.css?15848628133558 HTTP/1.1" 200 1071 "http://site1.loc/bitrix/admin/site_checker.php?lang=ru" "Mozilla/5.0 (X11; Linux x86_64) AppleWebKit/537.36 (KHTML, like Gecko) Chrome/80.0.3987.132 Safari/537.36"
172.18.0.1 - - [22/Mar/2020:07:58:49 +0000] "GET /bitrix/js/ui/fonts/opensans/ui.font.opensans.css?15848629922003 HTTP/1.1" 200 591 "http://site1.loc/bitrix/admin/site_checker.php?lang=ru" "Mozilla/5.0 (X11; Linux x86_64) AppleWebKit/537.36 (KHTML, like Gecko) Chrome/80.0.3987.132 Safari/537.36"
172.18.0.1 - - [22/Mar/2020:07:58:49 +0000] "GET /bitrix/js/main/popup/dist/main.popup.bundle.css?158486280826249 HTTP/1.1" 200 6170 "http://site1.loc/bitrix/admin/site_checker.php?lang=ru" "Mozilla/5.0 (X11; Linux x86_64) AppleWebKit/537.36 (KHTML, like Gecko) Chrome/80.0.3987.132 Safari/537.36"
172.18.0.1 - - [22/Mar/2020:07:58:49 +0000] "GET /bitrix/themes/.default/modules.css?158486324628506 HTTP/1.1" 200 5886 "http://site1.loc/bitrix/admin/site_checker.php?lang=ru" "Mozilla/5.0 (X11; Linux x86_64) AppleWebKit/537.36 (KHTML, like Gecko) Chrome/80.0.3987.132 Safari/537.36"
172.18.0.1 - - [22/Mar/2020:07:58:49 +0000] "GET /bitrix/js/main/core/css/core_date.css?158486280810289 HTTP/1.1" 200 2413 "http://site1.loc/bitrix/admin/site_checker.php?lang=ru" "Mozilla/5.0 (X11; Linux x86_64) AppleWebKit/537.36 (KHTML, like Gecko) Chrome/80.0.3987.132 Safari/537.36"
172.18.0.1 - - [22/Mar/2020:07:58:49 +0000] "GET /bitrix/panel/main/admin-public.css?158486281381795 HTTP/1.1" 200 12463 "http://site1.loc/bitrix/admin/site_checker.php?lang=ru" "Mozilla/5.0 (X11; Linux x86_64) AppleWebKit/537.36 (KHTML, like Gecko) Chrome/80.0.3987.132 Safari/537.36"
172.18.0.1 - - [22/Mar/2020:07:58:49 +0000] "GET /bitrix/js/main/sidepanel/css/sidepanel.css?15848628107147 HTTP/1.1" 200 2387 "http://site1.loc/bitrix/admin/site_checker.php?lang=ru" "Mozilla/5.0 (X11; Linux x86_64) AppleWebKit/537.36 (KHTML, like Gecko) Chrome/80.0.3987.132 Safari/537.36"
