172.18.0.1 - - [22/Mar/2020:12:33:04 +0000] "GET /bitrix/themes/.default/icons/status_icons.png HTTP/1.1" 304 180 "http://0.0.0.0/bitrix/admin/site_checker.php?lang=ru" "Mozilla/5.0 (X11; Linux x86_64) AppleWebKit/537.36 (KHTML, like Gecko) Chrome/80.0.3987.132 Safari/537.36"
172.18.0.1 - - [22/Mar/2020:12:33:04 +0000] "GET /bitrix/admin/site_checker.php?HTTP_HOST=0.0.0.0&SERVER_PORT=&HTTPS=&test_start=Y&lang=ru&sessid=ff69ec8f59eddaffa79346b536a43275&step=1&global_test_vars=YToyOntzOjIwOiJzaXRlX2NoZWNrZXJfc3VjY2VzcyI7czoxOiJOIjtzOjEwOiJsYXN0X3ZhbHVlIjtzOjA6IiI7fQ== HTTP/1.1" 200 1068 "http://0.0.0.0/bitrix/admin/site_checker.php?lang=ru" "Mozilla/5.0 (X11; Linux x86_64) AppleWebKit/537.36 (KHTML, like Gecko) Chrome/80.0.3987.132 Safari/537.36"
172.18.0.1 - - [22/Mar/2020:12:33:04 +0000] "GET /bitrix/admin/site_checker.php?HTTP_HOST=0.0.0.0&SERVER_PORT=&HTTPS=&test_start=Y&lang=ru&sessid=ff69ec8f59eddaffa79346b536a43275&step=2&global_test_vars=YToyOntzOjIwOiJzaXRlX2NoZWNrZXJfc3VjY2VzcyI7czoxOiJOIjtzOjEwOiJsYXN0X3ZhbHVlIjtzOjA6IiI7fQ== HTTP/1.1" 200 1074 "http://0.0.0.0/bitrix/admin/site_checker.php?lang=ru" "Mozilla/5.0 (X11; Linux x86_64) AppleWebKit/537.36 (KHTML, like Gecko) Chrome/80.0.3987.132 Safari/537.36"
172.18.0.1 - - [22/Mar/2020:12:33:04 +0000] "GET /bitrix/admin/site_checker.php?HTTP_HOST=0.0.0.0&SERVER_PORT=&HTTPS=&test_start=Y&lang=ru&sessid=ff69ec8f59eddaffa79346b536a43275&step=3&global_test_vars=YToyOntzOjIwOiJzaXRlX2NoZWNrZXJfc3VjY2VzcyI7czoxOiJOIjtzOjEwOiJsYXN0X3ZhbHVlIjtzOjA6IiI7fQ== HTTP/1.1" 200 1063 "http://0.0.0.0/bitrix/admin/site_checker.php?lang=ru" "Mozilla/5.0 (X11; Linux x86_64) AppleWebKit/537.36 (KHTML, like Gecko) Chrome/80.0.3987.132 Safari/537.36"
172.18.0.1 - - [22/Mar/2020:12:33:04 +0000] "GET /bitrix/admin/site_checker.php?HTTP_HOST=0.0.0.0&SERVER_PORT=&HTTPS=&test_start=Y&lang=ru&sessid=ff69ec8f59eddaffa79346b536a43275&step=4&global_test_vars=YToyOntzOjIwOiJzaXRlX2NoZWNrZXJfc3VjY2VzcyI7czoxOiJOIjtzOjEwOiJsYXN0X3ZhbHVlIjtzOjA6IiI7fQ== HTTP/1.1" 200 1025 "http://0.0.0.0/bitrix/admin/site_checker.php?lang=ru" "Mozilla/5.0 (X11; Linux x86_64) AppleWebKit/537.36 (KHTML, like Gecko) Chrome/80.0.3987.132 Safari/537.36"
172.18.0.1 - - [22/Mar/2020:12:33:04 +0000] "GET /bitrix/admin/site_checker.php?HTTP_HOST=0.0.0.0&SERVER_PORT=&HTTPS=&test_start=Y&lang=ru&sessid=ff69ec8f59eddaffa79346b536a43275&step=4&global_test_vars=YToyOntzOjIwOiJzaXRlX2NoZWNrZXJfc3VjY2VzcyI7czoxOiJOIjtzOjEwOiJsYXN0X3ZhbHVlIjtzOjE6IlkiO30= HTTP/1.1" 200 1077 "http://0.0.0.0/bitrix/admin/site_checker.php?lang=ru" "Mozilla/5.0 (X11; Linux x86_64) AppleWebKit/537.36 (KHTML, like Gecko) Chrome/80.0.3987.132 Safari/537.36"
172.18.0.1 - - [22/Mar/2020:12:33:04 +0000] "GET /bitrix/admin/site_checker.php?HTTP_HOST=0.0.0.0&SERVER_PORT=&HTTPS=&test_start=Y&lang=ru&sessid=ff69ec8f59eddaffa79346b536a43275&step=5&global_test_vars=YToyOntzOjIwOiJzaXRlX2NoZWNrZXJfc3VjY2VzcyI7czoxOiJOIjtzOjEwOiJsYXN0X3ZhbHVlIjtzOjA6IiI7fQ== HTTP/1.1" 200 1106 "http://0.0.0.0/bitrix/admin/site_checker.php?lang=ru" "Mozilla/5.0 (X11; Linux x86_64) AppleWebKit/537.36 (KHTML, like Gecko) Chrome/80.0.3987.132 Safari/537.36"
172.18.0.1 - - [22/Mar/2020:12:33:04 +0000] "GET /bitrix/admin/site_checker.php?HTTP_HOST=0.0.0.0&SERVER_PORT=&HTTPS=&test_start=Y&lang=ru&sessid=ff69ec8f59eddaffa79346b536a43275&step=6&global_test_vars=YToyOntzOjIwOiJzaXRlX2NoZWNrZXJfc3VjY2VzcyI7czoxOiJOIjtzOjEwOiJsYXN0X3ZhbHVlIjtzOjA6IiI7fQ== HTTP/1.1" 200 1075 "http://0.0.0.0/bitrix/admin/site_checker.php?lang=ru" "Mozilla/5.0 (X11; Linux x86_64) AppleWebKit/537.36 (KHTML, like Gecko) Chrome/80.0.3987.132 Safari/537.36"
127.0.0.1 - - [22/Mar/2020:12:33:05 +0000] "GET /bitrix/admin/site_checker.php?test_type=socket_test&unique_id=c370e4b2ea5a7af5ad4ac1bde890fb85 HTTP/1.1" 200 180 "-" "-"
172.18.0.1 - - [22/Mar/2020:12:33:05 +0000] "GET /bitrix/admin/site_checker.php?HTTP_HOST=0.0.0.0&SERVER_PORT=&HTTPS=&test_start=Y&lang=ru&sessid=ff69ec8f59eddaffa79346b536a43275&step=7&global_test_vars=YToyOntzOjIwOiJzaXRlX2NoZWNrZXJfc3VjY2VzcyI7czoxOiJOIjtzOjEwOiJsYXN0X3ZhbHVlIjtzOjA6IiI7fQ== HTTP/1.1" 200 1057 "http://0.0.0.0/bitrix/admin/site_checker.php?lang=ru" "Mozilla/5.0 (X11; Linux x86_64) AppleWebKit/537.36 (KHTML, like Gecko) Chrome/80.0.3987.132 Safari/537.36"
172.18.0.1 - - [22/Mar/2020:12:33:05 +0000] "GET /bitrix/admin/site_checker.php?HTTP_HOST=0.0.0.0&SERVER_PORT=&HTTPS=&test_start=Y&lang=ru&sessid=ff69ec8f59eddaffa79346b536a43275&step=8&global_test_vars=YToyOntzOjIwOiJzaXRlX2NoZWNrZXJfc3VjY2VzcyI7czoxOiJOIjtzOjEwOiJsYXN0X3ZhbHVlIjtzOjA6IiI7fQ== HTTP/1.1" 200 1154 "http://0.0.0.0/bitrix/admin/site_checker.php?lang=ru" "Mozilla/5.0 (X11; Linux x86_64) AppleWebKit/537.36 (KHTML, like Gecko) Chrome/80.0.3987.132 Safari/537.36"
172.18.0.1 - - [22/Mar/2020:12:33:05 +0000] "GET /bitrix/admin/site_checker.php?HTTP_HOST=0.0.0.0&SERVER_PORT=&HTTPS=&test_start=Y&lang=ru&sessid=ff69ec8f59eddaffa79346b536a43275&step=9&global_test_vars=YTozOntzOjIwOiJzaXRlX2NoZWNrZXJfc3VjY2VzcyI7czoxOiJOIjtzOjEwOiJsYXN0X3ZhbHVlIjtzOjA6IiI7czoxNjoiY2hlY2tfYnhfY3JvbnRhYiI7YjowO30= HTTP/1.1" 200 1015 "http://0.0.0.0/bitrix/admin/site_checker.php?lang=ru" "Mozilla/5.0 (X11; Linux x86_64) AppleWebKit/537.36 (KHTML, like Gecko) Chrome/80.0.3987.132 Safari/537.36"
127.0.0.1 - - [22/Mar/2020:12:33:05 +0000] "GET /bitrix/admin/site_checker.php?test_type=dbconn_test&unique_id=c370e4b2ea5a7af5ad4ac1bde890fb85 HTTP/1.1" 200 537 "-" "-"
172.18.0.1 - - [22/Mar/2020:12:33:05 +0000] "GET /bitrix/admin/site_checker.php?HTTP_HOST=0.0.0.0&SERVER_PORT=&HTTPS=&test_start=Y&lang=ru&sessid=ff69ec8f59eddaffa79346b536a43275&step=10&global_test_vars=YTozOntzOjIwOiJzaXRlX2NoZWNrZXJfc3VjY2VzcyI7czoxOiJOIjtzOjEwOiJsYXN0X3ZhbHVlIjtzOjA6IiI7czoxNjoiY2hlY2tfYnhfY3JvbnRhYiI7YjowO30= HTTP/1.1" 200 995 "http://0.0.0.0/bitrix/admin/site_checker.php?lang=ru" "Mozilla/5.0 (X11; Linux x86_64) AppleWebKit/537.36 (KHTML, like Gecko) Chrome/80.0.3987.132 Safari/537.36"
127.0.0.1 - - [22/Mar/2020:12:33:05 +0000] "GET /bitrix/admin/site_checker.php?test_type=session_test&unique_id=c370e4b2ea5a7af5ad4ac1bde890fb85 HTTP/1.1" 200 341 "-" "-"
172.18.0.1 - - [22/Mar/2020:12:33:05 +0000] "GET /bitrix/admin/site_checker.php?HTTP_HOST=0.0.0.0&SERVER_PORT=&HTTPS=&test_start=Y&lang=ru&sessid=ff69ec8f59eddaffa79346b536a43275&step=11&global_test_vars=YTozOntzOjIwOiJzaXRlX2NoZWNrZXJfc3VjY2VzcyI7czoxOiJOIjtzOjEwOiJsYXN0X3ZhbHVlIjtzOjA6IiI7czoxNjoiY2hlY2tfYnhfY3JvbnRhYiI7YjowO30= HTTP/1.1" 200 989 "http://0.0.0.0/bitrix/admin/site_checker.php?lang=ru" "Mozilla/5.0 (X11; Linux x86_64) AppleWebKit/537.36 (KHTML, like Gecko) Chrome/80.0.3987.132 Safari/537.36"
127.0.0.1 - - [22/Mar/2020:12:33:05 +0000] "GET /bitrix/admin/site_checker.php?test_type=session_test&unique_id=c370e4b2ea5a7af5ad4ac1bde890fb85 HTTP/1.1" 200 290 "-" "-"
172.18.0.1 - - [22/Mar/2020:12:33:05 +0000] "GET /bitrix/admin/site_checker.php?HTTP_HOST=0.0.0.0&SERVER_PORT=&HTTPS=&test_start=Y&lang=ru&sessid=ff69ec8f59eddaffa79346b536a43275&step=11&global_test_vars=YTozOntzOjIwOiJzaXRlX2NoZWNrZXJfc3VjY2VzcyI7czoxOiJOIjtzOjEwOiJsYXN0X3ZhbHVlIjtzOjM2OiJQSFBTRVNTSUQ9ZGJ1ZDZmYmNwbWVqN3NqaTBjdWZhYWc0ZGwiO3M6MTY6ImNoZWNrX2J4X2Nyb250YWIiO2I6MDt9 HTTP/1.1" 200 974 "http://0.0.0.0/bitrix/admin/site_checker.php?lang=ru" "Mozilla/5.0 (X11; Linux x86_64) AppleWebKit/537.36 (KHTML, like Gecko) Chrome/80.0.3987.132 Safari/537.36"
172.18.0.1 - - [22/Mar/2020:12:33:05 +0000] "GET /bitrix/admin/site_checker.php?HTTP_HOST=0.0.0.0&SERVER_PORT=&HTTPS=&test_start=Y&lang=ru&sessid=ff69ec8f59eddaffa79346b536a43275&step=12&global_test_vars=YTozOntzOjIwOiJzaXRlX2NoZWNrZXJfc3VjY2VzcyI7czoxOiJOIjtzOjEwOiJsYXN0X3ZhbHVlIjtzOjA6IiI7czoxNjoiY2hlY2tfYnhfY3JvbnRhYiI7YjowO30= HTTP/1.1" 200 964 "http://0.0.0.0/bitrix/admin/site_checker.php?lang=ru" "Mozilla/5.0 (X11; Linux x86_64) AppleWebKit/537.36 (KHTML, like Gecko) Chrome/80.0.3987.132 Safari/537.36"
172.18.0.1 - - [22/Mar/2020:12:33:06 +0000] "GET /bitrix/admin/site_checker.php?HTTP_HOST=0.0.0.0&SERVER_PORT=&HTTPS=&test_start=Y&lang=ru&sessid=ff69ec8f59eddaffa79346b536a43275&step=13&global_test_vars=YTozOntzOjIwOiJzaXRlX2NoZWNrZXJfc3VjY2VzcyI7czoxOiJOIjtzOjEwOiJsYXN0X3ZhbHVlIjtzOjA6IiI7czoxNjoiY2hlY2tfYnhfY3JvbnRhYiI7YjowO30= HTTP/1.1" 200 987 "http://0.0.0.0/bitrix/admin/site_checker.php?lang=ru" "Mozilla/5.0 (X11; Linux x86_64) AppleWebKit/537.36 (KHTML, like Gecko) Chrome/80.0.3987.132 Safari/537.36"
127.0.0.1 - - [22/Mar/2020:12:33:06 +0000] "GET /bitrix/admin/site_checker.php?test_type=pcre_recursion_test&unique_id=c370e4b2ea5a7af5ad4ac1bde890fb85 HTTP/1.1" 200 178 "-" "-"
172.18.0.1 - - [22/Mar/2020:12:33:06 +0000] "GET /bitrix/admin/site_checker.php?HTTP_HOST=0.0.0.0&SERVER_PORT=&HTTPS=&test_start=Y&lang=ru&sessid=ff69ec8f59eddaffa79346b536a43275&step=14&global_test_vars=YTozOntzOjIwOiJzaXRlX2NoZWNrZXJfc3VjY2VzcyI7czoxOiJOIjtzOjEwOiJsYXN0X3ZhbHVlIjtzOjA6IiI7czoxNjoiY2hlY2tfYnhfY3JvbnRhYiI7YjowO30= HTTP/1.1" 200 1052 "http://0.0.0.0/bitrix/admin/site_checker.php?lang=ru" "Mozilla/5.0 (X11; Linux x86_64) AppleWebKit/537.36 (KHTML, like Gecko) Chrome/80.0.3987.132 Safari/537.36"
127.0.0.1 - - [22/Mar/2020:12:33:06 +0000] "POST /bitrix/admin/site_checker.php?test_type=upload_test&unique_id=c370e4b2ea5a7af5ad4ac1bde890fb85&big=0&raw=0 HTTP/1.1" 200 4217 "-" "-"
172.18.0.1 - - [22/Mar/2020:12:33:06 +0000] "GET /bitrix/admin/site_checker.php?HTTP_HOST=0.0.0.0&SERVER_PORT=&HTTPS=&test_start=Y&lang=ru&sessid=ff69ec8f59eddaffa79346b536a43275&step=15&global_test_vars=YTozOntzOjIwOiJzaXRlX2NoZWNrZXJfc3VjY2VzcyI7czoxOiJOIjtzOjEwOiJsYXN0X3ZhbHVlIjtzOjA6IiI7czoxNjoiY2hlY2tfYnhfY3JvbnRhYiI7YjowO30= HTTP/1.1" 200 968 "http://0.0.0.0/bitrix/admin/site_checker.php?lang=ru" "Mozilla/5.0 (X11; Linux x86_64) AppleWebKit/537.36 (KHTML, like Gecko) Chrome/80.0.3987.132 Safari/537.36"
127.0.0.1 - - [22/Mar/2020:12:33:06 +0000] "POST /bitrix/admin/site_checker.php?test_type=upload_test&unique_id=c370e4b2ea5a7af5ad4ac1bde890fb85&big=1&raw=0 HTTP/1.1" 200 4223 "-" "-"
172.18.0.1 - - [22/Mar/2020:12:33:06 +0000] "GET /bitrix/admin/site_checker.php?HTTP_HOST=0.0.0.0&SERVER_PORT=&HTTPS=&test_start=Y&lang=ru&sessid=ff69ec8f59eddaffa79346b536a43275&step=16&global_test_vars=YTozOntzOjIwOiJzaXRlX2NoZWNrZXJfc3VjY2VzcyI7czoxOiJOIjtzOjEwOiJsYXN0X3ZhbHVlIjtzOjA6IiI7czoxNjoiY2hlY2tfYnhfY3JvbnRhYiI7YjowO30= HTTP/1.1" 200 989 "http://0.0.0.0/bitrix/admin/site_checker.php?lang=ru" "Mozilla/5.0 (X11; Linux x86_64) AppleWebKit/537.36 (KHTML, like Gecko) Chrome/80.0.3987.132 Safari/537.36"
127.0.0.1 - - [22/Mar/2020:12:33:06 +0000] "POST /bitrix/admin/site_checker.php?test_type=upload_test&unique_id=c370e4b2ea5a7af5ad4ac1bde890fb85&big=0&raw=1 HTTP/1.1" 200 180 "-" "-"
172.18.0.1 - - [22/Mar/2020:12:33:06 +0000] "GET /bitrix/admin/site_checker.php?HTTP_HOST=0.0.0.0&SERVER_PORT=&HTTPS=&test_start=Y&lang=ru&sessid=ff69ec8f59eddaffa79346b536a43275&step=17&global_test_vars=YTozOntzOjIwOiJzaXRlX2NoZWNrZXJfc3VjY2VzcyI7czoxOiJOIjtzOjEwOiJsYXN0X3ZhbHVlIjtzOjA6IiI7czoxNjoiY2hlY2tfYnhfY3JvbnRhYiI7YjowO30= HTTP/1.1" 200 1016 "http://0.0.0.0/bitrix/admin/site_checker.php?lang=ru" "Mozilla/5.0 (X11; Linux x86_64) AppleWebKit/537.36 (KHTML, like Gecko) Chrome/80.0.3987.132 Safari/537.36"
127.0.0.1 - - [22/Mar/2020:12:33:07 +0000] "POST /bitrix/admin/site_checker.php?test_type=post_test&unique_id=c370e4b2ea5a7af5ad4ac1bde890fb85 HTTP/1.1" 200 180 "-" "-"
172.18.0.1 - - [22/Mar/2020:12:33:06 +0000] "GET /bitrix/admin/site_checker.php?HTTP_HOST=0.0.0.0&SERVER_PORT=&HTTPS=&test_start=Y&lang=ru&sessid=ff69ec8f59eddaffa79346b536a43275&step=18&global_test_vars=YTozOntzOjIwOiJzaXRlX2NoZWNrZXJfc3VjY2VzcyI7czoxOiJOIjtzOjEwOiJsYXN0X3ZhbHVlIjtzOjA6IiI7czoxNjoiY2hlY2tfYnhfY3JvbnRhYiI7YjowO30= HTTP/1.1" 200 990 "http://0.0.0.0/bitrix/admin/site_checker.php?lang=ru" "Mozilla/5.0 (X11; Linux x86_64) AppleWebKit/537.36 (KHTML, like Gecko) Chrome/80.0.3987.132 Safari/537.36"
172.18.0.1 - - [22/Mar/2020:12:33:07 +0000] "GET /bitrix/admin/site_checker.php?HTTP_HOST=0.0.0.0&SERVER_PORT=&HTTPS=&test_start=Y&lang=ru&sessid=ff69ec8f59eddaffa79346b536a43275&step=19&global_test_vars=YTozOntzOjIwOiJzaXRlX2NoZWNrZXJfc3VjY2VzcyI7czoxOiJOIjtzOjEwOiJsYXN0X3ZhbHVlIjtzOjA6IiI7czoxNjoiY2hlY2tfYnhfY3JvbnRhYiI7YjowO30= HTTP/1.1" 200 986 "http://0.0.0.0/bitrix/admin/site_checker.php?lang=ru" "Mozilla/5.0 (X11; Linux x86_64) AppleWebKit/537.36 (KHTML, like Gecko) Chrome/80.0.3987.132 Safari/537.36"
172.18.0.1 - - [22/Mar/2020:12:33:07 +0000] "GET /bitrix/admin/site_checker.php?HTTP_HOST=0.0.0.0&SERVER_PORT=&HTTPS=&test_start=Y&lang=ru&sessid=ff69ec8f59eddaffa79346b536a43275&step=20&global_test_vars=YTozOntzOjIwOiJzaXRlX2NoZWNrZXJfc3VjY2VzcyI7czoxOiJOIjtzOjEwOiJsYXN0X3ZhbHVlIjtzOjA6IiI7czoxNjoiY2hlY2tfYnhfY3JvbnRhYiI7YjowO30= HTTP/1.1" 200 1025 "http://0.0.0.0/bitrix/admin/site_checker.php?lang=ru" "Mozilla/5.0 (X11; Linux x86_64) AppleWebKit/537.36 (KHTML, like Gecko) Chrome/80.0.3987.132 Safari/537.36"
172.18.0.1 - - [22/Mar/2020:12:33:07 +0000] "GET /bitrix/admin/site_checker.php?HTTP_HOST=0.0.0.0&SERVER_PORT=&HTTPS=&test_start=Y&lang=ru&sessid=ff69ec8f59eddaffa79346b536a43275&step=21&global_test_vars=YTozOntzOjIwOiJzaXRlX2NoZWNrZXJfc3VjY2VzcyI7czoxOiJOIjtzOjEwOiJsYXN0X3ZhbHVlIjtzOjA6IiI7czoxNjoiY2hlY2tfYnhfY3JvbnRhYiI7YjowO30= HTTP/1.1" 200 1021 "http://0.0.0.0/bitrix/admin/site_checker.php?lang=ru" "Mozilla/5.0 (X11; Linux x86_64) AppleWebKit/537.36 (KHTML, like Gecko) Chrome/80.0.3987.132 Safari/537.36"
127.0.0.1 - - [22/Mar/2020:12:33:07 +0000] "GET /bitrix/admin/site_checker.php?test_type=redirect_test&unique_id=c370e4b2ea5a7af5ad4ac1bde890fb85&SERVER_PORT=80&HTTPS=&FCGI_ROLE=&HTTP_HOST=0.0.0.0&SERVER_PROTOCOL=HTTP%2F1.1 HTTP/1.1" 302 463 "-" "-"
172.18.0.1 - - [22/Mar/2020:12:33:07 +0000] "GET /bitrix/admin/site_checker.php?HTTP_HOST=0.0.0.0&SERVER_PORT=&HTTPS=&test_start=Y&lang=ru&sessid=ff69ec8f59eddaffa79346b536a43275&step=22&global_test_vars=YTozOntzOjIwOiJzaXRlX2NoZWNrZXJfc3VjY2VzcyI7czoxOiJOIjtzOjEwOiJsYXN0X3ZhbHVlIjtzOjA6IiI7czoxNjoiY2hlY2tfYnhfY3JvbnRhYiI7YjowO30= HTTP/1.1" 200 1051 "http://0.0.0.0/bitrix/admin/site_checker.php?lang=ru" "Mozilla/5.0 (X11; Linux x86_64) AppleWebKit/537.36 (KHTML, like Gecko) Chrome/80.0.3987.132 Safari/537.36"
127.0.0.1 - - [22/Mar/2020:12:33:07 +0000] "GET /bitrix/admin/site_checker.php?test_type=redirect_test&unique_id=c370e4b2ea5a7af5ad4ac1bde890fb85&SERVER_PORT=80&HTTPS=&FCGI_ROLE=&HTTP_HOST=0.0.0.0&SERVER_PROTOCOL=HTTP%2F1.1&done=Y HTTP/1.1" 200 180 "-" "-"
172.18.0.1 - - [22/Mar/2020:12:33:07 +0000] "GET /bitrix/admin/site_checker.php?HTTP_HOST=0.0.0.0&SERVER_PORT=&HTTPS=&test_start=Y&lang=ru&sessid=ff69ec8f59eddaffa79346b536a43275&step=22&global_test_vars=YTozOntzOjIwOiJzaXRlX2NoZWNrZXJfc3VjY2VzcyI7czoxOiJOIjtzOjEwOiJsYXN0X3ZhbHVlIjtzOjgwOiJodHRwOi8vMC4wLjAuMD9yZWRpcmVjdF90ZXN0PVkmZG9uZT1ZJnVuaXF1ZV9pZD1jMzcwZTRiMmVhNWE3YWY1YWQ0YWMxYmRlODkwZmI4NSI7czoxNjoiY2hlY2tfYnhfY3JvbnRhYiI7YjowO30= HTTP/1.1" 200 1005 "http://0.0.0.0/bitrix/admin/site_checker.php?lang=ru" "Mozilla/5.0 (X11; Linux x86_64) AppleWebKit/537.36 (KHTML, like Gecko) Chrome/80.0.3987.132 Safari/537.36"
127.0.0.1 - - [22/Mar/2020:12:33:07 +0000] "GET /bitrix/admin/site_checker.php?test_type=memory_test&unique_id=c370e4b2ea5a7af5ad4ac1bde890fb85&max=15 HTTP/1.1" 200 180 "-" "-"
172.18.0.1 - - [22/Mar/2020:12:33:07 +0000] "GET /bitrix/admin/site_checker.php?HTTP_HOST=0.0.0.0&SERVER_PORT=&HTTPS=&test_start=Y&lang=ru&sessid=ff69ec8f59eddaffa79346b536a43275&step=23&global_test_vars=YTozOntzOjIwOiJzaXRlX2NoZWNrZXJfc3VjY2VzcyI7czoxOiJOIjtzOjEwOiJsYXN0X3ZhbHVlIjtzOjA6IiI7czoxNjoiY2hlY2tfYnhfY3JvbnRhYiI7YjowO30= HTTP/1.1" 200 969 "http://0.0.0.0/bitrix/admin/site_checker.php?lang=ru" "Mozilla/5.0 (X11; Linux x86_64) AppleWebKit/537.36 (KHTML, like Gecko) Chrome/80.0.3987.132 Safari/537.36"
127.0.0.1 - - [22/Mar/2020:12:33:08 +0000] "GET /bitrix/admin/site_checker.php?test_type=memory_test&unique_id=c370e4b2ea5a7af5ad4ac1bde890fb85&max=31 HTTP/1.1" 200 180 "-" "-"
172.18.0.1 - - [22/Mar/2020:12:33:08 +0000] "GET /bitrix/admin/site_checker.php?HTTP_HOST=0.0.0.0&SERVER_PORT=&HTTPS=&test_start=Y&lang=ru&sessid=ff69ec8f59eddaffa79346b536a43275&step=23&global_test_vars=YTozOntzOjIwOiJzaXRlX2NoZWNrZXJfc3VjY2VzcyI7czoxOiJOIjtzOjEwOiJsYXN0X3ZhbHVlIjtzOjMyOiJhOjM6e2k6MDtpOjE2O2k6MTtpOjMyO2k6MjtpOjI7fSI7czoxNjoiY2hlY2tfYnhfY3JvbnRhYiI7YjowO30= HTTP/1.1" 200 968 "http://0.0.0.0/bitrix/admin/site_checker.php?lang=ru" "Mozilla/5.0 (X11; Linux x86_64) AppleWebKit/537.36 (KHTML, like Gecko) Chrome/80.0.3987.132 Safari/537.36"
127.0.0.1 - - [22/Mar/2020:12:33:08 +0000] "GET /bitrix/admin/site_checker.php?test_type=memory_test&unique_id=c370e4b2ea5a7af5ad4ac1bde890fb85&max=63 HTTP/1.1" 200 180 "-" "-"
172.18.0.1 - - [22/Mar/2020:12:33:08 +0000] "GET /bitrix/admin/site_checker.php?HTTP_HOST=0.0.0.0&SERVER_PORT=&HTTPS=&test_start=Y&lang=ru&sessid=ff69ec8f59eddaffa79346b536a43275&step=23&global_test_vars=YTozOntzOjIwOiJzaXRlX2NoZWNrZXJfc3VjY2VzcyI7czoxOiJOIjtzOjEwOiJsYXN0X3ZhbHVlIjtzOjMyOiJhOjM6e2k6MDtpOjMyO2k6MTtpOjY0O2k6MjtpOjM7fSI7czoxNjoiY2hlY2tfYnhfY3JvbnRhYiI7YjowO30= HTTP/1.1" 200 970 "http://0.0.0.0/bitrix/admin/site_checker.php?lang=ru" "Mozilla/5.0 (X11; Linux x86_64) AppleWebKit/537.36 (KHTML, like Gecko) Chrome/80.0.3987.132 Safari/537.36"
127.0.0.1 - - [22/Mar/2020:12:33:08 +0000] "GET /bitrix/admin/site_checker.php?test_type=memory_test&unique_id=c370e4b2ea5a7af5ad4ac1bde890fb85&max=127 HTTP/1.1" 200 180 "-" "-"
172.18.0.1 - - [22/Mar/2020:12:33:08 +0000] "GET /bitrix/admin/site_checker.php?HTTP_HOST=0.0.0.0&SERVER_PORT=&HTTPS=&test_start=Y&lang=ru&sessid=ff69ec8f59eddaffa79346b536a43275&step=23&global_test_vars=YTozOntzOjIwOiJzaXRlX2NoZWNrZXJfc3VjY2VzcyI7czoxOiJOIjtzOjEwOiJsYXN0X3ZhbHVlIjtzOjMzOiJhOjM6e2k6MDtpOjY0O2k6MTtpOjEyODtpOjI7aTo0O30iO3M6MTY6ImNoZWNrX2J4X2Nyb250YWIiO2I6MDt9 HTTP/1.1" 200 974 "http://0.0.0.0/bitrix/admin/site_checker.php?lang=ru" "Mozilla/5.0 (X11; Linux x86_64) AppleWebKit/537.36 (KHTML, like Gecko) Chrome/80.0.3987.132 Safari/537.36"
127.0.0.1 - - [22/Mar/2020:12:33:19 +0000] "GET /bitrix/admin/site_checker.php?test_type=memory_test&unique_id=c370e4b2ea5a7af5ad4ac1bde890fb85&max=255 HTTP/1.1" 200 180 "-" "-"
172.18.0.1 - - [22/Mar/2020:12:33:19 +0000] "GET /bitrix/admin/site_checker.php?HTTP_HOST=0.0.0.0&SERVER_PORT=&HTTPS=&test_start=Y&lang=ru&sessid=ff69ec8f59eddaffa79346b536a43275&step=23&global_test_vars=YTozOntzOjIwOiJzaXRlX2NoZWNrZXJfc3VjY2VzcyI7czoxOiJOIjtzOjEwOiJsYXN0X3ZhbHVlIjtzOjM0OiJhOjM6e2k6MDtpOjEyODtpOjE7aToyNTY7aToyO2k6NTt9IjtzOjE2OiJjaGVja19ieF9jcm9udGFiIjtiOjA7fQ== HTTP/1.1" 200 989 "http://0.0.0.0/bitrix/admin/site_checker.php?lang=ru" "Mozilla/5.0 (X11; Linux x86_64) AppleWebKit/537.36 (KHTML, like Gecko) Chrome/80.0.3987.132 Safari/537.36"
172.18.0.1 - - [22/Mar/2020:12:33:43 +0000] "GET /bitrix/admin/site_checker.php?HTTP_HOST=0.0.0.0&SERVER_PORT=&HTTPS=&test_start=Y&lang=ru&sessid=ff69ec8f59eddaffa79346b536a43275&step=24&global_test_vars=YTozOntzOjIwOiJzaXRlX2NoZWNrZXJfc3VjY2VzcyI7czoxOiJOIjtzOjEwOiJsYXN0X3ZhbHVlIjtzOjA6IiI7czoxNjoiY2hlY2tfYnhfY3JvbnRhYiI7YjowO30= HTTP/1.1" 200 986 "http://0.0.0.0/bitrix/admin/site_checker.php?lang=ru" "Mozilla/5.0 (X11; Linux x86_64) AppleWebKit/537.36 (KHTML, like Gecko) Chrome/80.0.3987.132 Safari/537.36"
172.18.0.1 - - [22/Mar/2020:12:33:43 +0000] "GET /bitrix/admin/site_checker.php?HTTP_HOST=0.0.0.0&SERVER_PORT=&HTTPS=&test_start=Y&lang=ru&sessid=ff69ec8f59eddaffa79346b536a43275&step=25&global_test_vars=YTozOntzOjIwOiJzaXRlX2NoZWNrZXJfc3VjY2VzcyI7czoxOiJOIjtzOjEwOiJsYXN0X3ZhbHVlIjtzOjA6IiI7czoxNjoiY2hlY2tfYnhfY3JvbnRhYiI7YjowO30= HTTP/1.1" 200 970 "http://0.0.0.0/bitrix/admin/site_checker.php?lang=ru" "Mozilla/5.0 (X11; Linux x86_64) AppleWebKit/537.36 (KHTML, like Gecko) Chrome/80.0.3987.132 Safari/537.36"
127.0.0.1 - test_user [22/Mar/2020:12:33:43 +0000] "GET /bitrix/admin/site_checker.php?test_type=auth_test&unique_id=c370e4b2ea5a7af5ad4ac1bde890fb85 HTTP/1.1" 200 180 "-" "-"
172.18.0.1 - - [22/Mar/2020:12:33:43 +0000] "GET /bitrix/admin/site_checker.php?HTTP_HOST=0.0.0.0&SERVER_PORT=&HTTPS=&test_start=Y&lang=ru&sessid=ff69ec8f59eddaffa79346b536a43275&step=26&global_test_vars=YTozOntzOjIwOiJzaXRlX2NoZWNrZXJfc3VjY2VzcyI7czoxOiJOIjtzOjEwOiJsYXN0X3ZhbHVlIjtzOjA6IiI7czoxNjoiY2hlY2tfYnhfY3JvbnRhYiI7YjowO30= HTTP/1.1" 200 970 "http://0.0.0.0/bitrix/admin/site_checker.php?lang=ru" "Mozilla/5.0 (X11; Linux x86_64) AppleWebKit/537.36 (KHTML, like Gecko) Chrome/80.0.3987.132 Safari/537.36"
172.18.0.1 - - [22/Mar/2020:12:33:43 +0000] "GET /bitrix/admin/site_checker.php?HTTP_HOST=0.0.0.0&SERVER_PORT=&HTTPS=&test_start=Y&lang=ru&sessid=ff69ec8f59eddaffa79346b536a43275&step=27&global_test_vars=YTozOntzOjIwOiJzaXRlX2NoZWNrZXJfc3VjY2VzcyI7czoxOiJOIjtzOjEwOiJsYXN0X3ZhbHVlIjtzOjA6IiI7czoxNjoiY2hlY2tfYnhfY3JvbnRhYiI7YjowO30= HTTP/1.1" 200 999 "http://0.0.0.0/bitrix/admin/site_checker.php?lang=ru" "Mozilla/5.0 (X11; Linux x86_64) AppleWebKit/537.36 (KHTML, like Gecko) Chrome/80.0.3987.132 Safari/537.36"
172.18.0.1 - - [22/Mar/2020:12:33:44 +0000] "GET /bitrix/admin/site_checker.php?HTTP_HOST=0.0.0.0&SERVER_PORT=&HTTPS=&test_start=Y&lang=ru&sessid=ff69ec8f59eddaffa79346b536a43275&step=28&global_test_vars=YTozOntzOjIwOiJzaXRlX2NoZWNrZXJfc3VjY2VzcyI7czoxOiJOIjtzOjEwOiJsYXN0X3ZhbHVlIjtzOjA6IiI7czoxNjoiY2hlY2tfYnhfY3JvbnRhYiI7YjowO30= HTTP/1.1" 200 962 "http://0.0.0.0/bitrix/admin/site_checker.php?lang=ru" "Mozilla/5.0 (X11; Linux x86_64) AppleWebKit/537.36 (KHTML, like Gecko) Chrome/80.0.3987.132 Safari/537.36"
127.0.0.1 - - [22/Mar/2020:12:33:44 +0000] "OPTIONS * HTTP/1.0" 200 126 "-" "Apache/2.4.38 (Debian) PHP/7.1.33 (internal dummy connection)"
172.18.0.1 - - [22/Mar/2020:12:33:44 +0000] "GET /bitrix/admin/site_checker.php?HTTP_HOST=0.0.0.0&SERVER_PORT=&HTTPS=&test_start=Y&lang=ru&sessid=ff69ec8f59eddaffa79346b536a43275&step=29&global_test_vars=YTozOntzOjIwOiJzaXRlX2NoZWNrZXJfc3VjY2VzcyI7czoxOiJOIjtzOjEwOiJsYXN0X3ZhbHVlIjtzOjA6IiI7czoxNjoiY2hlY2tfYnhfY3JvbnRhYiI7YjowO30= HTTP/1.1" 200 971 "http://0.0.0.0/bitrix/admin/site_checker.php?lang=ru" "Mozilla/5.0 (X11; Linux x86_64) AppleWebKit/537.36 (KHTML, like Gecko) Chrome/80.0.3987.132 Safari/537.36"
172.18.0.1 - - [22/Mar/2020:12:33:44 +0000] "GET /bitrix/admin/site_checker.php?HTTP_HOST=0.0.0.0&SERVER_PORT=&HTTPS=&test_start=Y&lang=ru&sessid=ff69ec8f59eddaffa79346b536a43275&step=30&global_test_vars=YTozOntzOjIwOiJzaXRlX2NoZWNrZXJfc3VjY2VzcyI7czoxOiJOIjtzOjEwOiJsYXN0X3ZhbHVlIjtzOjA6IiI7czoxNjoiY2hlY2tfYnhfY3JvbnRhYiI7YjowO30= HTTP/1.1" 200 1012 "http://0.0.0.0/bitrix/admin/site_checker.php?lang=ru" "Mozilla/5.0 (X11; Linux x86_64) AppleWebKit/537.36 (KHTML, like Gecko) Chrome/80.0.3987.132 Safari/537.36"
172.18.0.1 - - [22/Mar/2020:12:33:45 +0000] "GET /bitrix/admin/site_checker.php?HTTP_HOST=0.0.0.0&SERVER_PORT=&HTTPS=&test_start=Y&lang=ru&sessid=ff69ec8f59eddaffa79346b536a43275&step=31&global_test_vars=YTozOntzOjIwOiJzaXRlX2NoZWNrZXJfc3VjY2VzcyI7czoxOiJOIjtzOjEwOiJsYXN0X3ZhbHVlIjtzOjA6IiI7czoxNjoiY2hlY2tfYnhfY3JvbnRhYiI7YjowO30= HTTP/1.1" 200 1008 "http://0.0.0.0/bitrix/admin/site_checker.php?lang=ru" "Mozilla/5.0 (X11; Linux x86_64) AppleWebKit/537.36 (KHTML, like Gecko) Chrome/80.0.3987.132 Safari/537.36"
172.18.0.1 - - [22/Mar/2020:12:33:45 +0000] "GET /bitrix/admin/site_checker.php?HTTP_HOST=0.0.0.0&SERVER_PORT=&HTTPS=&test_start=Y&lang=ru&sessid=ff69ec8f59eddaffa79346b536a43275&step=32&global_test_vars=YTozOntzOjIwOiJzaXRlX2NoZWNrZXJfc3VjY2VzcyI7czoxOiJOIjtzOjEwOiJsYXN0X3ZhbHVlIjtzOjA6IiI7czoxNjoiY2hlY2tfYnhfY3JvbnRhYiI7YjowO30= HTTP/1.1" 200 953 "http://0.0.0.0/bitrix/admin/site_checker.php?lang=ru" "Mozilla/5.0 (X11; Linux x86_64) AppleWebKit/537.36 (KHTML, like Gecko) Chrome/80.0.3987.132 Safari/537.36"
172.18.0.1 - - [22/Mar/2020:12:33:45 +0000] "GET /bitrix/admin/site_checker.php?HTTP_HOST=0.0.0.0&SERVER_PORT=&HTTPS=&test_start=Y&lang=ru&sessid=ff69ec8f59eddaffa79346b536a43275&step=33&global_test_vars=YTozOntzOjIwOiJzaXRlX2NoZWNrZXJfc3VjY2VzcyI7czoxOiJOIjtzOjEwOiJsYXN0X3ZhbHVlIjtzOjA6IiI7czoxNjoiY2hlY2tfYnhfY3JvbnRhYiI7YjowO30= HTTP/1.1" 200 957 "http://0.0.0.0/bitrix/admin/site_checker.php?lang=ru" "Mozilla/5.0 (X11; Linux x86_64) AppleWebKit/537.36 (KHTML, like Gecko) Chrome/80.0.3987.132 Safari/537.36"
172.18.0.1 - - [22/Mar/2020:12:33:45 +0000] "GET /bitrix/admin/site_checker.php?HTTP_HOST=0.0.0.0&SERVER_PORT=&HTTPS=&test_start=Y&lang=ru&sessid=ff69ec8f59eddaffa79346b536a43275&step=34&global_test_vars=YTozOntzOjIwOiJzaXRlX2NoZWNrZXJfc3VjY2VzcyI7czoxOiJOIjtzOjEwOiJsYXN0X3ZhbHVlIjtzOjA6IiI7czoxNjoiY2hlY2tfYnhfY3JvbnRhYiI7YjowO30= HTTP/1.1" 200 969 "http://0.0.0.0/bitrix/admin/site_checker.php?lang=ru" "Mozilla/5.0 (X11; Linux x86_64) AppleWebKit/537.36 (KHTML, like Gecko) Chrome/80.0.3987.132 Safari/537.36"
172.18.0.1 - - [22/Mar/2020:12:33:47 +0000] "GET /bitrix/admin/site_checker.php?HTTP_HOST=0.0.0.0&SERVER_PORT=&HTTPS=&test_start=Y&lang=ru&sessid=ff69ec8f59eddaffa79346b536a43275&step=35&global_test_vars=YTozOntzOjIwOiJzaXRlX2NoZWNrZXJfc3VjY2VzcyI7czoxOiJOIjtzOjEwOiJsYXN0X3ZhbHVlIjtzOjA6IiI7czoxNjoiY2hlY2tfYnhfY3JvbnRhYiI7YjowO30= HTTP/1.1" 200 940 "http://0.0.0.0/bitrix/admin/site_checker.php?lang=ru" "Mozilla/5.0 (X11; Linux x86_64) AppleWebKit/537.36 (KHTML, like Gecko) Chrome/80.0.3987.132 Safari/537.36"
172.18.0.1 - - [22/Mar/2020:12:33:50 +0000] "GET /bitrix/admin/site_checker.php?HTTP_HOST=0.0.0.0&SERVER_PORT=&HTTPS=&test_start=Y&lang=ru&sessid=ff69ec8f59eddaffa79346b536a43275&step=35&global_test_vars=YTozOntzOjIwOiJzaXRlX2NoZWNrZXJfc3VjY2VzcyI7czoxOiJOIjtzOjEwOiJsYXN0X3ZhbHVlIjtzOjc6InBlcmZtb24iO3M6MTY6ImNoZWNrX2J4X2Nyb250YWIiO2I6MDt9 HTTP/1.1" 200 944 "http://0.0.0.0/bitrix/admin/site_checker.php?lang=ru" "Mozilla/5.0 (X11; Linux x86_64) AppleWebKit/537.36 (KHTML, like Gecko) Chrome/80.0.3987.132 Safari/537.36"
172.18.0.1 - - [22/Mar/2020:12:34:00 +0000] "GET /bitrix/panel/main/images/popup_sprite.png HTTP/1.1" 304 181 "http://0.0.0.0/bitrix/panel/main/popup.css?158486281423084" "Mozilla/5.0 (X11; Linux x86_64) AppleWebKit/537.36 (KHTML, like Gecko) Chrome/80.0.3987.132 Safari/537.36"
172.18.0.1 - - [22/Mar/2020:12:33:51 +0000] "GET /bitrix/admin/site_checker.php?HTTP_HOST=0.0.0.0&SERVER_PORT=&HTTPS=&test_start=Y&lang=ru&sessid=ff69ec8f59eddaffa79346b536a43275&step=35&global_test_vars=YTozOntzOjIwOiJzaXRlX2NoZWNrZXJfc3VjY2VzcyI7czoxOiJOIjtzOjE2OiJjaGVja19ieF9jcm9udGFiIjtiOjA7czoxMDoibGFzdF92YWx1ZSI7czoxMjoiYjI0Y29ubmVjdG9yIjt9 HTTP/1.1" 200 932 "http://0.0.0.0/bitrix/admin/site_checker.php?lang=ru" "Mozilla/5.0 (X11; Linux x86_64) AppleWebKit/537.36 (KHTML, like Gecko) Chrome/80.0.3987.132 Safari/537.36"
172.18.0.1 - - [22/Mar/2020:12:34:02 +0000] "GET /bitrix/admin/site_checker.php?HTTP_HOST=0.0.0.0&SERVER_PORT=&HTTPS=&test_start=Y&lang=ru&sessid=ff69ec8f59eddaffa79346b536a43275&step=35&global_test_vars=YTozOntzOjIwOiJzaXRlX2NoZWNrZXJfc3VjY2VzcyI7czoxOiJOIjtzOjE2OiJjaGVja19ieF9jcm9udGFiIjtiOjA7czoxMDoibGFzdF92YWx1ZSI7czo0OiJyZXN0Ijt9 HTTP/1.1" 200 942 "http://0.0.0.0/bitrix/admin/site_checker.php?lang=ru" "Mozilla/5.0 (X11; Linux x86_64) AppleWebKit/537.36 (KHTML, like Gecko) Chrome/80.0.3987.132 Safari/537.36"
172.18.0.1 - - [22/Mar/2020:12:34:05 +0000] "GET /bitrix/admin/site_checker.php?HTTP_HOST=0.0.0.0&SERVER_PORT=&HTTPS=&test_start=Y&lang=ru&sessid=ff69ec8f59eddaffa79346b536a43275&step=35&global_test_vars=YTozOntzOjIwOiJzaXRlX2NoZWNrZXJfc3VjY2VzcyI7czoxOiJOIjtzOjE2OiJjaGVja19ieF9jcm9udGFiIjtiOjA7czoxMDoibGFzdF92YWx1ZSI7czo4OiJzZWN1cml0eSI7fQ== HTTP/1.1" 200 933 "http://0.0.0.0/bitrix/admin/site_checker.php?lang=ru" "Mozilla/5.0 (X11; Linux x86_64) AppleWebKit/537.36 (KHTML, like Gecko) Chrome/80.0.3987.132 Safari/537.36"
172.18.0.1 - - [22/Mar/2020:12:34:09 +0000] "GET /bitrix/admin/site_checker.php?HTTP_HOST=0.0.0.0&SERVER_PORT=&HTTPS=&test_start=Y&lang=ru&sessid=ff69ec8f59eddaffa79346b536a43275&step=35&global_test_vars=YTozOntzOjIwOiJzaXRlX2NoZWNrZXJfc3VjY2VzcyI7czoxOiJOIjtzOjE2OiJjaGVja19ieF9jcm9udGFiIjtiOjA7czoxMDoibGFzdF92YWx1ZSI7czo0OiJibG9nIjt9 HTTP/1.1" 200 937 "http://0.0.0.0/bitrix/admin/site_checker.php?lang=ru" "Mozilla/5.0 (X11; Linux x86_64) AppleWebKit/537.36 (KHTML, like Gecko) Chrome/80.0.3987.132 Safari/537.36"
172.18.0.1 - - [22/Mar/2020:12:34:11 +0000] "GET /bitrix/admin/site_checker.php?HTTP_HOST=0.0.0.0&SERVER_PORT=&HTTPS=&test_start=Y&lang=ru&sessid=ff69ec8f59eddaffa79346b536a43275&step=35&global_test_vars=YTozOntzOjIwOiJzaXRlX2NoZWNrZXJfc3VjY2VzcyI7czoxOiJOIjtzOjE2OiJjaGVja19ieF9jcm9udGFiIjtiOjA7czoxMDoibGFzdF92YWx1ZSI7czo3OiJmaWxlbWFuIjt9 HTTP/1.1" 200 938 "http://0.0.0.0/bitrix/admin/site_checker.php?lang=ru" "Mozilla/5.0 (X11; Linux x86_64) AppleWebKit/537.36 (KHTML, like Gecko) Chrome/80.0.3987.132 Safari/537.36"
172.18.0.1 - - [22/Mar/2020:12:34:12 +0000] "GET /bitrix/admin/site_checker.php?HTTP_HOST=0.0.0.0&SERVER_PORT=&HTTPS=&test_start=Y&lang=ru&sessid=ff69ec8f59eddaffa79346b536a43275&step=35&global_test_vars=YTozOntzOjIwOiJzaXRlX2NoZWNrZXJfc3VjY2VzcyI7czoxOiJOIjtzOjE2OiJjaGVja19ieF9jcm9udGFiIjtiOjA7czoxMDoibGFzdF92YWx1ZSI7czo2OiJjbG91ZHMiO30= HTTP/1.1" 200 944 "http://0.0.0.0/bitrix/admin/site_checker.php?lang=ru" "Mozilla/5.0 (X11; Linux x86_64) AppleWebKit/537.36 (KHTML, like Gecko) Chrome/80.0.3987.132 Safari/537.36"
172.18.0.1 - - [22/Mar/2020:12:34:14 +0000] "GET /bitrix/admin/site_checker.php?HTTP_HOST=0.0.0.0&SERVER_PORT=&HTTPS=&test_start=Y&lang=ru&sessid=ff69ec8f59eddaffa79346b536a43275&step=35&global_test_vars=YTozOntzOjIwOiJzaXRlX2NoZWNrZXJfc3VjY2VzcyI7czoxOiJOIjtzOjE2OiJjaGVja19ieF9jcm9udGFiIjtiOjA7czoxMDoibGFzdF92YWx1ZSI7czo5OiJzdWJzY3JpYmUiO30= HTTP/1.1" 200 938 "http://0.0.0.0/bitrix/admin/site_checker.php?lang=ru" "Mozilla/5.0 (X11; Linux x86_64) AppleWebKit/537.36 (KHTML, like Gecko) Chrome/80.0.3987.132 Safari/537.36"
172.18.0.1 - - [22/Mar/2020:12:34:20 +0000] "GET /bitrix/admin/site_checker.php?HTTP_HOST=0.0.0.0&SERVER_PORT=&HTTPS=&test_start=Y&lang=ru&sessid=ff69ec8f59eddaffa79346b536a43275&step=35&global_test_vars=YTozOntzOjIwOiJzaXRlX2NoZWNrZXJfc3VjY2VzcyI7czoxOiJOIjtzOjE2OiJjaGVja19ieF9jcm9udGFiIjtiOjA7czoxMDoibGFzdF92YWx1ZSI7czo2OiJpYmxvY2siO30= HTTP/1.1" 200 942 "http://0.0.0.0/bitrix/admin/site_checker.php?lang=ru" "Mozilla/5.0 (X11; Linux x86_64) AppleWebKit/537.36 (KHTML, like Gecko) Chrome/80.0.3987.132 Safari/537.36"
172.18.0.1 - - [22/Mar/2020:12:34:21 +0000] "GET /bitrix/admin/site_checker.php?HTTP_HOST=0.0.0.0&SERVER_PORT=&HTTPS=&test_start=Y&lang=ru&sessid=ff69ec8f59eddaffa79346b536a43275&step=35&global_test_vars=YTozOntzOjIwOiJzaXRlX2NoZWNrZXJfc3VjY2VzcyI7czoxOiJOIjtzOjE2OiJjaGVja19ieF9jcm9udGFiIjtiOjA7czoxMDoibGFzdF92YWx1ZSI7czo5OiJtb2JpbGVhcHAiO30= HTTP/1.1" 200 938 "http://0.0.0.0/bitrix/admin/site_checker.php?lang=ru" "Mozilla/5.0 (X11; Linux x86_64) AppleWebKit/537.36 (KHTML, like Gecko) Chrome/80.0.3987.132 Safari/537.36"
172.18.0.1 - - [22/Mar/2020:12:34:26 +0000] "GET /bitrix/admin/site_checker.php?test_start=Y&lang=ru&sessid=ff69ec8f59eddaffa79346b536a43275 HTTP/1.1" 200 1069 "http://0.0.0.0/bitrix/admin/site_checker.php?lang=ru" "Mozilla/5.0 (X11; Linux x86_64) AppleWebKit/537.36 (KHTML, like Gecko) Chrome/80.0.3987.132 Safari/537.36"
172.18.0.1 - - [22/Mar/2020:12:34:28 +0000] "GET /bitrix/admin/site_checker.php?HTTP_HOST=0.0.0.0&SERVER_PORT=&HTTPS=&test_start=Y&lang=ru&sessid=ff69ec8f59eddaffa79346b536a43275&step=35&global_test_vars=YTozOntzOjIwOiJzaXRlX2NoZWNrZXJfc3VjY2VzcyI7czoxOiJOIjtzOjE2OiJjaGVja19ieF9jcm9udGFiIjtiOjA7czoxMDoibGFzdF92YWx1ZSI7czo1OiJmb3J1bSI7fQ== HTTP/1.1" 200 949 "http://0.0.0.0/bitrix/admin/site_checker.php?lang=ru" "Mozilla/5.0 (X11; Linux x86_64) AppleWebKit/537.36 (KHTML, like Gecko) Chrome/80.0.3987.132 Safari/537.36"
172.18.0.1 - - [22/Mar/2020:12:34:28 +0000] "GET /bitrix/admin/site_checker.php?HTTP_HOST=0.0.0.0&SERVER_PORT=&HTTPS=&test_start=Y&lang=ru&sessid=ff69ec8f59eddaffa79346b536a43275&step=1&global_test_vars=YToyOntzOjIwOiJzaXRlX2NoZWNrZXJfc3VjY2VzcyI7czoxOiJZIjtzOjEwOiJsYXN0X3ZhbHVlIjtzOjA6IiI7fQ== HTTP/1.1" 200 1068 "http://0.0.0.0/bitrix/admin/site_checker.php?lang=ru" "Mozilla/5.0 (X11; Linux x86_64) AppleWebKit/537.36 (KHTML, like Gecko) Chrome/80.0.3987.132 Safari/537.36"
172.18.0.1 - - [22/Mar/2020:12:34:29 +0000] "GET /bitrix/admin/site_checker.php?HTTP_HOST=0.0.0.0&SERVER_PORT=&HTTPS=&test_start=Y&lang=ru&sessid=ff69ec8f59eddaffa79346b536a43275&step=35&global_test_vars=YTozOntzOjIwOiJzaXRlX2NoZWNrZXJfc3VjY2VzcyI7czoxOiJOIjtzOjE2OiJjaGVja19ieF9jcm9udGFiIjtiOjA7czoxMDoibGFzdF92YWx1ZSI7czoxNDoic29jaWFsc2VydmljZXMiO30= HTTP/1.1" 200 949 "http://0.0.0.0/bitrix/admin/site_checker.php?lang=ru" "Mozilla/5.0 (X11; Linux x86_64) AppleWebKit/537.36 (KHTML, like Gecko) Chrome/80.0.3987.132 Safari/537.36"
172.18.0.1 - - [22/Mar/2020:12:34:29 +0000] "GET /bitrix/admin/site_checker.php?HTTP_HOST=0.0.0.0&SERVER_PORT=&HTTPS=&test_start=Y&lang=ru&sessid=ff69ec8f59eddaffa79346b536a43275&step=2&global_test_vars=YToyOntzOjIwOiJzaXRlX2NoZWNrZXJfc3VjY2VzcyI7czoxOiJZIjtzOjEwOiJsYXN0X3ZhbHVlIjtzOjA6IiI7fQ== HTTP/1.1" 200 1074 "http://0.0.0.0/bitrix/admin/site_checker.php?lang=ru" "Mozilla/5.0 (X11; Linux x86_64) AppleWebKit/537.36 (KHTML, like Gecko) Chrome/80.0.3987.132 Safari/537.36"
172.18.0.1 - - [22/Mar/2020:12:34:30 +0000] "GET /bitrix/admin/site_checker.php?HTTP_HOST=0.0.0.0&SERVER_PORT=&HTTPS=&test_start=Y&lang=ru&sessid=ff69ec8f59eddaffa79346b536a43275&step=35&global_test_vars=YTozOntzOjIwOiJzaXRlX2NoZWNrZXJfc3VjY2VzcyI7czoxOiJOIjtzOjE2OiJjaGVja19ieF9jcm9udGFiIjtiOjA7czoxMDoibGFzdF92YWx1ZSI7czoxMzoiaGlnaGxvYWRibG9jayI7fQ== HTTP/1.1" 200 938 "http://0.0.0.0/bitrix/admin/site_checker.php?lang=ru" "Mozilla/5.0 (X11; Linux x86_64) AppleWebKit/537.36 (KHTML, like Gecko) Chrome/80.0.3987.132 Safari/537.36"
172.18.0.1 - - [22/Mar/2020:12:34:30 +0000] "GET /bitrix/admin/site_checker.php?HTTP_HOST=0.0.0.0&SERVER_PORT=&HTTPS=&test_start=Y&lang=ru&sessid=ff69ec8f59eddaffa79346b536a43275&step=3&global_test_vars=YToyOntzOjIwOiJzaXRlX2NoZWNrZXJfc3VjY2VzcyI7czoxOiJZIjtzOjEwOiJsYXN0X3ZhbHVlIjtzOjA6IiI7fQ== HTTP/1.1" 200 1063 "http://0.0.0.0/bitrix/admin/site_checker.php?lang=ru" "Mozilla/5.0 (X11; Linux x86_64) AppleWebKit/537.36 (KHTML, like Gecko) Chrome/80.0.3987.132 Safari/537.36"
172.18.0.1 - - [22/Mar/2020:12:34:33 +0000] "GET /bitrix/admin/site_checker.php?HTTP_HOST=0.0.0.0&SERVER_PORT=&HTTPS=&test_start=Y&lang=ru&sessid=ff69ec8f59eddaffa79346b536a43275&step=35&global_test_vars=YTozOntzOjIwOiJzaXRlX2NoZWNrZXJfc3VjY2VzcyI7czoxOiJOIjtzOjE2OiJjaGVja19ieF9jcm9udGFiIjtiOjA7czoxMDoibGFzdF92YWx1ZSI7czo2OiJzZWFyY2giO30= HTTP/1.1" 200 942 "http://0.0.0.0/bitrix/admin/site_checker.php?lang=ru" "Mozilla/5.0 (X11; Linux x86_64) AppleWebKit/537.36 (KHTML, like Gecko) Chrome/80.0.3987.132 Safari/537.36"
172.18.0.1 - - [22/Mar/2020:12:34:33 +0000] "GET /bitrix/admin/site_checker.php?HTTP_HOST=0.0.0.0&SERVER_PORT=&HTTPS=&test_start=Y&lang=ru&sessid=ff69ec8f59eddaffa79346b536a43275&step=4&global_test_vars=YToyOntzOjIwOiJzaXRlX2NoZWNrZXJfc3VjY2VzcyI7czoxOiJZIjtzOjEwOiJsYXN0X3ZhbHVlIjtzOjA6IiI7fQ== HTTP/1.1" 200 1025 "http://0.0.0.0/bitrix/admin/site_checker.php?lang=ru" "Mozilla/5.0 (X11; Linux x86_64) AppleWebKit/537.36 (KHTML, like Gecko) Chrome/80.0.3987.132 Safari/537.36"
172.18.0.1 - - [22/Mar/2020:12:34:33 +0000] "GET /bitrix/admin/site_checker.php?HTTP_HOST=0.0.0.0&SERVER_PORT=&HTTPS=&test_start=Y&lang=ru&sessid=ff69ec8f59eddaffa79346b536a43275&step=35&global_test_vars=YTozOntzOjIwOiJzaXRlX2NoZWNrZXJfc3VjY2VzcyI7czoxOiJOIjtzOjE2OiJjaGVja19ieF9jcm9udGFiIjtiOjA7czoxMDoibGFzdF92YWx1ZSI7czoxMjoicGhvdG9nYWxsZXJ5Ijt9 HTTP/1.1" 200 937 "http://0.0.0.0/bitrix/admin/site_checker.php?lang=ru" "Mozilla/5.0 (X11; Linux x86_64) AppleWebKit/537.36 (KHTML, like Gecko) Chrome/80.0.3987.132 Safari/537.36"
172.18.0.1 - - [22/Mar/2020:12:34:33 +0000] "GET /bitrix/admin/site_checker.php?HTTP_HOST=0.0.0.0&SERVER_PORT=&HTTPS=&test_start=Y&lang=ru&sessid=ff69ec8f59eddaffa79346b536a43275&step=4&global_test_vars=YToyOntzOjIwOiJzaXRlX2NoZWNrZXJfc3VjY2VzcyI7czoxOiJZIjtzOjEwOiJsYXN0X3ZhbHVlIjtzOjE6IlkiO30= HTTP/1.1" 200 1077 "http://0.0.0.0/bitrix/admin/site_checker.php?lang=ru" "Mozilla/5.0 (X11; Linux x86_64) AppleWebKit/537.36 (KHTML, like Gecko) Chrome/80.0.3987.132 Safari/537.36"
172.18.0.1 - - [22/Mar/2020:12:34:38 +0000] "GET /bitrix/admin/site_checker.php?HTTP_HOST=0.0.0.0&SERVER_PORT=&HTTPS=&test_start=Y&lang=ru&sessid=ff69ec8f59eddaffa79346b536a43275&step=35&global_test_vars=YTozOntzOjIwOiJzaXRlX2NoZWNrZXJfc3VjY2VzcyI7czoxOiJOIjtzOjE2OiJjaGVja19ieF9jcm9udGFiIjtiOjA7czoxMDoibGFzdF92YWx1ZSI7czozOiJzZW8iO30= HTTP/1.1" 200 937 "http://0.0.0.0/bitrix/admin/site_checker.php?lang=ru" "Mozilla/5.0 (X11; Linux x86_64) AppleWebKit/537.36 (KHTML, like Gecko) Chrome/80.0.3987.132 Safari/537.36"
172.18.0.1 - - [22/Mar/2020:12:34:38 +0000] "GET /bitrix/admin/site_checker.php?HTTP_HOST=0.0.0.0&SERVER_PORT=&HTTPS=&test_start=Y&lang=ru&sessid=ff69ec8f59eddaffa79346b536a43275&step=5&global_test_vars=YToyOntzOjIwOiJzaXRlX2NoZWNrZXJfc3VjY2VzcyI7czoxOiJZIjtzOjEwOiJsYXN0X3ZhbHVlIjtzOjA6IiI7fQ== HTTP/1.1" 200 1106 "http://0.0.0.0/bitrix/admin/site_checker.php?lang=ru" "Mozilla/5.0 (X11; Linux x86_64) AppleWebKit/537.36 (KHTML, like Gecko) Chrome/80.0.3987.132 Safari/537.36"
172.18.0.1 - - [22/Mar/2020:12:34:45 +0000] "GET /bitrix/admin/site_checker.php?HTTP_HOST=0.0.0.0&SERVER_PORT=&HTTPS=&test_start=Y&lang=ru&sessid=ff69ec8f59eddaffa79346b536a43275&step=35&global_test_vars=YTozOntzOjIwOiJzaXRlX2NoZWNrZXJfc3VjY2VzcyI7czoxOiJOIjtzOjE2OiJjaGVja19ieF9jcm9udGFiIjtiOjA7czoxMDoibGFzdF92YWx1ZSI7czo3OiJsYW5kaW5nIjt9 HTTP/1.1" 200 934 "http://0.0.0.0/bitrix/admin/site_checker.php?lang=ru" "Mozilla/5.0 (X11; Linux x86_64) AppleWebKit/537.36 (KHTML, like Gecko) Chrome/80.0.3987.132 Safari/537.36"
172.18.0.1 - - [22/Mar/2020:12:34:45 +0000] "GET /bitrix/admin/site_checker.php?HTTP_HOST=0.0.0.0&SERVER_PORT=&HTTPS=&test_start=Y&lang=ru&sessid=ff69ec8f59eddaffa79346b536a43275&step=6&global_test_vars=YToyOntzOjIwOiJzaXRlX2NoZWNrZXJfc3VjY2VzcyI7czoxOiJZIjtzOjEwOiJsYXN0X3ZhbHVlIjtzOjA6IiI7fQ== HTTP/1.1" 200 1075 "http://0.0.0.0/bitrix/admin/site_checker.php?lang=ru" "Mozilla/5.0 (X11; Linux x86_64) AppleWebKit/537.36 (KHTML, like Gecko) Chrome/80.0.3987.132 Safari/537.36"
172.18.0.1 - - [22/Mar/2020:12:34:47 +0000] "GET /bitrix/admin/site_checker.php?HTTP_HOST=0.0.0.0&SERVER_PORT=&HTTPS=&test_start=Y&lang=ru&sessid=ff69ec8f59eddaffa79346b536a43275&step=35&global_test_vars=YTozOntzOjIwOiJzaXRlX2NoZWNrZXJfc3VjY2VzcyI7czoxOiJOIjtzOjE2OiJjaGVja19ieF9jcm9udGFiIjtiOjA7czoxMDoibGFzdF92YWx1ZSI7czo0OiJ2b3RlIjt9 HTTP/1.1" 200 948 "http://0.0.0.0/bitrix/admin/site_checker.php?lang=ru" "Mozilla/5.0 (X11; Linux x86_64) AppleWebKit/537.36 (KHTML, like Gecko) Chrome/80.0.3987.132 Safari/537.36"
127.0.0.1 - - [22/Mar/2020:12:34:48 +0000] "GET /bitrix/admin/site_checker.php?test_type=socket_test&unique_id=c370e4b2ea5a7af5ad4ac1bde890fb85 HTTP/1.1" 200 180 "-" "-"
172.18.0.1 - - [22/Mar/2020:12:34:47 +0000] "GET /bitrix/admin/site_checker.php?HTTP_HOST=0.0.0.0&SERVER_PORT=&HTTPS=&test_start=Y&lang=ru&sessid=ff69ec8f59eddaffa79346b536a43275&step=7&global_test_vars=YToyOntzOjIwOiJzaXRlX2NoZWNrZXJfc3VjY2VzcyI7czoxOiJZIjtzOjEwOiJsYXN0X3ZhbHVlIjtzOjA6IiI7fQ== HTTP/1.1" 200 1057 "http://0.0.0.0/bitrix/admin/site_checker.php?lang=ru" "Mozilla/5.0 (X11; Linux x86_64) AppleWebKit/537.36 (KHTML, like Gecko) Chrome/80.0.3987.132 Safari/537.36"
172.18.0.1 - - [22/Mar/2020:12:34:48 +0000] "GET /bitrix/admin/site_checker.php?HTTP_HOST=0.0.0.0&SERVER_PORT=&HTTPS=&test_start=Y&lang=ru&sessid=ff69ec8f59eddaffa79346b536a43275&step=35&global_test_vars=YTozOntzOjIwOiJzaXRlX2NoZWNrZXJfc3VjY2VzcyI7czoxOiJOIjtzOjE2OiJjaGVja19ieF9jcm9udGFiIjtiOjA7czoxMDoibGFzdF92YWx1ZSI7czoxMToiYml0cml4Y2xvdWQiO30= HTTP/1.1" 200 947 "http://0.0.0.0/bitrix/admin/site_checker.php?lang=ru" "Mozilla/5.0 (X11; Linux x86_64) AppleWebKit/537.36 (KHTML, like Gecko) Chrome/80.0.3987.132 Safari/537.36"
172.18.0.1 - - [22/Mar/2020:12:34:48 +0000] "GET /bitrix/admin/site_checker.php?HTTP_HOST=0.0.0.0&SERVER_PORT=&HTTPS=&test_start=Y&lang=ru&sessid=ff69ec8f59eddaffa79346b536a43275&step=8&global_test_vars=YToyOntzOjIwOiJzaXRlX2NoZWNrZXJfc3VjY2VzcyI7czoxOiJZIjtzOjEwOiJsYXN0X3ZhbHVlIjtzOjA6IiI7fQ== HTTP/1.1" 200 1154 "http://0.0.0.0/bitrix/admin/site_checker.php?lang=ru" "Mozilla/5.0 (X11; Linux x86_64) AppleWebKit/537.36 (KHTML, like Gecko) Chrome/80.0.3987.132 Safari/537.36"
172.18.0.1 - - [22/Mar/2020:12:34:48 +0000] "GET /bitrix/admin/site_checker.php?HTTP_HOST=0.0.0.0&SERVER_PORT=&HTTPS=&test_start=Y&lang=ru&sessid=ff69ec8f59eddaffa79346b536a43275&step=35&global_test_vars=YTozOntzOjIwOiJzaXRlX2NoZWNrZXJfc3VjY2VzcyI7czoxOiJOIjtzOjE2OiJjaGVja19ieF9jcm9udGFiIjtiOjA7czoxMDoibGFzdF92YWx1ZSI7czoxMToiY29tcHJlc3Npb24iO30= HTTP/1.1" 200 934 "http://0.0.0.0/bitrix/admin/site_checker.php?lang=ru" "Mozilla/5.0 (X11; Linux x86_64) AppleWebKit/537.36 (KHTML, like Gecko) Chrome/80.0.3987.132 Safari/537.36"
172.18.0.1 - - [22/Mar/2020:12:34:48 +0000] "GET /bitrix/admin/site_checker.php?HTTP_HOST=0.0.0.0&SERVER_PORT=&HTTPS=&test_start=Y&lang=ru&sessid=ff69ec8f59eddaffa79346b536a43275&step=9&global_test_vars=YTozOntzOjIwOiJzaXRlX2NoZWNrZXJfc3VjY2VzcyI7czoxOiJZIjtzOjEwOiJsYXN0X3ZhbHVlIjtzOjA6IiI7czoxNjoiY2hlY2tfYnhfY3JvbnRhYiI7YjowO30= HTTP/1.1" 200 1015 "http://0.0.0.0/bitrix/admin/site_checker.php?lang=ru" "Mozilla/5.0 (X11; Linux x86_64) AppleWebKit/537.36 (KHTML, like Gecko) Chrome/80.0.3987.132 Safari/537.36"
172.18.0.1 - - [22/Mar/2020:12:34:52 +0000] "GET /bitrix/admin/site_checker.php?HTTP_HOST=0.0.0.0&SERVER_PORT=&HTTPS=&test_start=Y&lang=ru&sessid=ff69ec8f59eddaffa79346b536a43275&step=35&global_test_vars=YTozOntzOjIwOiJzaXRlX2NoZWNrZXJfc3VjY2VzcyI7czoxOiJOIjtzOjE2OiJjaGVja19ieF9jcm9udGFiIjtiOjA7czoxMDoibGFzdF92YWx1ZSI7czo0OiJmb3JtIjt9 HTTP/1.1" 200 949 "http://0.0.0.0/bitrix/admin/site_checker.php?lang=ru" "Mozilla/5.0 (X11; Linux x86_64) AppleWebKit/537.36 (KHTML, like Gecko) Chrome/80.0.3987.132 Safari/537.36"
127.0.0.1 - - [22/Mar/2020:12:34:52 +0000] "GET /bitrix/admin/site_checker.php?test_type=dbconn_test&unique_id=c370e4b2ea5a7af5ad4ac1bde890fb85 HTTP/1.1" 200 537 "-" "-"
172.18.0.1 - - [22/Mar/2020:12:34:52 +0000] "GET /bitrix/admin/site_checker.php?HTTP_HOST=0.0.0.0&SERVER_PORT=&HTTPS=&test_start=Y&lang=ru&sessid=ff69ec8f59eddaffa79346b536a43275&step=10&global_test_vars=YTozOntzOjIwOiJzaXRlX2NoZWNrZXJfc3VjY2VzcyI7czoxOiJZIjtzOjEwOiJsYXN0X3ZhbHVlIjtzOjA6IiI7czoxNjoiY2hlY2tfYnhfY3JvbnRhYiI7YjowO30= HTTP/1.1" 200 995 "http://0.0.0.0/bitrix/admin/site_checker.php?lang=ru" "Mozilla/5.0 (X11; Linux x86_64) AppleWebKit/537.36 (KHTML, like Gecko) Chrome/80.0.3987.132 Safari/537.36"
172.18.0.1 - - [22/Mar/2020:12:34:52 +0000] "GET /bitrix/admin/site_checker.php?HTTP_HOST=0.0.0.0&SERVER_PORT=&HTTPS=&test_start=Y&lang=ru&sessid=ff69ec8f59eddaffa79346b536a43275&step=35&global_test_vars=YTozOntzOjIwOiJzaXRlX2NoZWNrZXJfc3VjY2VzcyI7czoxOiJOIjtzOjE2OiJjaGVja19ieF9jcm9udGFiIjtiOjA7czoxMDoibGFzdF92YWx1ZSI7czoxNDoibWVzc2FnZXNlcnZpY2UiO30= HTTP/1.1" 200 935 "http://0.0.0.0/bitrix/admin/site_checker.php?lang=ru" "Mozilla/5.0 (X11; Linux x86_64) AppleWebKit/537.36 (KHTML, like Gecko) Chrome/80.0.3987.132 Safari/537.36"
127.0.0.1 - - [22/Mar/2020:12:34:53 +0000] "GET /bitrix/admin/site_checker.php?test_type=session_test&unique_id=c370e4b2ea5a7af5ad4ac1bde890fb85 HTTP/1.1" 200 341 "-" "-"
172.18.0.1 - - [22/Mar/2020:12:34:53 +0000] "GET /bitrix/admin/site_checker.php?HTTP_HOST=0.0.0.0&SERVER_PORT=&HTTPS=&test_start=Y&lang=ru&sessid=ff69ec8f59eddaffa79346b536a43275&step=11&global_test_vars=YTozOntzOjIwOiJzaXRlX2NoZWNrZXJfc3VjY2VzcyI7czoxOiJZIjtzOjEwOiJsYXN0X3ZhbHVlIjtzOjA6IiI7czoxNjoiY2hlY2tfYnhfY3JvbnRhYiI7YjowO30= HTTP/1.1" 200 990 "http://0.0.0.0/bitrix/admin/site_checker.php?lang=ru" "Mozilla/5.0 (X11; Linux x86_64) AppleWebKit/537.36 (KHTML, like Gecko) Chrome/80.0.3987.132 Safari/537.36"
172.18.0.1 - - [22/Mar/2020:12:34:53 +0000] "GET /bitrix/admin/site_checker.php?HTTP_HOST=0.0.0.0&SERVER_PORT=&HTTPS=&test_start=Y&lang=ru&sessid=ff69ec8f59eddaffa79346b536a43275&step=35&global_test_vars=YTozOntzOjIwOiJzaXRlX2NoZWNrZXJfc3VjY2VzcyI7czoxOiJOIjtzOjE2OiJjaGVja19ieF9jcm9udGFiIjtiOjA7czoxMDoibGFzdF92YWx1ZSI7czoyOiJ1aSI7fQ== HTTP/1.1" 200 938 "http://0.0.0.0/bitrix/admin/site_checker.php?lang=ru" "Mozilla/5.0 (X11; Linux x86_64) AppleWebKit/537.36 (KHTML, like Gecko) Chrome/80.0.3987.132 Safari/537.36"
127.0.0.1 - - [22/Mar/2020:12:34:53 +0000] "GET /bitrix/admin/site_checker.php?test_type=session_test&unique_id=c370e4b2ea5a7af5ad4ac1bde890fb85 HTTP/1.1" 200 290 "-" "-"
172.18.0.1 - - [22/Mar/2020:12:34:53 +0000] "GET /bitrix/admin/site_checker.php?HTTP_HOST=0.0.0.0&SERVER_PORT=&HTTPS=&test_start=Y&lang=ru&sessid=ff69ec8f59eddaffa79346b536a43275&step=11&global_test_vars=YTozOntzOjIwOiJzaXRlX2NoZWNrZXJfc3VjY2VzcyI7czoxOiJZIjtzOjEwOiJsYXN0X3ZhbHVlIjtzOjM2OiJQSFBTRVNTSUQ9azd0M2ZsZGNkczBzc2hwYnRxc241dWlmdDAiO3M6MTY6ImNoZWNrX2J4X2Nyb250YWIiO2I6MDt9 HTTP/1.1" 200 974 "http://0.0.0.0/bitrix/admin/site_checker.php?lang=ru" "Mozilla/5.0 (X11; Linux x86_64) AppleWebKit/537.36 (KHTML, like Gecko) Chrome/80.0.3987.132 Safari/537.36"
172.18.0.1 - - [22/Mar/2020:12:34:53 +0000] "GET /bitrix/admin/site_checker.php?HTTP_HOST=0.0.0.0&SERVER_PORT=&HTTPS=&test_start=Y&lang=ru&sessid=ff69ec8f59eddaffa79346b536a43275&step=35&global_test_vars=YTozOntzOjIwOiJzaXRlX2NoZWNrZXJfc3VjY2VzcyI7czoxOiJOIjtzOjE2OiJjaGVja19ieF9jcm9udGFiIjtiOjA7czoxMDoibGFzdF92YWx1ZSI7czo1OiJzY2FsZSI7fQ== HTTP/1.1" 200 941 "http://0.0.0.0/bitrix/admin/site_checker.php?lang=ru" "Mozilla/5.0 (X11; Linux x86_64) AppleWebKit/537.36 (KHTML, like Gecko) Chrome/80.0.3987.132 Safari/537.36"
172.18.0.1 - - [22/Mar/2020:12:34:53 +0000] "GET /bitrix/admin/site_checker.php?HTTP_HOST=0.0.0.0&SERVER_PORT=&HTTPS=&test_start=Y&lang=ru&sessid=ff69ec8f59eddaffa79346b536a43275&step=12&global_test_vars=YTozOntzOjIwOiJzaXRlX2NoZWNrZXJfc3VjY2VzcyI7czoxOiJZIjtzOjEwOiJsYXN0X3ZhbHVlIjtzOjA6IiI7czoxNjoiY2hlY2tfYnhfY3JvbnRhYiI7YjowO30= HTTP/1.1" 200 964 "http://0.0.0.0/bitrix/admin/site_checker.php?lang=ru" "Mozilla/5.0 (X11; Linux x86_64) AppleWebKit/537.36 (KHTML, like Gecko) Chrome/80.0.3987.132 Safari/537.36"
172.18.0.1 - - [22/Mar/2020:12:34:56 +0000] "GET /bitrix/admin/site_checker.php?HTTP_HOST=0.0.0.0&SERVER_PORT=&HTTPS=&test_start=Y&lang=ru&sessid=ff69ec8f59eddaffa79346b536a43275&step=35&global_test_vars=YTozOntzOjIwOiJzaXRlX2NoZWNrZXJfc3VjY2VzcyI7czoxOiJOIjtzOjE2OiJjaGVja19ieF9jcm9udGFiIjtiOjA7czoxMDoibGFzdF92YWx1ZSI7czo5OiJ0cmFuc2xhdGUiO30= HTTP/1.1" 200 933 "http://0.0.0.0/bitrix/admin/site_checker.php?lang=ru" "Mozilla/5.0 (X11; Linux x86_64) AppleWebKit/537.36 (KHTML, like Gecko) Chrome/80.0.3987.132 Safari/537.36"
172.18.0.1 - - [22/Mar/2020:12:34:56 +0000] "GET /bitrix/admin/site_checker.php?HTTP_HOST=0.0.0.0&SERVER_PORT=&HTTPS=&test_start=Y&lang=ru&sessid=ff69ec8f59eddaffa79346b536a43275&step=13&global_test_vars=YTozOntzOjIwOiJzaXRlX2NoZWNrZXJfc3VjY2VzcyI7czoxOiJZIjtzOjEwOiJsYXN0X3ZhbHVlIjtzOjA6IiI7czoxNjoiY2hlY2tfYnhfY3JvbnRhYiI7YjowO30= HTTP/1.1" 200 988 "http://0.0.0.0/bitrix/admin/site_checker.php?lang=ru" "Mozilla/5.0 (X11; Linux x86_64) AppleWebKit/537.36 (KHTML, like Gecko) Chrome/80.0.3987.132 Safari/537.36"
172.18.0.1 - - [22/Mar/2020:12:34:56 +0000] "GET /bitrix/admin/site_checker.php?lang=ru HTTP/1.1" 200 43249 "http://0.0.0.0/bitrix/admin/site_checker.php?lang=ru" "Mozilla/5.0 (X11; Linux x86_64) AppleWebKit/537.36 (KHTML, like Gecko) Chrome/80.0.3987.132 Safari/537.36"
172.18.0.1 - - [22/Mar/2020:12:35:20 +0000] "GET /bitrix/admin/site_checker.php?HTTP_HOST=0.0.0.0&SERVER_PORT=&HTTPS=&test_start=Y&lang=ru&sessid=ff69ec8f59eddaffa79346b536a43275&step=35&global_test_vars=YTozOntzOjIwOiJzaXRlX2NoZWNrZXJfc3VjY2VzcyI7czoxOiJOIjtzOjE2OiJjaGVja19ieF9jcm9udGFiIjtiOjA7czoxMDoibGFzdF92YWx1ZSI7czo0OiJtYWluIjt9 HTTP/1.1" 200 821 "http://0.0.0.0/bitrix/admin/site_checker.php?lang=ru" "Mozilla/5.0 (X11; Linux x86_64) AppleWebKit/537.36 (KHTML, like Gecko) Chrome/80.0.3987.132 Safari/537.36"
172.18.0.1 - - [22/Mar/2020:12:35:21 +0000] "GET /bitrix/themes/.default/compatible.css?15848628102827 HTTP/1.1" 200 1007 "http://0.0.0.0/bitrix/admin/site_checker.php?lang=ru" "Mozilla/5.0 (X11; Linux x86_64) AppleWebKit/537.36 (KHTML, like Gecko) Chrome/80.0.3987.132 Safari/537.36"
127.0.0.1 - - [22/Mar/2020:12:35:21 +0000] "GET /bitrix/admin/site_checker.php?test_type=pcre_recursion_test&unique_id=c370e4b2ea5a7af5ad4ac1bde890fb85 HTTP/1.1" 200 178 "-" "-"
172.18.0.1 - - [22/Mar/2020:12:35:21 +0000] "GET /bitrix/panel/main/adminstyles_fixed.css?158486281421451 HTTP/1.1" 200 4400 "http://0.0.0.0/bitrix/admin/site_checker.php?lang=ru" "Mozilla/5.0 (X11; Linux x86_64) AppleWebKit/537.36 (KHTML, like Gecko) Chrome/80.0.3987.132 Safari/537.36"
172.18.0.1 - - [22/Mar/2020:12:35:20 +0000] "GET /bitrix/admin/site_checker.php?HTTP_HOST=0.0.0.0&SERVER_PORT=&HTTPS=&test_start=Y&lang=ru&sessid=ff69ec8f59eddaffa79346b536a43275&step=14&global_test_vars=YTozOntzOjIwOiJzaXRlX2NoZWNrZXJfc3VjY2VzcyI7czoxOiJZIjtzOjEwOiJsYXN0X3ZhbHVlIjtzOjA6IiI7czoxNjoiY2hlY2tfYnhfY3JvbnRhYiI7YjowO30= HTTP/1.1" 200 1052 "http://0.0.0.0/bitrix/admin/site_checker.php?lang=ru" "Mozilla/5.0 (X11; Linux x86_64) AppleWebKit/537.36 (KHTML, like Gecko) Chrome/80.0.3987.132 Safari/537.36"
172.18.0.1 - - [22/Mar/2020:12:35:21 +0000] "GET /bitrix/panel/main/admin.css?1584862813115531 HTTP/1.1" 200 21886 "http://0.0.0.0/bitrix/admin/site_checker.php?lang=ru" "Mozilla/5.0 (X11; Linux x86_64) AppleWebKit/537.36 (KHTML, like Gecko) Chrome/80.0.3987.132 Safari/537.36"
172.18.0.1 - - [22/Mar/2020:12:35:21 +0000] "GET /bitrix/panel/main/hot_keys.css?15848628133558 HTTP/1.1" 200 1071 "http://0.0.0.0/bitrix/admin/site_checker.php?lang=ru" "Mozilla/5.0 (X11; Linux x86_64) AppleWebKit/537.36 (KHTML, like Gecko) Chrome/80.0.3987.132 Safari/537.36"
172.18.0.1 - - [22/Mar/2020:12:35:21 +0000] "GET /bitrix/js/main/core/css/core.css?15848628083963 HTTP/1.1" 200 1733 "http://0.0.0.0/bitrix/admin/site_checker.php?lang=ru" "Mozilla/5.0 (X11; Linux x86_64) AppleWebKit/537.36 (KHTML, like Gecko) Chrome/80.0.3987.132 Safari/537.36"
